Archive member included to satisfy reference by file (symbol)

app/libapp.a(main.c.obj)      (--whole-archive)
app/libapp.a(flash_map_extended.c.obj)
                              (--whole-archive)
app/libapp.a(os.c.obj)        (--whole-archive)
app/libapp.a(keys.c.obj)      (--whole-archive)
app/libapp.a(boot_serial_extensions.c.obj)
                              (--whole-archive)
app/libapp.a(image_validate.c.obj)
                              (--whole-archive)
app/libapp.a(tlv.c.obj)       (--whole-archive)
app/libapp.a(encrypted.c.obj)
                              (--whole-archive)
app/libapp.a(image_rsa.c.obj)
                              (--whole-archive)
app/libapp.a(image_ec256.c.obj)
                              (--whole-archive)
app/libapp.a(image_ed25519.c.obj)
                              (--whole-archive)
app/libapp.a(bootutil_misc.c.obj)
                              (--whole-archive)
app/libapp.a(fault_injection_hardening.c.obj)
                              (--whole-archive)
app/libapp.a(loader.c.obj)    (--whole-archive)
app/libapp.a(swap_misc.c.obj)
                              (--whole-archive)
app/libapp.a(swap_scratch.c.obj)
                              (--whole-archive)
app/libapp.a(swap_move.c.obj)
                              (--whole-archive)
app/libapp.a(caps.c.obj)      (--whole-archive)
app/libapp.a(autogen-pubkey.c.obj)
                              (--whole-archive)
app/libapp.a(arm_cleanup.c.obj)
                              (--whole-archive)
app/libapp.a(nrf_cleanup.c.obj)
                              (--whole-archive)
zephyr/libzephyr.a(base64.c.obj)
                              (--whole-archive)
zephyr/libzephyr.a(cbprintf_packaged.c.obj)
                              (--whole-archive)
zephyr/libzephyr.a(dec.c.obj)
                              (--whole-archive)
zephyr/libzephyr.a(fdtable.c.obj)
                              (--whole-archive)
zephyr/libzephyr.a(hex.c.obj)
                              (--whole-archive)
zephyr/libzephyr.a(printk.c.obj)
                              (--whole-archive)
zephyr/libzephyr.a(rb.c.obj)  (--whole-archive)
zephyr/libzephyr.a(sem.c.obj)
                              (--whole-archive)
zephyr/libzephyr.a(thread_entry.c.obj)
                              (--whole-archive)
zephyr/libzephyr.a(timeutil.c.obj)
                              (--whole-archive)
zephyr/libzephyr.a(heap.c.obj)
                              (--whole-archive)
zephyr/libzephyr.a(heap-validate.c.obj)
                              (--whole-archive)
zephyr/libzephyr.a(bitarray.c.obj)
                              (--whole-archive)
zephyr/libzephyr.a(multi_heap.c.obj)
                              (--whole-archive)
zephyr/libzephyr.a(onoff.c.obj)
                              (--whole-archive)
zephyr/libzephyr.a(notify.c.obj)
                              (--whole-archive)
zephyr/libzephyr.a(crc32c_sw.c.obj)
                              (--whole-archive)
zephyr/libzephyr.a(crc32_sw.c.obj)
                              (--whole-archive)
zephyr/libzephyr.a(crc16_sw.c.obj)
                              (--whole-archive)
zephyr/libzephyr.a(crc8_sw.c.obj)
                              (--whole-archive)
zephyr/libzephyr.a(crc7_sw.c.obj)
                              (--whole-archive)
zephyr/libzephyr.a(cbprintf_nano.c.obj)
                              (--whole-archive)
zephyr/libzephyr.a(cbprintf.c.obj)
                              (--whole-archive)
zephyr/libzephyr.a(ring_buffer.c.obj)
                              (--whole-archive)
zephyr/libzephyr.a(assert.c.obj)
                              (--whole-archive)
zephyr/libzephyr.a(reboot.c.obj)
                              (--whole-archive)
zephyr/libzephyr.a(configs.c.obj)
                              (--whole-archive)
zephyr/libzephyr.a(soc.c.obj)
                              (--whole-archive)
zephyr/libzephyr.a(soc_nrf_common.S.obj)
                              (--whole-archive)
zephyr/libzephyr.a(validate_base_addresses.c.obj)
                              (--whole-archive)
zephyr/libzephyr.a(validate_enabled_instances.c.obj)
                              (--whole-archive)
zephyr/libzephyr.a(usb_device.c.obj)
                              (--whole-archive)
zephyr/libzephyr.a(usb_descriptor.c.obj)
                              (--whole-archive)
zephyr/libzephyr.a(usb_transfer.c.obj)
                              (--whole-archive)
zephyr/libzephyr.a(cdc_acm.c.obj)
                              (--whole-archive)
zephyr/libzephyr.a(usb_work_q.c.obj)
                              (--whole-archive)
zephyr/libzephyr.a(flash_map.c.obj)
                              (--whole-archive)
zephyr/libzephyr.a(flash_map_layout.c.obj)
                              (--whole-archive)
zephyr/libzephyr.a(tracing_none.c.obj)
                              (--whole-archive)
zephyr/libzephyr.a(flash_map_partition_manager.c.obj)
                              (--whole-archive)
[...]
Memory Configuration

Name             Origin             Length             Attributes
FLASH            0x0000000000000000 0x0000000000010000 xr
RAM              0x0000000020002000 0x000000000007e000 xw
IDT_LIST         0x00000000fffff7ff 0x0000000000000800 xw
*default*        0x0000000000000000 0xffffffffffffffff

Linker script and memory map

LOAD zephyr/CMakeFiles/zephyr_pre0.dir/misc/empty_file.c.obj
LOAD zephyr/CMakeFiles/offsets.dir/./arch/arm/core/offsets/offsets.c.obj
                0x0000000000000020                _region_min_align = 0x20

.rel.plt        0x0000000000000000        0x0
 *(SORT_BY_ALIGNMENT(.rel.plt))
                [!provide]                        PROVIDE (__rel_iplt_start = .)
 *(SORT_BY_ALIGNMENT(.rel.iplt))
 .rel.iplt      0x0000000000000000        0x0 app/libapp.a(main.c.obj)
                [!provide]                        PROVIDE (__rel_iplt_end = .)

.rela.plt       0x0000000000000000        0x0
 *(SORT_BY_ALIGNMENT(.rela.plt))
                [!provide]                        PROVIDE (__rela_iplt_start = .)
 *(SORT_BY_ALIGNMENT(.rela.iplt))
                [!provide]                        PROVIDE (__rela_iplt_end = .)

.rel.dyn
 *(SORT_BY_ALIGNMENT(.rel.*))

.rela.dyn
 *(SORT_BY_ALIGNMENT(.rela.*))

/DISCARD/
 *(SORT_BY_ALIGNMENT(.plt))

/DISCARD/
 *(SORT_BY_ALIGNMENT(.iplt))
                0x0000000000000000                __rom_region_start = 0x0

rom_start       0x0000000000000000      0x154
                0x0000000000000000                . = 0x0
                0x0000000000000000                . = ALIGN (0x4)
                0x0000000000000000                . = ALIGN (0x80)
                0x0000000000000000                . = ALIGN (0x200)
                0x0000000000000000                _vector_start = .
 *(SORT_BY_ALIGNMENT(.exc_vector_table))
 *(SORT_BY_ALIGNMENT(.exc_vector_table.*))
 .exc_vector_table._vector_table_section
                0x0000000000000000       0x40 zephyr/arch/arch/arm/core/aarch32/cortex_m/libarch__arm__core__aarch32__cortex_m.a(vector_table.S.obj)
                0x0000000000000000                _vector_table
 *(SORT_BY_ALIGNMENT(.vectors))
                0x0000000000000154                _vector_end = .
                0x0000000000000040                . = ALIGN (0x4)
 *(SORT_BY_ALIGNMENT(.gnu.linkonce.irq_vector_table*))
 .gnu.linkonce.irq_vector_table
                0x0000000000000040      0x114 zephyr/arch/common/libisr_tables.a(isr_tables.c.obj)
                0x0000000000000040                _irq_vector_table
                0x0000000000000154                _vector_end = .

text            0x0000000000000154     0xe3e4
                0x0000000000000154                __text_region_start = .
 *(SORT_BY_ALIGNMENT(.text))
 .text          0x0000000000000154       0x30 /Users/pierre.urtado/.local/opt/zephyr-sdk-0.17.1/arm-zephyr-eabi/bin/../lib/gcc/arm-zephyr-eabi/12.2.0/thumb/v8-m.main/nofp/libgcc.a(_aeabi_uldivmod.o)
                0x0000000000000154                __aeabi_uldivmod
 .text          0x0000000000000184        0x4 /Users/pierre.urtado/.local/opt/zephyr-sdk-0.17.1/arm-zephyr-eabi/bin/../lib/gcc/arm-zephyr-eabi/12.2.0/thumb/v8-m.main/nofp/libgcc.a(_dvmd_tls.o)
                0x0000000000000184                __aeabi_ldiv0
                0x0000000000000184                __aeabi_idiv0
 .text          0x0000000000000188      0x29c /Users/pierre.urtado/.local/opt/zephyr-sdk-0.17.1/arm-zephyr-eabi/bin/../lib/gcc/arm-zephyr-eabi/12.2.0/thumb/v8-m.main/nofp/libgcc.a(_udivmoddi4.o)
                0x0000000000000188                __udivmoddi4
 *(SORT_BY_ALIGNMENT(.text.*))
 .text.main     0x0000000000000424      0x120 app/libapp.a(main.c.obj)
                0x0000000000000424                main
 .text.flash_area_id_from_direct_image
                0x0000000000000544       0x14 app/libapp.a(flash_map_extended.c.obj)
                0x0000000000000544                flash_area_id_from_direct_image
 .text.flash_area_sector_from_off
                0x0000000000000558       0x20 app/libapp.a(flash_map_extended.c.obj)
                0x0000000000000558                flash_area_sector_from_off
 .text.os_heap_init
                0x0000000000000578       0x10 app/libapp.a(os.c.obj)
                0x0000000000000578                os_heap_init
 .text.bs_peruser_system_specific
                0x0000000000000588       0x88 app/libapp.a(boot_serial_extensions.c.obj)
                0x0000000000000588                bs_peruser_system_specific
 .text.bootutil_img_validate
                0x0000000000000610      0x1fc app/libapp.a(image_validate.c.obj)
                0x0000000000000610                bootutil_img_validate
 .text.bootutil_verify_sig
                0x000000000000080c      0x1c0 app/libapp.a(image_rsa.c.obj)
                0x000000000000080c                bootutil_verify_sig
 .text.boot_validate_slot.isra.0
                0x00000000000009cc      0x178 app/libapp.a(loader.c.obj)
 .text.boot_copy_region
                0x0000000000000b44       0xac app/libapp.a(loader.c.obj)
                0x0000000000000b44                boot_copy_region
 .text.context_boot_go
                0x0000000000000bf0      0x654 app/libapp.a(loader.c.obj)
                0x0000000000000bf0                context_boot_go
 .text.boot_go  0x0000000000001244       0x20 app/libapp.a(loader.c.obj)
                0x0000000000001244                boot_go
 .text.cleanup_arm_nvic
                0x0000000000001264       0x38 app/libapp.a(arm_cleanup.c.obj)
                0x0000000000001264                cleanup_arm_nvic
 .text.nrf_cleanup_peripheral
                0x000000000000129c       0x90 app/libapp.a(nrf_cleanup.c.obj)
                0x000000000000129c                nrf_cleanup_peripheral
 .text.base64_encode
                0x000000000000132c       0xfc zephyr/libzephyr.a(base64.c.obj)
                0x000000000000132c                base64_encode
 .text.base64_decode
                0x0000000000001428      0x140 zephyr/libzephyr.a(base64.c.obj)
                0x0000000000001428                base64_decode
 .text.process_event
                0x0000000000001568      0x21c zephyr/libzephyr.a(onoff.c.obj)
 .text.z_cbvprintf_impl
                0x0000000000001784      0x448 zephyr/libzephyr.a(cbprintf_nano.c.obj)
                0x0000000000001784                z_cbvprintf_impl
 .text.nrf_gpio_pin_control_select.constprop.0
                0x0000000000001bcc       0x1c zephyr/libzephyr.a(soc.c.obj)
 .text.nordicsemi_nrf53_init
                0x0000000000001be8       0x90 zephyr/libzephyr.a(soc.c.obj)
 .text.z_arm_on_enter_cpu_idle
                0x0000000000001c78       0x74 zephyr/libzephyr.a(soc.c.obj)
                0x0000000000001c78                z_arm_on_enter_cpu_idle
 .text.arch_busy_wait
                0x0000000000001cec       0x24 zephyr/libzephyr.a(soc.c.obj)
                0x0000000000001cec                arch_busy_wait
 .text.z_arm_platform_init
                0x0000000000001d10        0x4 zephyr/libzephyr.a(soc_nrf_common.S.obj)
                0x0000000000001d10                z_arm_platform_init
 .text.class_handler
                0x0000000000001d14       0x40 zephyr/libzephyr.a(usb_device.c.obj)
 .text.custom_handler
                0x0000000000001d54       0x60 zephyr/libzephyr.a(usb_device.c.obj)
 .text.vendor_handler
                0x0000000000001db4       0x3c zephyr/libzephyr.a(usb_device.c.obj)
 .text.disable_endpoint
                0x0000000000001df0       0x2c zephyr/libzephyr.a(usb_device.c.obj)
 .text.usb_reset_alt_setting
                0x0000000000001e1c       0x10 zephyr/libzephyr.a(usb_device.c.obj)
 .text.is_ep_valid.part.0
                0x0000000000001e2c       0x38 zephyr/libzephyr.a(usb_device.c.obj)
 .text.usb_handle_request.constprop.0
                0x0000000000001e64       0x2c zephyr/libzephyr.a(usb_device.c.obj)
 .text.forward_status_cb
                0x0000000000001e90       0xc0 zephyr/libzephyr.a(usb_device.c.obj)
 .text.usb_halt_endpoint_req.isra.0
                0x0000000000001f50       0x50 zephyr/libzephyr.a(usb_device.c.obj)
 .text.set_endpoint
                0x0000000000001fa0       0x80 zephyr/libzephyr.a(usb_device.c.obj)
 .text.usb_handle_standard_request
                0x0000000000002020      0x29c zephyr/libzephyr.a(usb_device.c.obj)
 .text.usb_disable
                0x00000000000022bc       0x60 zephyr/libzephyr.a(usb_device.c.obj)
                0x00000000000022bc                usb_disable
 .text.usb_data_to_host
                0x000000000000231c       0x54 zephyr/libzephyr.a(usb_device.c.obj)
 .text.usb_handle_control_transfer
                0x0000000000002370       0xdc zephyr/libzephyr.a(usb_device.c.obj)
 .text.usb_set_config
                0x000000000000244c       0x2c zephyr/libzephyr.a(usb_device.c.obj)
                0x000000000000244c                usb_set_config
 .text.usb_device_init
                0x0000000000002478       0x28 zephyr/libzephyr.a(usb_device.c.obj)
 .text.usb_enable
                0x00000000000024a0      0x10c zephyr/libzephyr.a(usb_device.c.obj)
                0x00000000000024a0                usb_enable
 .text.usb_update_sn_string_descriptor
                0x00000000000025ac       0x88 zephyr/libzephyr.a(usb_descriptor.c.obj)
                0x00000000000025ac                usb_update_sn_string_descriptor
 .text.usb_get_device_descriptor
                0x0000000000002634      0x1a8 zephyr/libzephyr.a(usb_descriptor.c.obj)
                0x0000000000002634                usb_get_device_descriptor
 .text.usb_ep_get_transfer
                0x00000000000027dc       0x2c zephyr/libzephyr.a(usb_transfer.c.obj)
 .text.usb_transfer_work
                0x0000000000002808      0x110 zephyr/libzephyr.a(usb_transfer.c.obj)
 .text.usb_transfer_ep_callback
                0x0000000000002918       0x5c zephyr/libzephyr.a(usb_transfer.c.obj)
                0x0000000000002918                usb_transfer_ep_callback
 .text.usb_transfer
                0x0000000000002974       0xe4 zephyr/libzephyr.a(usb_transfer.c.obj)
                0x0000000000002974                usb_transfer
 .text.usb_cancel_transfer
                0x0000000000002a58       0x3c zephyr/libzephyr.a(usb_transfer.c.obj)
                0x0000000000002a58                usb_cancel_transfer
 .text.usb_cancel_transfers
                0x0000000000002a94       0x48 zephyr/libzephyr.a(usb_transfer.c.obj)
                0x0000000000002a94                usb_cancel_transfers
 .text.usb_transfer_init
                0x0000000000002adc       0x34 zephyr/libzephyr.a(usb_transfer.c.obj)
                0x0000000000002adc                usb_transfer_init
 .text.cdc_acm_class_handle_req
                0x0000000000002b10       0x58 zephyr/libzephyr.a(cdc_acm.c.obj)
                0x0000000000002b10                cdc_acm_class_handle_req
 .text.cdc_acm_int_in
                0x0000000000002b68       0x18 zephyr/libzephyr.a(cdc_acm.c.obj)
 .text.cdc_acm_irq_rx_enable
                0x0000000000002b80       0x20 zephyr/libzephyr.a(cdc_acm.c.obj)
 .text.cdc_acm_irq_tx_enable
                0x0000000000002ba0       0x20 zephyr/libzephyr.a(cdc_acm.c.obj)
 .text.cdc_acm_reset_port
                0x0000000000002bc0       0x38 zephyr/libzephyr.a(cdc_acm.c.obj)
 .text.cdc_acm_fifo_fill
                0x0000000000002bf8       0x34 zephyr/libzephyr.a(cdc_acm.c.obj)
 .text.cdc_acm_poll_out
                0x0000000000002c2c       0x58 zephyr/libzephyr.a(cdc_acm.c.obj)
 .text.tx_work_handler
                0x0000000000002c84       0x58 zephyr/libzephyr.a(cdc_acm.c.obj)
 .text.cdc_acm_write_cb
                0x0000000000002cdc       0x3c zephyr/libzephyr.a(cdc_acm.c.obj)
 .text.cdc_acm_init
                0x0000000000002d18       0x48 zephyr/libzephyr.a(cdc_acm.c.obj)
 .text.cdc_acm_send_notification.isra.0
                0x0000000000002d60       0x44 zephyr/libzephyr.a(cdc_acm.c.obj)
 .text.cdc_acm_read_cb
                0x0000000000002da4       0x68 zephyr/libzephyr.a(cdc_acm.c.obj)
 .text.cdc_acm_dev_status_cb
                0x0000000000002e0c       0xa0 zephyr/libzephyr.a(cdc_acm.c.obj)
 .text.z_usb_work_q_init
                0x0000000000002eac       0x34 zephyr/libzephyr.a(usb_work_q.c.obj)
 .text.flash_area_open
                0x0000000000002ee0       0x50 zephyr/libzephyr.a(flash_map.c.obj)
                0x0000000000002ee0                flash_area_open
 .text.flash_area_get_sectors
                0x0000000000002f30       0x60 zephyr/libzephyr.a(flash_map_layout.c.obj)
                0x0000000000002f30                flash_area_get_sectors
 .text.nrf_cc3xx_platform_abort_init
                0x0000000000002f90        0xc zephyr/libzephyr.a(nrf_cc3xx_platform_abort_zephyr.c.obj)
                0x0000000000002f90                nrf_cc3xx_platform_abort_init
 .text.mutex_free_platform
                0x0000000000002f9c       0x54 zephyr/libzephyr.a(nrf_cc3xx_platform_mutex_zephyr.c.obj)
 .text.mutex_lock_platform
                0x0000000000002ff0       0x74 zephyr/libzephyr.a(nrf_cc3xx_platform_mutex_zephyr.c.obj)
 .text.mutex_unlock_platform
                0x0000000000003064       0x68 zephyr/libzephyr.a(nrf_cc3xx_platform_mutex_zephyr.c.obj)
 .text.mutex_init_platform
                0x00000000000030cc       0x94 zephyr/libzephyr.a(nrf_cc3xx_platform_mutex_zephyr.c.obj)
 .text.nrf_cc3xx_platform_mutex_init
                0x0000000000003160       0x2c zephyr/libzephyr.a(nrf_cc3xx_platform_mutex_zephyr.c.obj)
                0x0000000000003160                nrf_cc3xx_platform_mutex_init
 .text.boot_uart_fifo_callback
                0x000000000000318c       0xa4 zephyr/libzephyr.a(serial_adapter.c.obj)
 .text.console_out
                0x0000000000003230       0x18 zephyr/libzephyr.a(serial_adapter.c.obj)
                0x0000000000003230                console_out
 .text.console_read
                0x0000000000003248       0x94 zephyr/libzephyr.a(serial_adapter.c.obj)
                0x0000000000003248                console_read
 .text.boot_console_init
                0x00000000000032dc       0xa0 zephyr/libzephyr.a(serial_adapter.c.obj)
                0x00000000000032dc                boot_console_init
 .text.boot_serial_output
                0x000000000000337c      0x10c zephyr/libzephyr.a(boot_serial.c.obj)
 .text.boot_serial_in_dec.constprop.0
                0x0000000000003488       0x68 zephyr/libzephyr.a(boot_serial.c.obj)
 .text.zcbor_tstr_encode_ptr.constprop.0.isra.0
                0x00000000000034f0       0x18 zephyr/libzephyr.a(boot_serial.c.obj)
 .text.bs_rc_rsp
                0x0000000000003508       0x38 zephyr/libzephyr.a(boot_serial.c.obj)
 .text.reset_cbor_state
                0x0000000000003540       0x24 zephyr/libzephyr.a(boot_serial.c.obj)
                0x0000000000003540                reset_cbor_state
 .text.boot_serial_input
                0x0000000000003564      0x434 zephyr/libzephyr.a(boot_serial.c.obj)
                0x0000000000003564                boot_serial_input
 .text.boot_serial_start
                0x0000000000003998       0xe4 zephyr/libzephyr.a(boot_serial.c.obj)
                0x0000000000003998                boot_serial_start
 .text.decode_repeated_Upload_members
                0x0000000000003a7c       0xf8 zephyr/libzephyr.a(serial_recovery_cbor.c.obj)
 .text.cbor_decode_Upload
                0x0000000000003b74       0x80 zephyr/libzephyr.a(serial_recovery_cbor.c.obj)
                0x0000000000003b74                cbor_decode_Upload
 .text.get_result_len
                0x0000000000003bf4       0x34 zephyr/libzephyr.a(zcbor_encode.c.obj)
 .text.value_encode
                0x0000000000003c28       0x90 zephyr/libzephyr.a(zcbor_encode.c.obj)
 .text.z_arm_cpu_idle_init
                0x0000000000003cb8        0xc zephyr/arch/arch/arm/core/aarch32/libarch__arm__core__aarch32.a(cpu_idle.S.obj)
                0x0000000000003cb8                z_arm_cpu_idle_init
 .text.arch_cpu_idle
                0x0000000000003cc4       0x28 zephyr/arch/arch/arm/core/aarch32/libarch__arm__core__aarch32.a(cpu_idle.S.obj)
                0x0000000000003cc4                arch_cpu_idle
 .text.arch_cpu_atomic_idle
                0x0000000000003cec       0x24 zephyr/arch/arch/arm/core/aarch32/libarch__arm__core__aarch32.a(cpu_idle.S.obj)
                0x0000000000003cec                arch_cpu_atomic_idle
 .text.arch_irq_enable
                0x0000000000003d10       0x1c zephyr/arch/arch/arm/core/aarch32/libarch__arm__core__aarch32.a(irq_manage.c.obj)
                0x0000000000003d10                arch_irq_enable
 .text.arch_irq_disable
                0x0000000000003d2c       0x28 zephyr/arch/arch/arm/core/aarch32/libarch__arm__core__aarch32.a(irq_manage.c.obj)
                0x0000000000003d2c                arch_irq_disable
 .text.arch_irq_is_enabled
                0x0000000000003d54       0x1c zephyr/arch/arch/arm/core/aarch32/libarch__arm__core__aarch32.a(irq_manage.c.obj)
                0x0000000000003d54                arch_irq_is_enabled
 .text.z_arm_irq_priority_set
                0x0000000000003d70       0x2c zephyr/arch/arch/arm/core/aarch32/libarch__arm__core__aarch32.a(irq_manage.c.obj)
                0x0000000000003d70                z_arm_irq_priority_set
 .text.z_SysNmiOnReset
                0x0000000000003d9c        0x8 zephyr/arch/arch/arm/core/aarch32/libarch__arm__core__aarch32.a(nmi_on_reset.S.obj)
                0x0000000000003d9c                z_SysNmiOnReset
 .text.z_arm_prep_c
                0x0000000000003da4       0x38 zephyr/arch/arch/arm/core/aarch32/libarch__arm__core__aarch32.a(prep_c.c.obj)
                0x0000000000003da4                z_arm_prep_c
 .text.arch_swap
                0x0000000000003ddc       0x34 zephyr/arch/arch/arm/core/aarch32/libarch__arm__core__aarch32.a(swap.c.obj)
                0x0000000000003ddc                arch_swap
 .text.z_arm_pendsv
                0x0000000000003e10       0x58 zephyr/arch/arch/arm/core/aarch32/libarch__arm__core__aarch32.a(swap_helper.S.obj)
                0x0000000000003e10                z_arm_pendsv
 .text.z_arm_svc
                0x0000000000003e68       0x20 zephyr/arch/arch/arm/core/aarch32/libarch__arm__core__aarch32.a(swap_helper.S.obj)
                0x0000000000003e68                z_arm_svc
 .text.arch_new_thread
                0x0000000000003e88       0x38 zephyr/arch/arch/arm/core/aarch32/libarch__arm__core__aarch32.a(thread.c.obj)
                0x0000000000003e88                arch_new_thread
 .text.arch_switch_to_main_thread
                0x0000000000003ec0       0x28 zephyr/arch/arch/arm/core/aarch32/libarch__arm__core__aarch32.a(thread.c.obj)
                0x0000000000003ec0                arch_switch_to_main_thread
 .text._isr_wrapper
                0x0000000000003ee8       0x28 zephyr/arch/arch/arm/core/aarch32/libarch__arm__core__aarch32.a(isr_wrapper.S.obj)
                0x0000000000003ee8                _isr_wrapper
 .text._HandlerModeExit
                0x0000000000003f10       0x1c zephyr/arch/arch/arm/core/aarch32/cortex_m/libarch__arm__core__aarch32__cortex_m.a(exc_exit.S.obj)
                0x0000000000003f10                z_arm_exc_exit
                0x0000000000003f10                z_arm_int_exit
 .text.usage_fault.constprop.0
                0x0000000000003f2c       0x28 zephyr/arch/arch/arm/core/aarch32/cortex_m/libarch__arm__core__aarch32__cortex_m.a(fault.c.obj)
 .text.bus_fault.constprop.0
                0x0000000000003f54       0x3c zephyr/arch/arch/arm/core/aarch32/cortex_m/libarch__arm__core__aarch32__cortex_m.a(fault.c.obj)
 .text.mem_manage_fault.constprop.0
                0x0000000000003f90       0x50 zephyr/arch/arch/arm/core/aarch32/cortex_m/libarch__arm__core__aarch32__cortex_m.a(fault.c.obj)
 .text.z_arm_fault
                0x0000000000003fe0      0x118 zephyr/arch/arch/arm/core/aarch32/cortex_m/libarch__arm__core__aarch32__cortex_m.a(fault.c.obj)
                0x0000000000003fe0                z_arm_fault
 .text.z_arm_fault_init
                0x00000000000040f8       0x18 zephyr/arch/arch/arm/core/aarch32/cortex_m/libarch__arm__core__aarch32__cortex_m.a(fault.c.obj)
                0x00000000000040f8                z_arm_fault_init
 .text.__fault  0x0000000000004110       0x14 zephyr/arch/arch/arm/core/aarch32/cortex_m/libarch__arm__core__aarch32__cortex_m.a(fault_s.S.obj)
                0x0000000000004110                z_arm_bus_fault
                0x0000000000004110                z_arm_usage_fault
                0x0000000000004110                z_arm_mpu_fault
                0x0000000000004110                z_arm_exc_spurious
                0x0000000000004110                z_arm_debug_monitor
                0x0000000000004110                z_arm_hard_fault
 .text.z_arm_interrupt_init
                0x0000000000004124       0x18 zephyr/arch/arch/arm/core/aarch32/cortex_m/libarch__arm__core__aarch32__cortex_m.a(irq_init.c.obj)
                0x0000000000004124                z_arm_interrupt_init
 .text._reset_section
                0x000000000000413c       0x60 zephyr/arch/arch/arm/core/aarch32/cortex_m/libarch__arm__core__aarch32__cortex_m.a(reset.S.obj)
                0x000000000000413c                z_arm_reset
                0x000000000000413c                __start
 .text.sys_arch_reboot
                0x000000000000419c       0x24 zephyr/arch/arch/arm/core/aarch32/cortex_m/libarch__arm__core__aarch32__cortex_m.a(scb.c.obj)
                0x000000000000419c                sys_arch_reboot
 .text.z_arm_clear_arm_mpu_config
                0x00000000000041c0       0x24 zephyr/arch/arch/arm/core/aarch32/cortex_m/libarch__arm__core__aarch32__cortex_m.a(scb.c.obj)
                0x00000000000041c0                z_arm_clear_arm_mpu_config
 .text.z_arm_init_arch_hw_at_boot
                0x00000000000041e4       0x4c zephyr/arch/arch/arm/core/aarch32/cortex_m/libarch__arm__core__aarch32__cortex_m.a(scb.c.obj)
                0x00000000000041e4                z_arm_init_arch_hw_at_boot
 .text.z_impl_k_thread_abort
                0x0000000000004230       0x2c zephyr/arch/arch/arm/core/aarch32/cortex_m/libarch__arm__core__aarch32__cortex_m.a(thread_abort.c.obj)
                0x0000000000004230                z_impl_k_thread_abort
 .text.z_arm_configure_static_mpu_regions
                0x000000000000425c       0x38 zephyr/arch/arch/arm/core/aarch32/mpu/libarch__arm__core__aarch32__mpu.a(arm_core_mpu.c.obj)
                0x000000000000425c                z_arm_configure_static_mpu_regions
 .text.region_init
                0x0000000000004294       0x34 zephyr/arch/arch/arm/core/aarch32/mpu/libarch__arm__core__aarch32__mpu.a(arm_mpu.c.obj)
 .text.mpu_configure_regions_and_partition.constprop.0
                0x00000000000042c8      0x14c zephyr/arch/arch/arm/core/aarch32/mpu/libarch__arm__core__aarch32__mpu.a(arm_mpu.c.obj)
 .text.arm_core_mpu_enable
                0x0000000000004414       0x18 zephyr/arch/arch/arm/core/aarch32/mpu/libarch__arm__core__aarch32__mpu.a(arm_mpu.c.obj)
                0x0000000000004414                arm_core_mpu_enable
 .text.arm_core_mpu_disable
                0x000000000000442c       0x14 zephyr/arch/arch/arm/core/aarch32/mpu/libarch__arm__core__aarch32__mpu.a(arm_mpu.c.obj)
                0x000000000000442c                arm_core_mpu_disable
 .text.arm_core_mpu_configure_static_mpu_regions
                0x0000000000004440       0x14 zephyr/arch/arch/arm/core/aarch32/mpu/libarch__arm__core__aarch32__mpu.a(arm_mpu.c.obj)
                0x0000000000004440                arm_core_mpu_configure_static_mpu_regions
 .text.arm_core_mpu_mark_areas_for_dynamic_regions
                0x0000000000004454       0xb8 zephyr/arch/arch/arm/core/aarch32/mpu/libarch__arm__core__aarch32__mpu.a(arm_mpu.c.obj)
                0x0000000000004454                arm_core_mpu_mark_areas_for_dynamic_regions
 .text.z_arm_mpu_init
                0x000000000000450c       0x4c zephyr/arch/arch/arm/core/aarch32/mpu/libarch__arm__core__aarch32__mpu.a(arm_mpu.c.obj)
                0x000000000000450c                z_arm_mpu_init
 .text.snprintf
                0x0000000000004558       0x34 zephyr/lib/libc/minimal/liblib__libc__minimal.a(sprintf.c.obj)
                0x0000000000004558                snprintf
 .text.usbd_evt_put
                0x000000000000458c        0xc zephyr/drivers/usb/device/libdrivers__usb__device.a(usb_dc_nrfx.c.obj)
 .text.usbd_work_schedule
                0x0000000000004598       0x10 zephyr/drivers/usb/device/libdrivers__usb__device.a(usb_dc_nrfx.c.obj)
 .text.endpoint_ctx
                0x00000000000045a8       0x60 zephyr/drivers/usb/device/libdrivers__usb__device.a(usb_dc_nrfx.c.obj)
 .text.usbd_evt_get
                0x0000000000004608       0x10 zephyr/drivers/usb/device/libdrivers__usb__device.a(usb_dc_nrfx.c.obj)
 .text.usbd_evt_flush
                0x0000000000004618       0x1c zephyr/drivers/usb/device/libdrivers__usb__device.a(usb_dc_nrfx.c.obj)
 .text.usbd_evt_alloc
                0x0000000000004634       0x44 zephyr/drivers/usb/device/libdrivers__usb__device.a(usb_dc_nrfx.c.obj)
 .text.submit_dc_power_event
                0x0000000000004678       0x2c zephyr/drivers/usb/device/libdrivers__usb__device.a(usb_dc_nrfx.c.obj)
 .text.usbd_event_transfer_data
                0x00000000000046a4       0xa8 zephyr/drivers/usb/device/libdrivers__usb__device.a(usb_dc_nrfx.c.obj)
 .text.usb_dc_power_event_handler
                0x000000000000474c       0x38 zephyr/drivers/usb/device/libdrivers__usb__device.a(usb_dc_nrfx.c.obj)
 .text.usb_init
                0x0000000000004784       0x80 zephyr/drivers/usb/device/libdrivers__usb__device.a(usb_dc_nrfx.c.obj)
 .text.hfxo_stop.constprop.0.isra.0
                0x0000000000004804       0x38 zephyr/drivers/usb/device/libdrivers__usb__device.a(usb_dc_nrfx.c.obj)
 .text.usbd_event_handler
                0x000000000000483c      0x11c zephyr/drivers/usb/device/libdrivers__usb__device.a(usb_dc_nrfx.c.obj)
 .text.eps_ctx_init
                0x0000000000004958       0x68 zephyr/drivers/usb/device/libdrivers__usb__device.a(usb_dc_nrfx.c.obj)
 .text.usbd_work_handler
                0x00000000000049c0      0x2dc zephyr/drivers/usb/device/libdrivers__usb__device.a(usb_dc_nrfx.c.obj)
 .text.usb_dc_attach
                0x0000000000004c9c       0x64 zephyr/drivers/usb/device/libdrivers__usb__device.a(usb_dc_nrfx.c.obj)
                0x0000000000004c9c                usb_dc_attach
 .text.usb_dc_detach
                0x0000000000004d00       0x40 zephyr/drivers/usb/device/libdrivers__usb__device.a(usb_dc_nrfx.c.obj)
                0x0000000000004d00                usb_dc_detach
 .text.usb_dc_set_address
                0x0000000000004d40       0x24 zephyr/drivers/usb/device/libdrivers__usb__device.a(usb_dc_nrfx.c.obj)
                0x0000000000004d40                usb_dc_set_address
 .text.usb_dc_ep_configure
                0x0000000000004d64       0x48 zephyr/drivers/usb/device/libdrivers__usb__device.a(usb_dc_nrfx.c.obj)
                0x0000000000004d64                usb_dc_ep_configure
 .text.usb_dc_ep_set_stall
                0x0000000000004dac       0x50 zephyr/drivers/usb/device/libdrivers__usb__device.a(usb_dc_nrfx.c.obj)
                0x0000000000004dac                usb_dc_ep_set_stall
 .text.usb_dc_ep_clear_stall
                0x0000000000004dfc       0x40 zephyr/drivers/usb/device/libdrivers__usb__device.a(usb_dc_nrfx.c.obj)
                0x0000000000004dfc                usb_dc_ep_clear_stall
 .text.usb_dc_ep_is_stalled
                0x0000000000004e3c       0x38 zephyr/drivers/usb/device/libdrivers__usb__device.a(usb_dc_nrfx.c.obj)
                0x0000000000004e3c                usb_dc_ep_is_stalled
 .text.usb_dc_ep_enable
                0x0000000000004e74       0x54 zephyr/drivers/usb/device/libdrivers__usb__device.a(usb_dc_nrfx.c.obj)
                0x0000000000004e74                usb_dc_ep_enable
 .text.usb_dc_ep_write
                0x0000000000004ec8       0xf8 zephyr/drivers/usb/device/libdrivers__usb__device.a(usb_dc_nrfx.c.obj)
                0x0000000000004ec8                usb_dc_ep_write
 .text.usb_dc_ep_read_wait
                0x0000000000004fc0       0x90 zephyr/drivers/usb/device/libdrivers__usb__device.a(usb_dc_nrfx.c.obj)
                0x0000000000004fc0                usb_dc_ep_read_wait
 .text.usb_dc_ep_read_continue
                0x0000000000005050       0x84 zephyr/drivers/usb/device/libdrivers__usb__device.a(usb_dc_nrfx.c.obj)
                0x0000000000005050                usb_dc_ep_read_continue
 .text.usb_dc_ep_set_callback
                0x00000000000050d4       0x28 zephyr/drivers/usb/device/libdrivers__usb__device.a(usb_dc_nrfx.c.obj)
                0x00000000000050d4                usb_dc_ep_set_callback
 .text.usb_dc_set_status_callback
                0x00000000000050fc        0xc zephyr/drivers/usb/device/libdrivers__usb__device.a(usb_dc_nrfx.c.obj)
                0x00000000000050fc                usb_dc_set_status_callback
 .text.usb_dc_ep_mps
                0x0000000000005108       0x24 zephyr/drivers/usb/device/libdrivers__usb__device.a(usb_dc_nrfx.c.obj)
                0x0000000000005108                usb_dc_ep_mps
 .text.onoff_stop
                0x000000000000512c       0x30 zephyr/drivers/clock_control/libdrivers__clock_control.a(clock_control_nrf.c.obj)
 .text.onoff_start
                0x000000000000515c       0x44 zephyr/drivers/clock_control/libdrivers__clock_control.a(clock_control_nrf.c.obj)
 .text.clk_init
                0x00000000000051a0       0x64 zephyr/drivers/clock_control/libdrivers__clock_control.a(clock_control_nrf.c.obj)
 .text.clkstarted_handle.constprop.0
                0x0000000000005204       0x34 zephyr/drivers/clock_control/libdrivers__clock_control.a(clock_control_nrf.c.obj)
 .text.clock_event_handler
                0x0000000000005238       0x30 zephyr/drivers/clock_control/libdrivers__clock_control.a(clock_control_nrf.c.obj)
 .text.generic_hfclk_start
                0x0000000000005268       0x64 zephyr/drivers/clock_control/libdrivers__clock_control.a(clock_control_nrf.c.obj)
 .text.api_blocking_start
                0x00000000000052cc       0x34 zephyr/drivers/clock_control/libdrivers__clock_control.a(clock_control_nrf.c.obj)
 .text.generic_hfclk_stop
                0x0000000000005300       0x34 zephyr/drivers/clock_control/libdrivers__clock_control.a(clock_control_nrf.c.obj)
 .text.z_nrf_clock_control_get_onoff
                0x0000000000005334       0x10 zephyr/drivers/clock_control/libdrivers__clock_control.a(clock_control_nrf.c.obj)
                0x0000000000005334                z_nrf_clock_control_get_onoff
 .text.z_nrf_clock_control_lf_on
                0x0000000000005344       0xfc zephyr/drivers/clock_control/libdrivers__clock_control.a(clock_control_nrf.c.obj)
                0x0000000000005344                z_nrf_clock_control_lf_on
 .text.gpio_nrfx_pin_interrupt_configure
                0x0000000000005440       0xd8 zephyr/drivers/gpio/libdrivers__gpio.a(gpio_nrfx.c.obj)
 .text.gpio_nrfx_init
                0x0000000000005518       0x38 zephyr/drivers/gpio/libdrivers__gpio.a(gpio_nrfx.c.obj)
 .text.nrfx_gpio_handler
                0x0000000000005550       0x4c zephyr/drivers/gpio/libdrivers__gpio.a(gpio_nrfx.c.obj)
 .text.gpio_nrfx_pin_configure
                0x000000000000559c      0x124 zephyr/drivers/gpio/libdrivers__gpio.a(gpio_nrfx.c.obj)
 .text.regulator_fixed_enable
                0x00000000000056c0       0x48 zephyr/drivers/regulator/libdrivers__regulator.a(regulator_fixed.c.obj)
 .text.qspi_get_zephyr_ret_code
                0x0000000000005708       0x1c zephyr/drivers/flash/libdrivers__flash.a(nrf_qspi_nor.c.obj)
 .text.qspi_nor_pages_layout
                0x0000000000005724       0x10 zephyr/drivers/flash/libdrivers__flash.a(nrf_qspi_nor.c.obj)
 .text.qspi_flash_get_parameters
                0x0000000000005734        0x8 zephyr/drivers/flash/libdrivers__flash.a(nrf_qspi_nor.c.obj)
 .text.qspi_wait_for_completion.isra.0
                0x000000000000573c       0x1c zephyr/drivers/flash/libdrivers__flash.a(nrf_qspi_nor.c.obj)
 .text.qspi_device_init
                0x0000000000005758       0x4c zephyr/drivers/flash/libdrivers__flash.a(nrf_qspi_nor.c.obj)
 .text.qspi_device_uninit
                0x00000000000057a4       0x50 zephyr/drivers/flash/libdrivers__flash.a(nrf_qspi_nor.c.obj)
 .text.qspi_nor_read
                0x00000000000057f4      0x154 zephyr/drivers/flash/libdrivers__flash.a(nrf_qspi_nor.c.obj)
 .text.qspi_nor_init
                0x0000000000005948      0x114 zephyr/drivers/flash/libdrivers__flash.a(nrf_qspi_nor.c.obj)
 .text.qspi_nor_erase
                0x0000000000005a5c       0xf4 zephyr/drivers/flash/libdrivers__flash.a(nrf_qspi_nor.c.obj)
 .text.qspi_nor_write
                0x0000000000005b50      0x120 zephyr/drivers/flash/libdrivers__flash.a(nrf_qspi_nor.c.obj)
 .text.flash_sim_page_layout
                0x0000000000005c70       0x10 zephyr/drivers/flash/libdrivers__flash.a(flash_simulator.c.obj)
 .text.flash_sim_get_parameters
                0x0000000000005c80        0x8 zephyr/drivers/flash/libdrivers__flash.a(flash_simulator.c.obj)
 .text.flash_sim_write
                0x0000000000005c88       0x78 zephyr/drivers/flash/libdrivers__flash.a(flash_simulator.c.obj)
 .text.flash_sim_read
                0x0000000000005d00       0x28 zephyr/drivers/flash/libdrivers__flash.a(flash_simulator.c.obj)
 .text.flash_sim_erase
                0x0000000000005d28       0x4c zephyr/drivers/flash/libdrivers__flash.a(flash_simulator.c.obj)
 .text.flash_init
                0x0000000000005d74       0x18 zephyr/drivers/flash/libdrivers__flash.a(flash_simulator.c.obj)
 .text.z_impl_flash_simulator_get_memory
                0x0000000000005d8c       0x10 zephyr/drivers/flash/libdrivers__flash.a(flash_simulator.c.obj)
                0x0000000000005d8c                z_impl_flash_simulator_get_memory
 .text.flash_nrf_pages_layout
                0x0000000000005d9c       0x10 zephyr/drivers/flash/libdrivers__flash.a(soc_flash_nrf.c.obj)
 .text.flash_nrf_get_parameters
                0x0000000000005dac        0x8 zephyr/drivers/flash/libdrivers__flash.a(soc_flash_nrf.c.obj)
 .text.nrf_flash_init
                0x0000000000005db4       0x28 zephyr/drivers/flash/libdrivers__flash.a(soc_flash_nrf.c.obj)
 .text.flash_nrf_erase
                0x0000000000005ddc       0x64 zephyr/drivers/flash/libdrivers__flash.a(soc_flash_nrf.c.obj)
 .text.flash_nrf_write
                0x0000000000005e40       0x98 zephyr/drivers/flash/libdrivers__flash.a(soc_flash_nrf.c.obj)
 .text.compare_int_lock
                0x0000000000005ed8       0x40 zephyr/drivers/timer/libdrivers__timer.a(nrf_rtc_timer.c.obj)
 .text.sys_clock_timeout_handler
                0x0000000000005f18       0x48 zephyr/drivers/timer/libdrivers__timer.a(nrf_rtc_timer.c.obj)
 .text.compare_int_unlock
                0x0000000000005f60       0x4c zephyr/drivers/timer/libdrivers__timer.a(nrf_rtc_timer.c.obj)
 .text.z_nrf_rtc_timer_read
                0x0000000000005fac       0x44 zephyr/drivers/timer/libdrivers__timer.a(nrf_rtc_timer.c.obj)
                0x0000000000005fac                z_nrf_rtc_timer_read
 .text.compare_set
                0x0000000000005ff0      0x114 zephyr/drivers/timer/libdrivers__timer.a(nrf_rtc_timer.c.obj)
 .text.sys_clock_driver_init
                0x0000000000006104       0x80 zephyr/drivers/timer/libdrivers__timer.a(nrf_rtc_timer.c.obj)
 .text.rtc_nrf_isr
                0x0000000000006184       0xd0 zephyr/drivers/timer/libdrivers__timer.a(nrf_rtc_timer.c.obj)
                0x0000000000006184                rtc_nrf_isr
 .text.sys_clock_set_timeout
                0x0000000000006254       0x64 zephyr/drivers/timer/libdrivers__timer.a(nrf_rtc_timer.c.obj)
                0x0000000000006254                sys_clock_set_timeout
 .text.sys_clock_elapsed
                0x00000000000062b8       0x14 zephyr/drivers/timer/libdrivers__timer.a(nrf_rtc_timer.c.obj)
                0x00000000000062b8                sys_clock_elapsed
 .text.pinctrl_configure_pins
                0x00000000000062cc      0x16c zephyr/drivers/pinctrl/libdrivers__pinctrl.a(pinctrl_nrf.c.obj)
                0x00000000000062cc                pinctrl_configure_pins
 .text.fprotect_area
                0x0000000000006438       0x3c modules/nrf/lib/fprotect/lib..__nrf__lib__fprotect.a(fprotect_spu.c.obj)
                0x0000000000006438                fprotect_area
 .text.pcd_fw_copy_status_get
                0x0000000000006474       0x24 modules/nrf/subsys/pcd/lib..__nrf__subsys__pcd.a(pcd.c.obj)
                0x0000000000006474                pcd_fw_copy_status_get
 .text.network_core_finished_check_handler
                0x0000000000006498       0x20 modules/nrf/subsys/pcd/lib..__nrf__subsys__pcd.a(pcd.c.obj)
 .text.pcd_network_core_update_initiate
                0x00000000000064b8       0x64 modules/nrf/subsys/pcd/lib..__nrf__subsys__pcd.a(pcd.c.obj)
                0x00000000000064b8                pcd_network_core_update_initiate
 .text.pcd_network_core_update
                0x000000000000651c       0x6c modules/nrf/subsys/pcd/lib..__nrf__subsys__pcd.a(pcd.c.obj)
                0x000000000000651c                pcd_network_core_update
 .text.pcd_lock_ram
                0x0000000000006588       0x10 modules/nrf/subsys/pcd/lib..__nrf__subsys__pcd.a(pcd.c.obj)
                0x0000000000006588                pcd_lock_ram
 .text.boot_read_image_header_hook
                0x0000000000006598       0x2c modules/nrf/modules/mcuboot/hooks/lib..__nrf__modules__mcuboot__hooks.a(nrf53_hooks.c.obj)
                0x0000000000006598                boot_read_image_header_hook
 .text.boot_image_check_hook
                0x00000000000065c4       0x14 modules/nrf/modules/mcuboot/hooks/lib..__nrf__modules__mcuboot__hooks.a(nrf53_hooks.c.obj)
                0x00000000000065c4                boot_image_check_hook
 .text.network_core_update
                0x00000000000065d8       0x50 modules/nrf/modules/mcuboot/hooks/lib..__nrf__modules__mcuboot__hooks.a(nrf53_hooks.c.obj)
                0x00000000000065d8                network_core_update
 .text.boot_write_magic
                0x0000000000006628       0x40 modules/mcuboot/boot/bootutil/zephyr/libmcuboot_util.a(bootutil_public.c.obj)
                0x0000000000006628                boot_write_magic
 .text.boot_read_swap_state
                0x0000000000006668       0xac modules/mcuboot/boot/bootutil/zephyr/libmcuboot_util.a(bootutil_public.c.obj)
                0x0000000000006668                boot_read_swap_state
 .text.boot_swap_type_multi
                0x0000000000006714       0xcc modules/mcuboot/boot/bootutil/zephyr/libmcuboot_util.a(bootutil_public.c.obj)
                0x0000000000006714                boot_swap_type_multi
 .text.verify_header
                0x00000000000067e0       0x40 modules/mbedtls/libmodules__mbedtls.a(memory_buffer_alloc.c.obj)
 .text.verify_chain
                0x0000000000006820       0x3c modules/mbedtls/libmodules__mbedtls.a(memory_buffer_alloc.c.obj)
 .text.buffer_alloc_calloc
                0x000000000000685c      0x114 modules/mbedtls/libmodules__mbedtls.a(memory_buffer_alloc.c.obj)
 .text.buffer_alloc_free
                0x0000000000006970      0x124 modules/mbedtls/libmodules__mbedtls.a(memory_buffer_alloc.c.obj)
 .text.mbedtls_memory_buffer_alloc_init
                0x0000000000006a94       0x68 modules/mbedtls/libmodules__mbedtls.a(memory_buffer_alloc.c.obj)
                0x0000000000006a94                mbedtls_memory_buffer_alloc_init
 .text.mbedtls_calloc
                0x0000000000006afc        0xc modules/mbedtls/libmodules__mbedtls.a(platform.c.obj)
                0x0000000000006afc                mbedtls_calloc
 .text.mbedtls_free
                0x0000000000006b08        0xc modules/mbedtls/libmodules__mbedtls.a(platform.c.obj)
                0x0000000000006b08                mbedtls_free
 .text.mbedtls_platform_set_calloc_free
                0x0000000000006b14       0x14 modules/mbedtls/libmodules__mbedtls.a(platform.c.obj)
                0x0000000000006b14                mbedtls_platform_set_calloc_free
 .text.rsa_check_context.constprop.0
                0x0000000000006b28       0xb8 modules/mbedtls/libmodules__mbedtls.a(rsa.c.obj)
 .text.mbedtls_rsa_check_pubkey
                0x0000000000006be0       0x4c modules/mbedtls/libmodules__mbedtls.a(rsa.c.obj)
                0x0000000000006be0                mbedtls_rsa_check_pubkey
 .text.mbedtls_rsa_public
                0x0000000000006c2c       0x90 modules/mbedtls/libmodules__mbedtls.a(rsa.c.obj)
                0x0000000000006c2c                mbedtls_rsa_public
 .text.mbedtls_sha256_starts
                0x0000000000006cbc       0xc4 modules/mbedtls/libmodules__mbedtls.a(sha256.c.obj)
                0x0000000000006cbc                mbedtls_sha256_starts
 .text.mbedtls_internal_sha256_process
                0x0000000000006d80      0x148 modules/mbedtls/libmodules__mbedtls.a(sha256.c.obj)
                0x0000000000006d80                mbedtls_internal_sha256_process
 .text.nrf53_errata_42
                0x0000000000006ec8       0x24 modules/hal_nordic/nrfx/libmodules__hal_nordic__nrfx.a(system_nrf5340_application.c.obj)
 .text.SystemCoreClockUpdate
                0x0000000000006eec       0x20 modules/hal_nordic/nrfx/libmodules__hal_nordic__nrfx.a(system_nrf5340_application.c.obj)
                0x0000000000006eec                SystemCoreClockUpdate
 .text.SystemInit
                0x0000000000006f0c      0x168 modules/hal_nordic/nrfx/libmodules__hal_nordic__nrfx.a(system_nrf5340_application.c.obj)
                0x0000000000006f0c                SystemInit
 .text.nrfx_flag32_alloc
                0x0000000000007074       0x38 modules/hal_nordic/nrfx/libmodules__hal_nordic__nrfx.a(nrfx_flag32_allocator.c.obj)
                0x0000000000007074                nrfx_flag32_alloc
 .text.nrfx_flag32_free
                0x00000000000070ac       0x38 modules/hal_nordic/nrfx/libmodules__hal_nordic__nrfx.a(nrfx_flag32_allocator.c.obj)
                0x00000000000070ac                nrfx_flag32_free
 .text.nrfx_clock_init
                0x00000000000070e4       0x20 modules/hal_nordic/nrfx/libmodules__hal_nordic__nrfx.a(nrfx_clock.c.obj)
                0x00000000000070e4                nrfx_clock_init
 .text.nrfx_clock_enable
                0x0000000000007104       0x2c modules/hal_nordic/nrfx/libmodules__hal_nordic__nrfx.a(nrfx_clock.c.obj)
                0x0000000000007104                nrfx_clock_enable
 .text.nrfx_clock_irq_handler
                0x0000000000007130       0xb0 modules/hal_nordic/nrfx/libmodules__hal_nordic__nrfx.a(nrfx_clock.c.obj)
                0x0000000000007130                nrfx_clock_irq_handler
 .text.nrf_gpio_pin_port_decode
                0x00000000000071e0       0x20 modules/hal_nordic/nrfx/libmodules__hal_nordic__nrfx.a(nrfx_gpiote.c.obj)
 .text.pin_in_use_by_te
                0x0000000000007200       0x14 modules/hal_nordic/nrfx/libmodules__hal_nordic__nrfx.a(nrfx_gpiote.c.obj)
 .text.call_handler
                0x0000000000007214       0x3c modules/hal_nordic/nrfx/libmodules__hal_nordic__nrfx.a(nrfx_gpiote.c.obj)
 .text.release_handler
                0x0000000000007250       0x54 modules/hal_nordic/nrfx/libmodules__hal_nordic__nrfx.a(nrfx_gpiote.c.obj)
 .text.pin_handler_trigger_uninit
                0x00000000000072a4       0x3c modules/hal_nordic/nrfx/libmodules__hal_nordic__nrfx.a(nrfx_gpiote.c.obj)
 .text.nrfx_gpiote_input_configure
                0x00000000000072e0      0x15c modules/hal_nordic/nrfx/libmodules__hal_nordic__nrfx.a(nrfx_gpiote.c.obj)
                0x00000000000072e0                nrfx_gpiote_input_configure
 .text.nrfx_gpiote_output_configure
                0x000000000000743c       0xe8 modules/hal_nordic/nrfx/libmodules__hal_nordic__nrfx.a(nrfx_gpiote.c.obj)
                0x000000000000743c                nrfx_gpiote_output_configure
 .text.nrfx_gpiote_global_callback_set
                0x0000000000007524        0xc modules/hal_nordic/nrfx/libmodules__hal_nordic__nrfx.a(nrfx_gpiote.c.obj)
                0x0000000000007524                nrfx_gpiote_global_callback_set
 .text.nrfx_gpiote_channel_get
                0x0000000000007530       0x2c modules/hal_nordic/nrfx/libmodules__hal_nordic__nrfx.a(nrfx_gpiote.c.obj)
                0x0000000000007530                nrfx_gpiote_channel_get
 .text.nrfx_gpiote_init
                0x000000000000755c       0x50 modules/hal_nordic/nrfx/libmodules__hal_nordic__nrfx.a(nrfx_gpiote.c.obj)
                0x000000000000755c                nrfx_gpiote_init
 .text.nrfx_gpiote_is_init
                0x00000000000075ac       0x14 modules/hal_nordic/nrfx/libmodules__hal_nordic__nrfx.a(nrfx_gpiote.c.obj)
                0x00000000000075ac                nrfx_gpiote_is_init
 .text.nrfx_gpiote_channel_free
                0x00000000000075c0        0xc modules/hal_nordic/nrfx/libmodules__hal_nordic__nrfx.a(nrfx_gpiote.c.obj)
                0x00000000000075c0                nrfx_gpiote_channel_free
 .text.nrfx_gpiote_channel_alloc
                0x00000000000075cc        0xc modules/hal_nordic/nrfx/libmodules__hal_nordic__nrfx.a(nrfx_gpiote.c.obj)
                0x00000000000075cc                nrfx_gpiote_channel_alloc
 .text.nrfx_gpiote_trigger_enable
                0x00000000000075d8       0x8c modules/hal_nordic/nrfx/libmodules__hal_nordic__nrfx.a(nrfx_gpiote.c.obj)
                0x00000000000075d8                nrfx_gpiote_trigger_enable
 .text.nrfx_gpiote_trigger_disable
                0x0000000000007664       0x50 modules/hal_nordic/nrfx/libmodules__hal_nordic__nrfx.a(nrfx_gpiote.c.obj)
                0x0000000000007664                nrfx_gpiote_trigger_disable
 .text.nrfx_gpiote_pin_uninit
                0x00000000000076b4       0x50 modules/hal_nordic/nrfx/libmodules__hal_nordic__nrfx.a(nrfx_gpiote.c.obj)
                0x00000000000076b4                nrfx_gpiote_pin_uninit
 .text.nrfx_gpiote_irq_handler
                0x0000000000007704      0x1b0 modules/hal_nordic/nrfx/libmodules__hal_nordic__nrfx.a(nrfx_gpiote.c.obj)
                0x0000000000007704                nrfx_gpiote_irq_handler
 .text.nvmc_readonly_mode_set
                0x00000000000078b4       0x14 modules/hal_nordic/nrfx/libmodules__hal_nordic__nrfx.a(nrfx_nvmc.c.obj)
 .text.nvmc_word_write
                0x00000000000078c8       0x18 modules/hal_nordic/nrfx/libmodules__hal_nordic__nrfx.a(nrfx_nvmc.c.obj)
 .text.nrfx_nvmc_page_erase
                0x00000000000078e0       0x3c modules/hal_nordic/nrfx/libmodules__hal_nordic__nrfx.a(nrfx_nvmc.c.obj)
                0x00000000000078e0                nrfx_nvmc_page_erase
 .text.nrfx_nvmc_word_write
                0x000000000000791c       0x20 modules/hal_nordic/nrfx/libmodules__hal_nordic__nrfx.a(nrfx_nvmc.c.obj)
                0x000000000000791c                nrfx_nvmc_word_write
 .text.nrfx_nvmc_bytes_write
                0x000000000000793c       0x84 modules/hal_nordic/nrfx/libmodules__hal_nordic__nrfx.a(nrfx_nvmc.c.obj)
                0x000000000000793c                nrfx_nvmc_bytes_write
 .text.nrfx_power_init
                0x00000000000079c0       0x74 modules/hal_nordic/nrfx/libmodules__hal_nordic__nrfx.a(nrfx_power.c.obj)
                0x00000000000079c0                nrfx_power_init
 .text.nrfx_power_irq_handler
                0x0000000000007a34       0x70 modules/hal_nordic/nrfx/libmodules__hal_nordic__nrfx.a(nrfx_power.c.obj)
                0x0000000000007a34                nrfx_power_irq_handler
 .text.qspi_xfer
                0x0000000000007aa4       0xfc modules/hal_nordic/nrfx/libmodules__hal_nordic__nrfx.a(nrfx_qspi.c.obj)
 .text.qspi_ready_wait
                0x0000000000007ba0       0x2c modules/hal_nordic/nrfx/libmodules__hal_nordic__nrfx.a(nrfx_qspi.c.obj)
 .text.qspi_event_xfer_handle.constprop.0
                0x0000000000007bcc       0x28 modules/hal_nordic/nrfx/libmodules__hal_nordic__nrfx.a(nrfx_qspi.c.obj)
 .text.nrf_gpio_cfg.constprop.0
                0x0000000000007bf4       0x34 modules/hal_nordic/nrfx/libmodules__hal_nordic__nrfx.a(nrfx_qspi.c.obj)
 .text.nrf_qspi_cinstrdata_get.constprop.0
                0x0000000000007c28       0x40 modules/hal_nordic/nrfx/libmodules__hal_nordic__nrfx.a(nrfx_qspi.c.obj)
 .text.nrf_qspi_cinstrdata_set.constprop.0
                0x0000000000007c68       0x64 modules/hal_nordic/nrfx/libmodules__hal_nordic__nrfx.a(nrfx_qspi.c.obj)
 .text.nrfx_qspi_init
                0x0000000000007ccc      0x1b4 modules/hal_nordic/nrfx/libmodules__hal_nordic__nrfx.a(nrfx_qspi.c.obj)
                0x0000000000007ccc                nrfx_qspi_init
 .text.nrfx_qspi_cinstr_xfer
                0x0000000000007e80       0x80 modules/hal_nordic/nrfx/libmodules__hal_nordic__nrfx.a(nrfx_qspi.c.obj)
                0x0000000000007e80                nrfx_qspi_cinstr_xfer
 .text.nrfx_qspi_mem_busy_check
                0x0000000000007f00       0x44 modules/hal_nordic/nrfx/libmodules__hal_nordic__nrfx.a(nrfx_qspi.c.obj)
                0x0000000000007f00                nrfx_qspi_mem_busy_check
 .text.nrfx_qspi_uninit
                0x0000000000007f44       0x9c modules/hal_nordic/nrfx/libmodules__hal_nordic__nrfx.a(nrfx_qspi.c.obj)
                0x0000000000007f44                nrfx_qspi_uninit
 .text.nrfx_qspi_erase
                0x0000000000007fe0       0x64 modules/hal_nordic/nrfx/libmodules__hal_nordic__nrfx.a(nrfx_qspi.c.obj)
                0x0000000000007fe0                nrfx_qspi_erase
 .text.nrfx_qspi_irq_handler
                0x0000000000008044       0x68 modules/hal_nordic/nrfx/libmodules__hal_nordic__nrfx.a(nrfx_qspi.c.obj)
                0x0000000000008044                nrfx_qspi_irq_handler
 .text.ep_state_access
                0x00000000000080ac       0x1c modules/hal_nordic/nrfx/libmodules__hal_nordic__nrfx.a(nrfx_usbd.c.obj)
 .text.ev_usbreset_handler
                0x00000000000080c8       0x2c modules/hal_nordic/nrfx/libmodules__hal_nordic__nrfx.a(nrfx_usbd.c.obj)
 .text.ev_usbevent_handler
                0x00000000000080f4       0x74 modules/hal_nordic/nrfx/libmodules__hal_nordic__nrfx.a(nrfx_usbd.c.obj)
 .text.nrfx_usbd_feeder_flash
                0x0000000000008168       0x38 modules/hal_nordic/nrfx/libmodules__hal_nordic__nrfx.a(nrfx_usbd.c.obj)
                0x0000000000008168                nrfx_usbd_feeder_flash
 .text.nrfx_usbd_feeder_flash_zlp
                0x00000000000081a0       0x40 modules/hal_nordic/nrfx/libmodules__hal_nordic__nrfx.a(nrfx_usbd.c.obj)
                0x00000000000081a0                nrfx_usbd_feeder_flash_zlp
 .text.ev_sof_handler
                0x00000000000081e0       0x44 modules/hal_nordic/nrfx/libmodules__hal_nordic__nrfx.a(nrfx_usbd.c.obj)
 .text.atomic_and.constprop.0.isra.0
                0x0000000000008224       0x18 modules/hal_nordic/nrfx/libmodules__hal_nordic__nrfx.a(nrfx_usbd.c.obj)
 .text.nrf_usbd_epin_dma_handler
                0x000000000000823c       0x38 modules/hal_nordic/nrfx/libmodules__hal_nordic__nrfx.a(nrfx_usbd.c.obj)
 .text.nrf_usbd_ep0in_dma_handler
                0x0000000000008274       0x2c modules/hal_nordic/nrfx/libmodules__hal_nordic__nrfx.a(nrfx_usbd.c.obj)
 .text.usbd_ep_data_handler
                0x00000000000082a0       0x8c modules/hal_nordic/nrfx/libmodules__hal_nordic__nrfx.a(nrfx_usbd.c.obj)
 .text.ev_setup_data_handler
                0x000000000000832c       0x1c modules/hal_nordic/nrfx/libmodules__hal_nordic__nrfx.a(nrfx_usbd.c.obj)
 .text.ev_dma_epout8_handler
                0x0000000000008348       0x48 modules/hal_nordic/nrfx/libmodules__hal_nordic__nrfx.a(nrfx_usbd.c.obj)
 .text.ev_dma_epin8_handler
                0x0000000000008390       0x54 modules/hal_nordic/nrfx/libmodules__hal_nordic__nrfx.a(nrfx_usbd.c.obj)
 .text.nrfx_usbd_uninit
                0x00000000000083e4       0x14 modules/hal_nordic/nrfx/libmodules__hal_nordic__nrfx.a(nrfx_usbd.c.obj)
                0x00000000000083e4                nrfx_usbd_uninit
 .text.nrfx_usbd_enable
                0x00000000000083f8       0x6c modules/hal_nordic/nrfx/libmodules__hal_nordic__nrfx.a(nrfx_usbd.c.obj)
                0x00000000000083f8                nrfx_usbd_enable
 .text.nrfx_usbd_start
                0x0000000000008464       0x3c modules/hal_nordic/nrfx/libmodules__hal_nordic__nrfx.a(nrfx_usbd.c.obj)
                0x0000000000008464                nrfx_usbd_start
 .text.nrfx_usbd_is_enabled
                0x00000000000084a0       0x14 modules/hal_nordic/nrfx/libmodules__hal_nordic__nrfx.a(nrfx_usbd.c.obj)
                0x00000000000084a0                nrfx_usbd_is_enabled
 .text.nrfx_usbd_init
                0x00000000000084b4       0x84 modules/hal_nordic/nrfx/libmodules__hal_nordic__nrfx.a(nrfx_usbd.c.obj)
                0x00000000000084b4                nrfx_usbd_init
 .text.nrfx_usbd_ep_transfer
                0x0000000000008538       0xf8 modules/hal_nordic/nrfx/libmodules__hal_nordic__nrfx.a(nrfx_usbd.c.obj)
                0x0000000000008538                nrfx_usbd_ep_transfer
 .text.nrfx_usbd_epout_size_get
                0x0000000000008630       0x28 modules/hal_nordic/nrfx/libmodules__hal_nordic__nrfx.a(nrfx_usbd.c.obj)
                0x0000000000008630                nrfx_usbd_epout_size_get
 .text.usbd_dmareq_process
                0x0000000000008658      0x174 modules/hal_nordic/nrfx/libmodules__hal_nordic__nrfx.a(nrfx_usbd.c.obj)
 .text.ev_epdata_handler
                0x00000000000087cc       0x44 modules/hal_nordic/nrfx/libmodules__hal_nordic__nrfx.a(nrfx_usbd.c.obj)
 .text.nrf_usbd_epout_dma_handler
                0x0000000000008810       0x68 modules/hal_nordic/nrfx/libmodules__hal_nordic__nrfx.a(nrfx_usbd.c.obj)
 .text.nrfx_usbd_ep_stall
                0x0000000000008878       0x10 modules/hal_nordic/nrfx/libmodules__hal_nordic__nrfx.a(nrfx_usbd.c.obj)
                0x0000000000008878                nrfx_usbd_ep_stall
 .text.nrfx_usbd_ep_stall_check
                0x0000000000008888       0x34 modules/hal_nordic/nrfx/libmodules__hal_nordic__nrfx.a(nrfx_usbd.c.obj)
                0x0000000000008888                nrfx_usbd_ep_stall_check
 .text.nrfx_usbd_ep_dtoggle_clear
                0x00000000000088bc       0x18 modules/hal_nordic/nrfx/libmodules__hal_nordic__nrfx.a(nrfx_usbd.c.obj)
                0x00000000000088bc                nrfx_usbd_ep_dtoggle_clear
 .text.nrfx_usbd_setup_get
                0x00000000000088d4       0x4c modules/hal_nordic/nrfx/libmodules__hal_nordic__nrfx.a(nrfx_usbd.c.obj)
                0x00000000000088d4                nrfx_usbd_setup_get
 .text.nrfx_usbd_setup_data_clear
                0x0000000000008920       0x10 modules/hal_nordic/nrfx/libmodules__hal_nordic__nrfx.a(nrfx_usbd.c.obj)
                0x0000000000008920                nrfx_usbd_setup_data_clear
 .text.ev_dma_epout0_handler
                0x0000000000008930       0x58 modules/hal_nordic/nrfx/libmodules__hal_nordic__nrfx.a(nrfx_usbd.c.obj)
 .text.nrfx_usbd_setup_clear
                0x0000000000008988       0x10 modules/hal_nordic/nrfx/libmodules__hal_nordic__nrfx.a(nrfx_usbd.c.obj)
                0x0000000000008988                nrfx_usbd_setup_clear
 .text.nrfx_usbd_setup_stall
                0x0000000000008998       0x10 modules/hal_nordic/nrfx/libmodules__hal_nordic__nrfx.a(nrfx_usbd.c.obj)
                0x0000000000008998                nrfx_usbd_setup_stall
 .text.nrfx_usbd_last_setup_dir_get
                0x00000000000089a8        0xc modules/hal_nordic/nrfx/libmodules__hal_nordic__nrfx.a(nrfx_usbd.c.obj)
                0x00000000000089a8                nrfx_usbd_last_setup_dir_get
 .text.nrfx_usbd_transfer_out_drop
                0x00000000000089b4       0x54 modules/hal_nordic/nrfx/libmodules__hal_nordic__nrfx.a(nrfx_usbd.c.obj)
                0x00000000000089b4                nrfx_usbd_transfer_out_drop
 .text.usbd_ep_abort
                0x0000000000008a08       0xf4 modules/hal_nordic/nrfx/libmodules__hal_nordic__nrfx.a(nrfx_usbd.c.obj)
 .text.ev_setup_handler
                0x0000000000008afc       0x68 modules/hal_nordic/nrfx/libmodules__hal_nordic__nrfx.a(nrfx_usbd.c.obj)
 .text.nrfx_usbd_irq_handler
                0x0000000000008b64       0x7c modules/hal_nordic/nrfx/libmodules__hal_nordic__nrfx.a(nrfx_usbd.c.obj)
                0x0000000000008b64                nrfx_usbd_irq_handler
 .text.usbd_ep_abort_all
                0x0000000000008be0       0x50 modules/hal_nordic/nrfx/libmodules__hal_nordic__nrfx.a(nrfx_usbd.c.obj)
 .text.nrfx_usbd_stop
                0x0000000000008c30       0x3c modules/hal_nordic/nrfx/libmodules__hal_nordic__nrfx.a(nrfx_usbd.c.obj)
                0x0000000000008c30                nrfx_usbd_stop
 .text.nrfx_usbd_disable
                0x0000000000008c6c       0x34 modules/hal_nordic/nrfx/libmodules__hal_nordic__nrfx.a(nrfx_usbd.c.obj)
                0x0000000000008c6c                nrfx_usbd_disable
 .text.nrfx_usbd_suspend
                0x0000000000008ca0       0x5c modules/hal_nordic/nrfx/libmodules__hal_nordic__nrfx.a(nrfx_usbd.c.obj)
                0x0000000000008ca0                nrfx_usbd_suspend
 .text.nrfx_usbd_ep_disable
                0x0000000000008cfc       0x50 modules/hal_nordic/nrfx/libmodules__hal_nordic__nrfx.a(nrfx_usbd.c.obj)
                0x0000000000008cfc                nrfx_usbd_ep_disable
 .text.nrfx_usbd_ep_enable
                0x0000000000008d4c       0xa8 modules/hal_nordic/nrfx/libmodules__hal_nordic__nrfx.a(nrfx_usbd.c.obj)
                0x0000000000008d4c                nrfx_usbd_ep_enable
 .text.nrfx_usbd_ep_stall_clear
                0x0000000000008df4       0x20 modules/hal_nordic/nrfx/libmodules__hal_nordic__nrfx.a(nrfx_usbd.c.obj)
                0x0000000000008df4                nrfx_usbd_ep_stall_clear
 .text.nrfx_usbreg_enable
                0x0000000000008e14       0x10 modules/hal_nordic/nrfx/libmodules__hal_nordic__nrfx.a(nrfx_usbreg.c.obj)
                0x0000000000008e14                nrfx_usbreg_enable
 .text.nrfx_usbreg_disable
                0x0000000000008e24       0x10 modules/hal_nordic/nrfx/libmodules__hal_nordic__nrfx.a(nrfx_usbreg.c.obj)
                0x0000000000008e24                nrfx_usbreg_disable
 .text.nrfx_usbreg_uninit
                0x0000000000008e34       0x20 modules/hal_nordic/nrfx/libmodules__hal_nordic__nrfx.a(nrfx_usbreg.c.obj)
                0x0000000000008e34                nrfx_usbreg_uninit
 .text.nrfx_usbreg_init
                0x0000000000008e54       0x30 modules/hal_nordic/nrfx/libmodules__hal_nordic__nrfx.a(nrfx_usbreg.c.obj)
                0x0000000000008e54                nrfx_usbreg_init
 .text.nrfx_usbreg_irq_handler
                0x0000000000008e84       0x50 modules/hal_nordic/nrfx/libmodules__hal_nordic__nrfx.a(nrfx_usbreg.c.obj)
                0x0000000000008e84                nrfx_usbreg_irq_handler
 .text.z_sys_init_run_level
                0x0000000000008ed4       0x44 zephyr/kernel/libkernel.a(init.c.obj)
 .text.bg_thread_main
                0x0000000000008f18       0x34 zephyr/kernel/libkernel.a(init.c.obj)
 .text.z_bss_zero
                0x0000000000008f4c       0x18 zephyr/kernel/libkernel.a(init.c.obj)
                0x0000000000008f4c                z_bss_zero
 .text.z_init_cpu
                0x0000000000008f64       0x68 zephyr/kernel/libkernel.a(init.c.obj)
                0x0000000000008f64                z_init_cpu
 .text.z_cstart
                0x0000000000008fcc       0xdc zephyr/kernel/libkernel.a(init.c.obj)
                0x0000000000008fcc                z_cstart
 .text.init_mem_slab_module
                0x00000000000090a8       0x24 zephyr/kernel/libkernel.a(mem_slab.c.obj)
 .text.k_mem_slab_alloc
                0x00000000000090cc       0x5c zephyr/kernel/libkernel.a(mem_slab.c.obj)
                0x00000000000090cc                k_mem_slab_alloc
 .text.z_setup_new_thread
                0x0000000000009128       0x60 zephyr/kernel/libkernel.a(thread.c.obj)
                0x0000000000009128                z_setup_new_thread
 .text.z_impl_k_thread_create
                0x0000000000009188       0x58 zephyr/kernel/libkernel.a(thread.c.obj)
                0x0000000000009188                z_impl_k_thread_create
 .text.z_init_static_threads
                0x00000000000091e0       0xb8 zephyr/kernel/libkernel.a(thread.c.obj)
                0x00000000000091e0                z_init_static_threads
 .text.z_impl_k_mutex_lock
                0x0000000000009298       0xf4 zephyr/kernel/libkernel.a(mutex.c.obj)
                0x0000000000009298                z_impl_k_mutex_lock
 .text.z_impl_k_mutex_unlock
                0x000000000000938c       0x78 zephyr/kernel/libkernel.a(mutex.c.obj)
                0x000000000000938c                z_impl_k_mutex_unlock
 .text.z_impl_k_queue_get
                0x0000000000009404       0x68 zephyr/kernel/libkernel.a(queue.c.obj)
                0x0000000000009404                z_impl_k_queue_get
 .text.z_impl_k_sem_give
                0x000000000000946c       0x40 zephyr/kernel/libkernel.a(sem.c.obj)
                0x000000000000946c                z_impl_k_sem_give
 .text.z_impl_k_sem_take
                0x00000000000094ac       0x50 zephyr/kernel/libkernel.a(sem.c.obj)
                0x00000000000094ac                z_impl_k_sem_take
 .text.work_queue_main
                0x00000000000094fc      0x130 zephyr/kernel/libkernel.a(work.c.obj)
 .text.submit_to_queue_locked
                0x000000000000962c       0xb0 zephyr/kernel/libkernel.a(work.c.obj)
 .text.k_work_queue_start
                0x00000000000096dc       0x70 zephyr/kernel/libkernel.a(work.c.obj)
                0x00000000000096dc                k_work_queue_start
 .text.update_cache
                0x000000000000974c       0x30 zephyr/kernel/libkernel.a(sched.c.obj)
 .text.unready_thread
                0x000000000000977c       0x30 zephyr/kernel/libkernel.a(sched.c.obj)
 .text.pend_locked
                0x00000000000097ac       0x30 zephyr/kernel/libkernel.a(sched.c.obj)
 .text.ready_thread
                0x00000000000097dc       0x68 zephyr/kernel/libkernel.a(sched.c.obj)
 .text.z_pend_curr
                0x0000000000009844       0x30 zephyr/kernel/libkernel.a(sched.c.obj)
                0x0000000000009844                z_pend_curr
 .text.z_set_prio
                0x0000000000009874       0x8c zephyr/kernel/libkernel.a(sched.c.obj)
                0x0000000000009874                z_set_prio
 .text.z_reschedule
                0x0000000000009900       0x24 zephyr/kernel/libkernel.a(sched.c.obj)
                0x0000000000009900                z_reschedule
 .text.z_sched_start
                0x0000000000009924       0x3c zephyr/kernel/libkernel.a(sched.c.obj)
                0x0000000000009924                z_sched_start
 .text.z_impl_k_thread_suspend
                0x0000000000009960       0x64 zephyr/kernel/libkernel.a(sched.c.obj)
                0x0000000000009960                z_impl_k_thread_suspend
 .text.k_sched_lock
                0x00000000000099c4       0x28 zephyr/kernel/libkernel.a(sched.c.obj)
                0x00000000000099c4                k_sched_lock
 .text.k_sched_unlock
                0x00000000000099ec       0x38 zephyr/kernel/libkernel.a(sched.c.obj)
                0x00000000000099ec                k_sched_unlock
 .text.z_sched_init
                0x0000000000009a24       0x10 zephyr/kernel/libkernel.a(sched.c.obj)
                0x0000000000009a24                z_sched_init
 .text.z_impl_k_yield
                0x0000000000009a34       0x7c zephyr/kernel/libkernel.a(sched.c.obj)
                0x0000000000009a34                z_impl_k_yield
 .text.z_tick_sleep
                0x0000000000009ab0       0x80 zephyr/kernel/libkernel.a(sched.c.obj)
 .text.z_impl_k_sleep
                0x0000000000009b30       0x34 zephyr/kernel/libkernel.a(sched.c.obj)
                0x0000000000009b30                z_impl_k_sleep
 .text.z_impl_k_usleep
                0x0000000000009b64       0x34 zephyr/kernel/libkernel.a(sched.c.obj)
                0x0000000000009b64                z_impl_k_usleep
 .text.z_impl_z_current_get
                0x0000000000009b98        0xc zephyr/kernel/libkernel.a(sched.c.obj)
                0x0000000000009b98                z_impl_z_current_get
 .text.z_thread_abort
                0x0000000000009ba4       0xc0 zephyr/kernel/libkernel.a(sched.c.obj)
                0x0000000000009ba4                z_thread_abort
 .text.z_sched_wait
                0x0000000000009c64       0x24 zephyr/kernel/libkernel.a(sched.c.obj)
                0x0000000000009c64                z_sched_wait
 .text.z_data_copy
                0x0000000000009c88       0x34 zephyr/kernel/libkernel.a(xip.c.obj)
                0x0000000000009c88                z_data_copy
 .text.elapsed  0x0000000000009cbc       0x14 zephyr/kernel/libkernel.a(timeout.c.obj)
 .text.next_timeout
                0x0000000000009cd0       0x40 zephyr/kernel/libkernel.a(timeout.c.obj)
 .text.remove_timeout
                0x0000000000009d10       0x38 zephyr/kernel/libkernel.a(timeout.c.obj)
 .text.z_add_timeout
                0x0000000000009d48       0xec zephyr/kernel/libkernel.a(timeout.c.obj)
                0x0000000000009d48                z_add_timeout
 .text.sys_clock_announce
                0x0000000000009e34       0xb8 zephyr/kernel/libkernel.a(timeout.c.obj)
                0x0000000000009e34                sys_clock_announce
 .text.sys_clock_tick_get
                0x0000000000009eec       0x34 zephyr/kernel/libkernel.a(timeout.c.obj)
                0x0000000000009eec                sys_clock_tick_get
 .text.z_timer_expiration_handler
                0x0000000000009f20       0xd4 zephyr/kernel/libkernel.a(timer.c.obj)
                0x0000000000009f20                z_timer_expiration_handler
 .text.z_impl_k_timer_start
                0x0000000000009ff4       0x98 zephyr/kernel/libkernel.a(timer.c.obj)
                0x0000000000009ff4                z_impl_k_timer_start
 .text.z_thread_aligned_alloc
                0x000000000000a08c       0x40 zephyr/kernel/libkernel.a(mempool.c.obj)
                0x000000000000a08c                z_thread_aligned_alloc
 .text.statics_init
                0x000000000000a0cc       0x24 zephyr/kernel/libkernel.a(kheap.c.obj)
 .text.k_sys_work_q_init
                0x000000000000a0f0       0x34 zephyr/kernel/libkernel.a(system_work_q.c.obj)
 .text.nrf_cc3xx_platform_init_no_rng
                0x000000000000a124       0x38 /Users/pierre.urtado/thingy53-ws/nrfxlib/crypto/nrf_cc312_platform/lib/cortex-m33/soft-float/no-interrupts/libnrf_cc312_platform_0.9.16.a(nrf_cc3xx_platform.c.obj)
                0x000000000000a124                nrf_cc3xx_platform_init_no_rng
 .text.nrf_cc3xx_platform_abort
                0x000000000000a15c       0x24 /Users/pierre.urtado/thingy53-ws/nrfxlib/crypto/nrf_cc312_platform/lib/cortex-m33/soft-float/no-interrupts/libnrf_cc312_platform_0.9.16.a(nrf_cc3xx_platform_abort.c.obj)
 .text.CC_PalAbort
                0x000000000000a180       0x44 /Users/pierre.urtado/thingy53-ws/nrfxlib/crypto/nrf_cc312_platform/lib/cortex-m33/soft-float/no-interrupts/libnrf_cc312_platform_0.9.16.a(nrf_cc3xx_platform_abort.c.obj)
                0x000000000000a180                CC_PalAbort
 .text.nrf_cc3xx_platform_set_abort
                0x000000000000a1c4       0x10 /Users/pierre.urtado/thingy53-ws/nrfxlib/crypto/nrf_cc312_platform/lib/cortex-m33/soft-float/no-interrupts/libnrf_cc312_platform_0.9.16.a(nrf_cc3xx_platform_abort.c.obj)
                0x000000000000a1c4                nrf_cc3xx_platform_set_abort
 .text.mutex_free
                0x000000000000a1d4       0x34 /Users/pierre.urtado/thingy53-ws/nrfxlib/crypto/nrf_cc312_platform/lib/cortex-m33/soft-float/no-interrupts/libnrf_cc312_platform_0.9.16.a(nrf_cc3xx_platform_mutex.c.obj)
 .text.mutex_lock
                0x000000000000a208       0x48 /Users/pierre.urtado/thingy53-ws/nrfxlib/crypto/nrf_cc312_platform/lib/cortex-m33/soft-float/no-interrupts/libnrf_cc312_platform_0.9.16.a(nrf_cc3xx_platform_mutex.c.obj)
 .text.mutex_unlock
                0x000000000000a250       0x38 /Users/pierre.urtado/thingy53-ws/nrfxlib/crypto/nrf_cc312_platform/lib/cortex-m33/soft-float/no-interrupts/libnrf_cc312_platform_0.9.16.a(nrf_cc3xx_platform_mutex.c.obj)
 .text.mutex_init
                0x000000000000a288       0x20 /Users/pierre.urtado/thingy53-ws/nrfxlib/crypto/nrf_cc312_platform/lib/cortex-m33/soft-float/no-interrupts/libnrf_cc312_platform_0.9.16.a(nrf_cc3xx_platform_mutex.c.obj)
 .text.nrf_cc3xx_platform_set_mutexes
                0x000000000000a2a8       0x78 /Users/pierre.urtado/thingy53-ws/nrfxlib/crypto/nrf_cc312_platform/lib/cortex-m33/soft-float/no-interrupts/libnrf_cc312_platform_0.9.16.a(nrf_cc3xx_platform_mutex.c.obj)
                0x000000000000a2a8                nrf_cc3xx_platform_set_mutexes
 .text.mbedtls_platform_zeroize
                0x000000000000a320       0x14 /Users/pierre.urtado/thingy53-ws/nrfxlib/crypto/nrf_cc312_platform/lib/cortex-m33/soft-float/no-interrupts/libnrf_cc312_platform_0.9.16.a(mbedtls_common.c.obj)
                0x000000000000a320                mbedtls_platform_zeroize
 .text.CC_LibInitNoRng
                0x000000000000a334       0x28 /Users/pierre.urtado/thingy53-ws/nrfxlib/crypto/nrf_cc312_platform/lib/cortex-m33/soft-float/no-interrupts/libnrf_cc312_platform_0.9.16.a(cc_lib.c.obj)
                0x000000000000a334                CC_LibInitNoRng
 .text.CC_HalInit
                0x000000000000a35c        0x4 /Users/pierre.urtado/thingy53-ws/nrfxlib/crypto/nrf_cc312_platform/lib/cortex-m33/soft-float/no-interrupts/libnrf_cc312_platform_0.9.16.a(cc_hal.c.obj)
                0x000000000000a35c                CC_HalInit
 .text.CC_PalInit
                0x000000000000a360       0x5c /Users/pierre.urtado/thingy53-ws/nrfxlib/crypto/nrf_cc312_platform/lib/cortex-m33/soft-float/no-interrupts/libnrf_cc312_platform_0.9.16.a(cc_pal.c.obj)
                0x000000000000a360                CC_PalInit
 .text.CC_PalTerminate
                0x000000000000a3bc       0x34 /Users/pierre.urtado/thingy53-ws/nrfxlib/crypto/nrf_cc312_platform/lib/cortex-m33/soft-float/no-interrupts/libnrf_cc312_platform_0.9.16.a(cc_pal.c.obj)
                0x000000000000a3bc                CC_PalTerminate
 .text.CC_PalDmaInit
                0x000000000000a3f0        0x4 /Users/pierre.urtado/thingy53-ws/nrfxlib/crypto/nrf_cc312_platform/lib/cortex-m33/soft-float/no-interrupts/libnrf_cc312_platform_0.9.16.a(cc_pal_dma.c.obj)
                0x000000000000a3f0                CC_PalDmaInit
 .text.CC_PalDmaTerminate
                0x000000000000a3f4        0x4 /Users/pierre.urtado/thingy53-ws/nrfxlib/crypto/nrf_cc312_platform/lib/cortex-m33/soft-float/no-interrupts/libnrf_cc312_platform_0.9.16.a(cc_pal_dma.c.obj)
                0x000000000000a3f4                CC_PalDmaTerminate
 .text.CC_PalMutexCreate
                0x000000000000a3f8       0x14 /Users/pierre.urtado/thingy53-ws/nrfxlib/crypto/nrf_cc312_platform/lib/cortex-m33/soft-float/no-interrupts/libnrf_cc312_platform_0.9.16.a(cc_pal_mutex.c.obj)
                0x000000000000a3f8                CC_PalMutexCreate
 .text.CC_PalMutexDestroy
                0x000000000000a40c       0x14 /Users/pierre.urtado/thingy53-ws/nrfxlib/crypto/nrf_cc312_platform/lib/cortex-m33/soft-float/no-interrupts/libnrf_cc312_platform_0.9.16.a(cc_pal_mutex.c.obj)
                0x000000000000a40c                CC_PalMutexDestroy
 .text.CC_PalPowerSaveModeInit
                0x000000000000a420       0x3c /Users/pierre.urtado/thingy53-ws/nrfxlib/crypto/nrf_cc312_platform/lib/cortex-m33/soft-float/no-interrupts/libnrf_cc312_platform_0.9.16.a(cc_pal_pm.c.obj)
                0x000000000000a420                CC_PalPowerSaveModeInit
 .text._OffsetAbsSyms
                0x000000000000a45c        0x2 zephyr/CMakeFiles/offsets.dir/./arch/arm/core/offsets/offsets.c.obj
                0x000000000000a45c                _OffsetAbsSyms
 .text.flash_device_base
                0x000000000000a45e        0xc app/libapp.a(flash_map_extended.c.obj)
                0x000000000000a45e                flash_device_base
 .text.flash_area_id_from_multi_image_slot
                0x000000000000a46a       0x2a app/libapp.a(flash_map_extended.c.obj)
                0x000000000000a46a                flash_area_id_from_multi_image_slot
 .text.flash_area_get_device_id
                0x000000000000a494        0x4 app/libapp.a(flash_map_extended.c.obj)
                0x000000000000a494                flash_area_get_device_id
 .text.bootutil_tlv_iter_begin
                0x000000000000a498       0x9c app/libapp.a(tlv.c.obj)
                0x000000000000a498                bootutil_tlv_iter_begin
 .text.bootutil_tlv_iter_next
                0x000000000000a534       0x98 app/libapp.a(tlv.c.obj)
                0x000000000000a534                bootutil_tlv_iter_next
 .text.boot_fih_memequal
                0x000000000000a5cc        0x4 app/libapp.a(bootutil_misc.c.obj)
                0x000000000000a5cc                boot_fih_memequal
 .text.boot_trailer_sz
                0x000000000000a5d0        0xa app/libapp.a(bootutil_misc.c.obj)
                0x000000000000a5d0                boot_trailer_sz
 .text.boot_status_off
                0x000000000000a5da       0x16 app/libapp.a(bootutil_misc.c.obj)
                0x000000000000a5da                boot_status_off
 .text.bootutil_max_image_size
                0x000000000000a5f0        0x4 app/libapp.a(bootutil_misc.c.obj)
                0x000000000000a5f0                bootutil_max_image_size
 .text.boot_initialize_area
                0x000000000000a5f4       0x62 app/libapp.a(loader.c.obj)
 .text.boot_read_sectors
                0x000000000000a656       0x5c app/libapp.a(loader.c.obj)
 .text.boot_read_image_headers
                0x000000000000a6b2       0x5e app/libapp.a(loader.c.obj)
 .text.boot_status_reset
                0x000000000000a710       0x12 app/libapp.a(loader.c.obj)
                0x000000000000a710                boot_status_reset
 .text.boot_status_is_reset
                0x000000000000a722       0x1a app/libapp.a(loader.c.obj)
                0x000000000000a722                boot_status_is_reset
 .text.boot_read_image_header
                0x000000000000a73c       0x38 app/libapp.a(swap_scratch.c.obj)
                0x000000000000a73c                boot_read_image_header
 .text.boot_slots_compatible
                0x000000000000a774       0x88 app/libapp.a(swap_scratch.c.obj)
                0x000000000000a774                boot_slots_compatible
 .text.z_thread_entry
                0x000000000000a7fc       0x14 zephyr/libzephyr.a(thread_entry.c.obj)
                0x000000000000a7fc                z_thread_entry
 .text.chunk_field
                0x000000000000a810       0x16 zephyr/libzephyr.a(heap.c.obj)
 .text.chunk_set
                0x000000000000a826       0x16 zephyr/libzephyr.a(heap.c.obj)
 .text.chunk_size
                0x000000000000a83c        0xc zephyr/libzephyr.a(heap.c.obj)
 .text.set_chunk_used
                0x000000000000a848       0x30 zephyr/libzephyr.a(heap.c.obj)
 .text.set_chunk_size
                0x000000000000a878        0x8 zephyr/libzephyr.a(heap.c.obj)
 .text.mem_to_chunkid
                0x000000000000a880       0x14 zephyr/libzephyr.a(heap.c.obj)
 .text.bucket_idx.isra.0
                0x000000000000a894       0x1c zephyr/libzephyr.a(heap.c.obj)
 .text.free_list_remove_bidx
                0x000000000000a8b0       0x5c zephyr/libzephyr.a(heap.c.obj)
 .text.free_list_remove
                0x000000000000a90c       0x2e zephyr/libzephyr.a(heap.c.obj)
 .text.alloc_chunk
                0x000000000000a93a       0x74 zephyr/libzephyr.a(heap.c.obj)
 .text.split_chunks
                0x000000000000a9ae       0x4e zephyr/libzephyr.a(heap.c.obj)
 .text.merge_chunks
                0x000000000000a9fc       0x3c zephyr/libzephyr.a(heap.c.obj)
 .text.free_list_add
                0x000000000000aa38       0x84 zephyr/libzephyr.a(heap.c.obj)
 .text.free_chunk
                0x000000000000aabc       0x84 zephyr/libzephyr.a(heap.c.obj)
 .text.sys_heap_free
                0x000000000000ab40       0x24 zephyr/libzephyr.a(heap.c.obj)
                0x000000000000ab40                sys_heap_free
 .text.sys_heap_alloc
                0x000000000000ab64       0x6e zephyr/libzephyr.a(heap.c.obj)
                0x000000000000ab64                sys_heap_alloc
 .text.sys_heap_aligned_alloc
                0x000000000000abd2       0xe6 zephyr/libzephyr.a(heap.c.obj)
                0x000000000000abd2                sys_heap_aligned_alloc
 .text.sys_heap_init
                0x000000000000acb8       0xa4 zephyr/libzephyr.a(heap.c.obj)
                0x000000000000acb8                sys_heap_init
 .text.sys_slist_find_and_remove
                0x000000000000ad5c       0x36 zephyr/libzephyr.a(onoff.c.obj)
 .text.process_recheck
                0x000000000000ad92       0x38 zephyr/libzephyr.a(onoff.c.obj)
 .text.validate_args
                0x000000000000adca       0x20 zephyr/libzephyr.a(onoff.c.obj)
 .text.notify_one
                0x000000000000adea       0x2c zephyr/libzephyr.a(onoff.c.obj)
 .text.transition_complete
                0x000000000000ae16       0x1c zephyr/libzephyr.a(onoff.c.obj)
 .text.onoff_manager_init
                0x000000000000ae32       0x26 zephyr/libzephyr.a(onoff.c.obj)
                0x000000000000ae32                onoff_manager_init
 .text.onoff_request
                0x000000000000ae58       0xb0 zephyr/libzephyr.a(onoff.c.obj)
                0x000000000000ae58                onoff_request
 .text.onoff_release
                0x000000000000af08       0x4a zephyr/libzephyr.a(onoff.c.obj)
                0x000000000000af08                onoff_release
 .text.onoff_cancel
                0x000000000000af52       0x38 zephyr/libzephyr.a(onoff.c.obj)
                0x000000000000af52                onoff_cancel
 .text.sys_notify_validate
                0x000000000000af8a       0x22 zephyr/libzephyr.a(notify.c.obj)
                0x000000000000af8a                sys_notify_validate
 .text.sys_notify_finalize
                0x000000000000afac       0x1a zephyr/libzephyr.a(notify.c.obj)
                0x000000000000afac                sys_notify_finalize
 .text.crc16_itu_t
                0x000000000000afc6       0x28 zephyr/libzephyr.a(crc16_sw.c.obj)
                0x000000000000afc6                crc16_itu_t
 .text.ring_buf_put_claim
                0x000000000000afee       0x3a zephyr/libzephyr.a(ring_buffer.c.obj)
                0x000000000000afee                ring_buf_put_claim
 .text.ring_buf_put_finish
                0x000000000000b028       0x2a zephyr/libzephyr.a(ring_buffer.c.obj)
                0x000000000000b028                ring_buf_put_finish
 .text.ring_buf_put
                0x000000000000b052       0x3e zephyr/libzephyr.a(ring_buffer.c.obj)
                0x000000000000b052                ring_buf_put
 .text.ring_buf_get_claim
                0x000000000000b090       0x38 zephyr/libzephyr.a(ring_buffer.c.obj)
                0x000000000000b090                ring_buf_get_claim
 .text.ring_buf_get_finish
                0x000000000000b0c8       0x2a zephyr/libzephyr.a(ring_buffer.c.obj)
                0x000000000000b0c8                ring_buf_get_finish
 .text.ring_buf_get
                0x000000000000b0f2       0x40 zephyr/libzephyr.a(ring_buffer.c.obj)
                0x000000000000b0f2                ring_buf_get
 .text.sys_reboot
                0x000000000000b132       0x1c zephyr/libzephyr.a(reboot.c.obj)
                0x000000000000b132                sys_reboot
 .text._ConfigAbsSyms
                0x000000000000b14e        0x2 zephyr/libzephyr.a(configs.c.obj)
                0x000000000000b14e                _ConfigAbsSyms
 .text.get_ep_bm_from_addr
                0x000000000000b150       0x1e zephyr/libzephyr.a(usb_device.c.obj)
 .text.usb_write
                0x000000000000b16e       0x30 zephyr/libzephyr.a(usb_device.c.obj)
                0x000000000000b16e                usb_write
 .text.usb_get_dev_data_by_cfg
                0x000000000000b19e       0x16 zephyr/libzephyr.a(usb_descriptor.c.obj)
                0x000000000000b19e                usb_get_dev_data_by_cfg
 .text.usb_get_dev_data_by_iface
                0x000000000000b1b4       0x1a zephyr/libzephyr.a(usb_descriptor.c.obj)
                0x000000000000b1b4                usb_get_dev_data_by_iface
 .text.usb_get_dev_data_by_ep
                0x000000000000b1ce       0x2c zephyr/libzephyr.a(usb_descriptor.c.obj)
                0x000000000000b1ce                usb_get_dev_data_by_ep
 .text.usb_transfer_is_busy
                0x000000000000b1fa       0x16 zephyr/libzephyr.a(usb_transfer.c.obj)
                0x000000000000b1fa                usb_transfer_is_busy
 .text.cdc_interface_config
                0x000000000000b210       0x14 zephyr/libzephyr.a(cdc_acm.c.obj)
 .text.cdc_acm_irq_callback_work_handler
                0x000000000000b224        0x8 zephyr/libzephyr.a(cdc_acm.c.obj)
 .text.cdc_acm_irq_tx_disable
                0x000000000000b22c        0xa zephyr/libzephyr.a(cdc_acm.c.obj)
 .text.cdc_acm_irq_tx_ready
                0x000000000000b236        0xe zephyr/libzephyr.a(cdc_acm.c.obj)
 .text.cdc_acm_irq_rx_disable
                0x000000000000b244        0xa zephyr/libzephyr.a(cdc_acm.c.obj)
 .text.cdc_acm_irq_rx_ready
                0x000000000000b24e        0x8 zephyr/libzephyr.a(cdc_acm.c.obj)
 .text.cdc_acm_irq_is_pending
                0x000000000000b256       0x1e zephyr/libzephyr.a(cdc_acm.c.obj)
 .text.cdc_acm_irq_update
                0x000000000000b274        0x4 zephyr/libzephyr.a(cdc_acm.c.obj)
 .text.cdc_acm_irq_callback_set
                0x000000000000b278        0x8 zephyr/libzephyr.a(cdc_acm.c.obj)
 .text.cdc_acm_line_ctrl_get
                0x000000000000b280       0x30 zephyr/libzephyr.a(cdc_acm.c.obj)
 .text.cdc_acm_configure
                0x000000000000b2b0        0x4 zephyr/libzephyr.a(cdc_acm.c.obj)
 .text.cdc_acm_config_get
                0x000000000000b2b4       0x56 zephyr/libzephyr.a(cdc_acm.c.obj)
 .text.cdc_acm_line_ctrl_set
                0x000000000000b30a       0xbc zephyr/libzephyr.a(cdc_acm.c.obj)
 .text.cdc_acm_fifo_read
                0x000000000000b3c6       0x54 zephyr/libzephyr.a(cdc_acm.c.obj)
 .text.cdc_acm_poll_in
                0x000000000000b41a       0x12 zephyr/libzephyr.a(cdc_acm.c.obj)
 .text.flash_area_close
                0x000000000000b42c        0x2 zephyr/libzephyr.a(flash_map.c.obj)
                0x000000000000b42c                flash_area_close
 .text.flash_area_read
                0x000000000000b42e       0x2a zephyr/libzephyr.a(flash_map.c.obj)
                0x000000000000b42e                flash_area_read
 .text.flash_area_write
                0x000000000000b458       0x2a zephyr/libzephyr.a(flash_map.c.obj)
                0x000000000000b458                flash_area_write
 .text.flash_area_erase
                0x000000000000b482       0x28 zephyr/libzephyr.a(flash_map.c.obj)
                0x000000000000b482                flash_area_erase
 .text.flash_area_align
                0x000000000000b4aa        0xe zephyr/libzephyr.a(flash_map.c.obj)
                0x000000000000b4aa                flash_area_align
 .text.flash_area_erased_val
                0x000000000000b4b8        0xe zephyr/libzephyr.a(flash_map.c.obj)
                0x000000000000b4b8                flash_area_erased_val
 .text.get_sectors_cb
                0x000000000000b4c6       0x44 zephyr/libzephyr.a(flash_map_layout.c.obj)
 .text.abort_function
                0x000000000000b50a        0x8 zephyr/libzephyr.a(nrf_cc3xx_platform_abort_zephyr.c.obj)
 .text.console_write
                0x000000000000b512       0x1c zephyr/libzephyr.a(serial_adapter.c.obj)
                0x000000000000b512                console_write
 .text.erase_range
                0x000000000000b52e       0x3e zephyr/libzephyr.a(boot_serial.c.obj)
 .text.initial_checks
                0x000000000000b56c       0x16 zephyr/libzephyr.a(zcbor_decode.c.obj)
 .text.type_check
                0x000000000000b582       0x1e zephyr/libzephyr.a(zcbor_decode.c.obj)
 .text.value_extract
                0x000000000000b5a0       0x9c zephyr/libzephyr.a(zcbor_decode.c.obj)
 .text.str_start_decode
                0x000000000000b63c       0x26 zephyr/libzephyr.a(zcbor_decode.c.obj)
 .text.list_map_start_decode
                0x000000000000b662       0x64 zephyr/libzephyr.a(zcbor_decode.c.obj)
 .text.list_map_end_decode
                0x000000000000b6c6       0x38 zephyr/libzephyr.a(zcbor_decode.c.obj)
 .text.str_decode
                0x000000000000b6fe       0x32 zephyr/libzephyr.a(zcbor_decode.c.obj)
 .text.str_expect
                0x000000000000b730       0x3e zephyr/libzephyr.a(zcbor_decode.c.obj)
 .text.zcbor_int64_decode
                0x000000000000b76e       0x58 zephyr/libzephyr.a(zcbor_decode.c.obj)
                0x000000000000b76e                zcbor_int64_decode
 .text.zcbor_int32_decode
                0x000000000000b7c6       0x38 zephyr/libzephyr.a(zcbor_decode.c.obj)
                0x000000000000b7c6                zcbor_int32_decode
 .text.zcbor_bstr_decode
                0x000000000000b7fe        0x6 zephyr/libzephyr.a(zcbor_decode.c.obj)
                0x000000000000b7fe                zcbor_bstr_decode
 .text.zcbor_tstr_expect
                0x000000000000b804        0x6 zephyr/libzephyr.a(zcbor_decode.c.obj)
                0x000000000000b804                zcbor_tstr_expect
 .text.zcbor_map_start_decode
                0x000000000000b80a       0x32 zephyr/libzephyr.a(zcbor_decode.c.obj)
                0x000000000000b80a                zcbor_map_start_decode
 .text.zcbor_map_end_decode
                0x000000000000b83c        0x4 zephyr/libzephyr.a(zcbor_decode.c.obj)
                0x000000000000b83c                zcbor_map_end_decode
 .text.zcbor_list_map_end_force_decode
                0x000000000000b840        0xa zephyr/libzephyr.a(zcbor_decode.c.obj)
                0x000000000000b840                zcbor_list_map_end_force_decode
 .text.zcbor_multi_decode
                0x000000000000b84a       0x4e zephyr/libzephyr.a(zcbor_decode.c.obj)
                0x000000000000b84a                zcbor_multi_decode
 .text.str_encode
                0x000000000000b898       0x6e zephyr/libzephyr.a(zcbor_encode.c.obj)
 .text.zcbor_int64_put
                0x000000000000b906       0x28 zephyr/libzephyr.a(zcbor_encode.c.obj)
                0x000000000000b906                zcbor_int64_put
 .text.zcbor_int32_put
                0x000000000000b92e        0x8 zephyr/libzephyr.a(zcbor_encode.c.obj)
                0x000000000000b92e                zcbor_int32_put
 .text.zcbor_uint32_put
                0x000000000000b936       0x18 zephyr/libzephyr.a(zcbor_encode.c.obj)
                0x000000000000b936                zcbor_uint32_put
 .text.zcbor_tstr_encode
                0x000000000000b94e        0x6 zephyr/libzephyr.a(zcbor_encode.c.obj)
                0x000000000000b94e                zcbor_tstr_encode
 .text.zcbor_list_start_encode
                0x000000000000b954       0x1e zephyr/libzephyr.a(zcbor_encode.c.obj)
                0x000000000000b954                zcbor_list_start_encode
 .text.zcbor_map_start_encode
                0x000000000000b972       0x1e zephyr/libzephyr.a(zcbor_encode.c.obj)
                0x000000000000b972                zcbor_map_start_encode
 .text.zcbor_list_end_encode
                0x000000000000b990       0x1e zephyr/libzephyr.a(zcbor_encode.c.obj)
                0x000000000000b990                zcbor_list_end_encode
 .text.zcbor_map_end_encode
                0x000000000000b9ae        0x4 zephyr/libzephyr.a(zcbor_encode.c.obj)
                0x000000000000b9ae                zcbor_map_end_encode
 .text.zcbor_new_encode_state
                0x000000000000b9b2        0x4 zephyr/libzephyr.a(zcbor_encode.c.obj)
                0x000000000000b9b2                zcbor_new_encode_state
 .text.zcbor_new_backup
                0x000000000000b9b6       0x3c zephyr/libzephyr.a(zcbor_common.c.obj)
                0x000000000000b9b6                zcbor_new_backup
 .text.zcbor_process_backup
                0x000000000000b9f2       0x66 zephyr/libzephyr.a(zcbor_common.c.obj)
                0x000000000000b9f2                zcbor_process_backup
 .text.zcbor_union_start_code
                0x000000000000ba58        0x6 zephyr/libzephyr.a(zcbor_common.c.obj)
                0x000000000000ba58                zcbor_union_start_code
 .text.zcbor_union_elem_code
                0x000000000000ba5e        0x8 zephyr/libzephyr.a(zcbor_common.c.obj)
                0x000000000000ba5e                zcbor_union_elem_code
 .text.zcbor_union_end_code
                0x000000000000ba66        0x8 zephyr/libzephyr.a(zcbor_common.c.obj)
                0x000000000000ba66                zcbor_union_end_code
 .text.zcbor_new_state
                0x000000000000ba6e       0x44 zephyr/libzephyr.a(zcbor_common.c.obj)
                0x000000000000ba6e                zcbor_new_state
 .text.z_arm_fatal_error
                0x000000000000bab2        0x4 zephyr/arch/arch/arm/core/aarch32/libarch__arm__core__aarch32.a(fatal.c.obj)
                0x000000000000bab2                z_arm_fatal_error
 .text.z_do_kernel_oops
                0x000000000000bab6        0x8 zephyr/arch/arch/arm/core/aarch32/libarch__arm__core__aarch32.a(fatal.c.obj)
                0x000000000000bab6                z_do_kernel_oops
 .text.z_irq_spurious
                0x000000000000babe        0x8 zephyr/arch/arch/arm/core/aarch32/libarch__arm__core__aarch32.a(irq_manage.c.obj)
                0x000000000000babe                z_irq_spurious
 .text.z_arm_nmi
                0x000000000000bac6        0xe zephyr/arch/arch/arm/core/aarch32/libarch__arm__core__aarch32.a(nmi.c.obj)
                0x000000000000bac6                z_arm_nmi
 .text.configure_builtin_stack_guard
                0x000000000000bad4        0x8 zephyr/arch/arch/arm/core/aarch32/libarch__arm__core__aarch32.a(thread.c.obj)
                0x000000000000bad4                configure_builtin_stack_guard
 .text.arm_cmse_mpu_region_get
                0x000000000000badc       0x12 zephyr/arch/arch/arm/core/aarch32/cortex_m/cmse/libarch__arm__core__aarch32__cortex_m__cmse.a(arm_core_cmse.c.obj)
                0x000000000000badc                arm_cmse_mpu_region_get
 .text.mpu_configure_region
                0x000000000000baee       0x3a zephyr/arch/arch/arm/core/aarch32/mpu/libarch__arm__core__aarch32__mpu.a(arm_mpu.c.obj)
 .text.strlen   0x000000000000bb28        0xe zephyr/lib/libc/minimal/liblib__libc__minimal.a(string.c.obj)
                0x000000000000bb28                strlen
 .text.memcmp   0x000000000000bb36       0x20 zephyr/lib/libc/minimal/liblib__libc__minimal.a(string.c.obj)
                0x000000000000bb36                memcmp
 .text.memmove  0x000000000000bb56       0x2e zephyr/lib/libc/minimal/liblib__libc__minimal.a(string.c.obj)
                0x000000000000bb56                memmove
 .text.memcpy   0x000000000000bb84       0x16 zephyr/lib/libc/minimal/liblib__libc__minimal.a(string.c.obj)
                0x000000000000bb84                memcpy
 .text.memset   0x000000000000bb9a       0x12 zephyr/lib/libc/minimal/liblib__libc__minimal.a(string.c.obj)
                0x000000000000bb9a                memset
 .text.sprintf_out
                0x000000000000bbac       0x1a zephyr/lib/libc/minimal/liblib__libc__minimal.a(sprintf.c.obj)
 .text.setup    0x000000000000bbc6        0x4 zephyr/boards/boards/arm/thingy53_nrf5340_cpuapp/libboards__arm__thingy53_nrf5340.a(board.c.obj)
 .text.ep_ctx_reset
                0x000000000000bbca       0x26 zephyr/drivers/usb/device/libdrivers__usb__device.a(usb_dc_nrfx.c.obj)
 .text.attached_evt_delay_handler
                0x000000000000bbf0        0x6 zephyr/drivers/usb/device/libdrivers__usb__device.a(usb_dc_nrfx.c.obj)
 .text.k_mutex_lock.constprop.0.isra.0
                0x000000000000bbf6        0x4 zephyr/drivers/usb/device/libdrivers__usb__device.a(usb_dc_nrfx.c.obj)
 .text.k_mutex_unlock.isra.0
                0x000000000000bbfa        0x4 zephyr/drivers/usb/device/libdrivers__usb__device.a(usb_dc_nrfx.c.obj)
 .text.usb_dc_ep_check_cap
                0x000000000000bbfe       0x30 zephyr/drivers/usb/device/libdrivers__usb__device.a(usb_dc_nrfx.c.obj)
                0x000000000000bbfe                usb_dc_ep_check_cap
 .text.usb_dc_ep_disable
                0x000000000000bc2e       0x32 zephyr/drivers/usb/device/libdrivers__usb__device.a(usb_dc_nrfx.c.obj)
                0x000000000000bc2e                usb_dc_ep_disable
 .text.usb_dc_ep_read
                0x000000000000bc60       0x1e zephyr/drivers/usb/device/libdrivers__usb__device.a(usb_dc_nrfx.c.obj)
                0x000000000000bc60                usb_dc_ep_read
 .text.get_status
                0x000000000000bc7e       0x12 zephyr/drivers/clock_control/libdrivers__clock_control.a(clock_control_nrf.c.obj)
 .text.set_on_state
                0x000000000000bc90       0x26 zephyr/drivers/clock_control/libdrivers__clock_control.a(clock_control_nrf.c.obj)
 .text.stop     0x000000000000bcb6       0x54 zephyr/drivers/clock_control/libdrivers__clock_control.a(clock_control_nrf.c.obj)
 .text.api_stop
                0x000000000000bd0a        0x6 zephyr/drivers/clock_control/libdrivers__clock_control.a(clock_control_nrf.c.obj)
 .text.async_start
                0x000000000000bd10       0x5e zephyr/drivers/clock_control/libdrivers__clock_control.a(clock_control_nrf.c.obj)
 .text.api_start
                0x000000000000bd6e        0xe zephyr/drivers/clock_control/libdrivers__clock_control.a(clock_control_nrf.c.obj)
 .text.onoff_started_callback
                0x000000000000bd7c       0x12 zephyr/drivers/clock_control/libdrivers__clock_control.a(clock_control_nrf.c.obj)
 .text.hfclkaudio_start
                0x000000000000bd8e        0x6 zephyr/drivers/clock_control/libdrivers__clock_control.a(clock_control_nrf.c.obj)
 .text.hfclk192m_start
                0x000000000000bd94        0x6 zephyr/drivers/clock_control/libdrivers__clock_control.a(clock_control_nrf.c.obj)
 .text.lfclk_start