Archive member included to satisfy reference by file (symbol)

app/libapp.a(main.c.obj)      (--whole-archive)
zephyr/libzephyr.a(cbprintf_packaged.c.obj)
                              (--whole-archive)
zephyr/libzephyr.a(dec.c.obj)
                              (--whole-archive)
zephyr/libzephyr.a(fdtable.c.obj)
                              (--whole-archive)
zephyr/libzephyr.a(hex.c.obj)
                              (--whole-archive)
zephyr/libzephyr.a(printk.c.obj)
                              (--whole-archive)
zephyr/libzephyr.a(rb.c.obj)  (--whole-archive)
zephyr/libzephyr.a(sem.c.obj)
                              (--whole-archive)
zephyr/libzephyr.a(thread_entry.c.obj)
                              (--whole-archive)
zephyr/libzephyr.a(timeutil.c.obj)
                              (--whole-archive)
zephyr/libzephyr.a(heap.c.obj)
                              (--whole-archive)
zephyr/libzephyr.a(heap-validate.c.obj)
                              (--whole-archive)
zephyr/libzephyr.a(bitarray.c.obj)
                              (--whole-archive)
zephyr/libzephyr.a(multi_heap.c.obj)
                              (--whole-archive)
zephyr/libzephyr.a(onoff.c.obj)
                              (--whole-archive)
zephyr/libzephyr.a(notify.c.obj)
                              (--whole-archive)
zephyr/libzephyr.a(crc32c_sw.c.obj)
                              (--whole-archive)
zephyr/libzephyr.a(crc32_sw.c.obj)
                              (--whole-archive)
zephyr/libzephyr.a(crc16_sw.c.obj)
                              (--whole-archive)
zephyr/libzephyr.a(crc8_sw.c.obj)
                              (--whole-archive)
zephyr/libzephyr.a(crc7_sw.c.obj)
                              (--whole-archive)
zephyr/libzephyr.a(cbprintf_complete.c.obj)
                              (--whole-archive)
zephyr/libzephyr.a(cbprintf.c.obj)
                              (--whole-archive)
zephyr/libzephyr.a(assert.c.obj)
                              (--whole-archive)
zephyr/libzephyr.a(reboot.c.obj)
                              (--whole-archive)
zephyr/libzephyr.a(configs.c.obj)
                              (--whole-archive)
zephyr/libzephyr.a(soc.c.obj)
                              (--whole-archive)
zephyr/libzephyr.a(soc_nrf_common.S.obj)
                              (--whole-archive)
zephyr/libzephyr.a(validate_base_addresses.c.obj)
                              (--whole-archive)
zephyr/libzephyr.a(validate_enabled_instances.c.obj)
                              (--whole-archive)
zephyr/libzephyr.a(ipc_service.c.obj)
                              (--whole-archive)
zephyr/libzephyr.a(ipc_rpmsg_static_vrings.c.obj)
                              (--whole-archive)
zephyr/libzephyr.a(ipc_rpmsg.c.obj)
                              (--whole-archive)
zephyr/libzephyr.a(ipc_static_vrings.c.obj)
                              (--whole-archive)
zephyr/libzephyr.a(tracing_none.c.obj)
                              (--whole-archive)
zephyr/libzephyr.a(flash_map_partition_manager.c.obj)
                              (--whole-archive)
zephyr/arch/common/libarch__common.a(sw_isr_common.c.obj)
                              (--whole-archive)
zephyr/arch/arch/arm/core/aarch32/libarch__arm__core__aarch32.a(cpu_idle.S.obj)
                              (--whole-archive)
zephyr/arch/arch/arm/core/aarch32/libarch__arm__core__aarch32.a(fatal.c.obj)
                              (--whole-archive)
zephyr/arch/arch/arm/core/aarch32/libarch__arm__core__aarch32.a(irq_manage.c.obj)
                              (--whole-archive)
zephyr/arch/arch/arm/core/aarch32/libarch__arm__core__aarch32.a(nmi.c.obj)
                              (--whole-archive)
zephyr/arch/arch/arm/core/aarch32/libarch__arm__core__aarch32.a(nmi_on_reset.S.obj)
                              (--whole-archive)
zephyr/arch/arch/arm/core/aarch32/libarch__arm__core__aarch32.a(prep_c.c.obj)
                              (--whole-archive)
zephyr/arch/arch/arm/core/aarch32/libarch__arm__core__aarch32.a(swap.c.obj)
                              (--whole-archive)
zephyr/arch/arch/arm/core/aarch32/libarch__arm__core__aarch32.a(swap_helper.S.obj)
                              (--whole-archive)
zephyr/arch/arch/arm/core/aarch32/libarch__arm__core__aarch32.a(thread.c.obj)
                              (--whole-archive)
zephyr/arch/arch/arm/core/aarch32/libarch__arm__core__aarch32.a(isr_wrapper.S.obj)
                              (--whole-archive)
zephyr/arch/arch/arm/core/aarch32/cortex_m/libarch__arm__core__aarch32__cortex_m.a(exc_exit.S.obj)
                              (--whole-archive)
zephyr/arch/arch/arm/core/aarch32/cortex_m/libarch__arm__core__aarch32__cortex_m.a(fault.c.obj)
                              (--whole-archive)
zephyr/arch/arch/arm/core/aarch32/cortex_m/libarch__arm__core__aarch32__cortex_m.a(fault_s.S.obj)
                              (--whole-archive)
zephyr/arch/arch/arm/core/aarch32/cortex_m/libarch__arm__core__aarch32__cortex_m.a(fpu.c.obj)
[...]
Memory Configuration

Name             Origin             Length             Attributes
FLASH            0x0000000001000000 0x0000000000040000 xr
RAM              0x0000000021000000 0x0000000000010000 xw
SRAM1            0x0000000021000000 0x0000000000010000
IDT_LIST         0x00000000fffff7ff 0x0000000000000800 xw
*default*        0x0000000000000000 0xffffffffffffffff

Linker script and memory map

LOAD zephyr/CMakeFiles/zephyr_pre0.dir/misc/empty_file.c.obj
LOAD zephyr/CMakeFiles/offsets.dir/./arch/arm/core/offsets/offsets.c.obj
                0x0000000000000020                _region_min_align = 0x20

.rel.plt        0x0000000001000000        0x0
 *(SORT_BY_ALIGNMENT(.rel.plt))
                [!provide]                        PROVIDE (__rel_iplt_start = .)
 *(SORT_BY_ALIGNMENT(.rel.iplt))
 .rel.iplt      0x0000000001000000        0x0 zephyr/libzephyr.a(cbprintf_packaged.c.obj)
                [!provide]                        PROVIDE (__rel_iplt_end = .)

.rela.plt       0x0000000000000000        0x0
 *(SORT_BY_ALIGNMENT(.rela.plt))
                [!provide]                        PROVIDE (__rela_iplt_start = .)
 *(SORT_BY_ALIGNMENT(.rela.iplt))
                [!provide]                        PROVIDE (__rela_iplt_end = .)

.rel.dyn
 *(SORT_BY_ALIGNMENT(.rel.*))

.rela.dyn
 *(SORT_BY_ALIGNMENT(.rela.*))

/DISCARD/
 *(SORT_BY_ALIGNMENT(.plt))

/DISCARD/
 *(SORT_BY_ALIGNMENT(.iplt))
                0x0000000001000000                __rom_region_start = 0x1000000

rom_start       0x0000000001000000       0xb8
                0x0000000000000000                . = 0x0
                0x0000000000000000                . = ALIGN (0x4)
                0x0000000000000000                . = ALIGN (0x80)
                0x0000000000000000                . = ALIGN (0x100)
                0x0000000001000000                _vector_start = .
 *(SORT_BY_ALIGNMENT(.exc_vector_table))
 *(SORT_BY_ALIGNMENT(.exc_vector_table.*))
 .exc_vector_table._vector_table_section
                0x0000000001000000       0x40 zephyr/arch/arch/arm/core/aarch32/cortex_m/libarch__arm__core__aarch32__cortex_m.a(vector_table.S.obj)
                0x0000000001000000                _vector_table
 *(SORT_BY_ALIGNMENT(.vectors))
                0x00000000010000b8                _vector_end = .
                0x0000000001000040                . = ALIGN (0x4)
 *(SORT_BY_ALIGNMENT(.gnu.linkonce.irq_vector_table*))
 .gnu.linkonce.irq_vector_table
                0x0000000001000040       0x78 zephyr/arch/common/libisr_tables.a(isr_tables.c.obj)
                0x0000000001000040                _irq_vector_table
                0x00000000010000b8                _vector_end = .

text            0x00000000010000b8    0x15390
                0x00000000010000b8                __text_region_start = .
 *(SORT_BY_ALIGNMENT(.text))
 .text          0x00000000010000b8       0xa0 /Users/pierre.urtado/.local/opt/zephyr-sdk-0.17.1/arm-zephyr-eabi/bin/../lib/gcc/arm-zephyr-eabi/12.2.0/thumb/v8-m.main/nofp/libgcc.a(_aeabi_ldivmod.o)
                0x00000000010000b8                __aeabi_ldivmod
 .text          0x0000000001000158       0x30 /Users/pierre.urtado/.local/opt/zephyr-sdk-0.17.1/arm-zephyr-eabi/bin/../lib/gcc/arm-zephyr-eabi/12.2.0/thumb/v8-m.main/nofp/libgcc.a(_aeabi_uldivmod.o)
                0x0000000001000158                __aeabi_uldivmod
 .text          0x0000000001000188        0x4 /Users/pierre.urtado/.local/opt/zephyr-sdk-0.17.1/arm-zephyr-eabi/bin/../lib/gcc/arm-zephyr-eabi/12.2.0/thumb/v8-m.main/nofp/libgcc.a(_dvmd_tls.o)
                0x0000000001000188                __aeabi_ldiv0
                0x0000000001000188                __aeabi_idiv0
 .text          0x000000000100018c       0x34 /Users/pierre.urtado/thingy53-ws/nrfxlib/mpsl/lib/cortex-m33+nodsp/soft-float/libmpsl.a(libmpsl_debug_soft__obfuscated.elf)
                0x000000000100018c                sym_QLJBNB55XHXGY3EZ4W3ZZ3U6AVPE2YGDOXRUZSQ
 .text          0x00000000010001c0       0x34 /Users/pierre.urtado/thingy53-ws/nrfxlib/mpsl/lib/cortex-m33+nodsp/soft-float/libmpsl.a(libmpsl_debug_soft__obfuscated.elf)
                0x00000000010001c0                sym_VWOYI7XCNXBFVPWSS6WFJ2CWKPJYCMRRQTU7QWQ
 .text          0x00000000010001f4       0x1c /Users/pierre.urtado/thingy53-ws/nrfxlib/mpsl/lib/cortex-m33+nodsp/soft-float/libmpsl.a(libmpsl_debug_soft__obfuscated.elf)
                0x00000000010001f4                mpsl_tx_power_radio_supported_power_adjust
 .text          0x0000000001000210        0xc /Users/pierre.urtado/thingy53-ws/nrfxlib/mpsl/lib/cortex-m33+nodsp/soft-float/libmpsl.a(libmpsl_debug_soft__obfuscated.elf)
                0x0000000001000210                sym_SKFSQME5SGNPYLL7B75KY7PHXFYWSRI2HSTT45A
 .text          0x000000000100021c       0x18 /Users/pierre.urtado/thingy53-ws/nrfxlib/mpsl/lib/cortex-m33+nodsp/soft-float/libmpsl.a(libmpsl_debug_soft__obfuscated.elf)
                0x000000000100021c                sym_4RNEPYYQOFM4LAOGLN2TB27X7L3XBISTGAWYOHQ
 .text          0x0000000001000234       0xa4 /Users/pierre.urtado/thingy53-ws/nrfxlib/mpsl/lib/cortex-m33+nodsp/soft-float/libmpsl.a(libmpsl_debug_soft__obfuscated.elf)
 .text          0x00000000010002d8       0x7c /Users/pierre.urtado/thingy53-ws/nrfxlib/mpsl/lib/cortex-m33+nodsp/soft-float/libmpsl.a(libmpsl_debug_soft__obfuscated.elf)
 .text          0x0000000001000354      0x108 /Users/pierre.urtado/thingy53-ws/nrfxlib/mpsl/lib/cortex-m33+nodsp/soft-float/libmpsl.a(libmpsl_debug_soft__obfuscated.elf)
 .text          0x000000000100045c      0x1f4 /Users/pierre.urtado/thingy53-ws/nrfxlib/mpsl/lib/cortex-m33+nodsp/soft-float/libmpsl.a(libmpsl_debug_soft__obfuscated.elf)
 .text          0x0000000001000650       0xf0 /Users/pierre.urtado/thingy53-ws/nrfxlib/mpsl/lib/cortex-m33+nodsp/soft-float/libmpsl.a(libmpsl_debug_soft__obfuscated.elf)
 .text          0x0000000001000740      0x1bc /Users/pierre.urtado/thingy53-ws/nrfxlib/mpsl/lib/cortex-m33+nodsp/soft-float/libmpsl.a(libmpsl_debug_soft__obfuscated.elf)
 .text          0x00000000010008fc      0x588 /Users/pierre.urtado/thingy53-ws/nrfxlib/mpsl/lib/cortex-m33+nodsp/soft-float/libmpsl.a(libmpsl_debug_soft__obfuscated.elf)
 .text          0x0000000001000e84      0x120 /Users/pierre.urtado/thingy53-ws/nrfxlib/mpsl/lib/cortex-m33+nodsp/soft-float/libmpsl.a(libmpsl_debug_soft__obfuscated.elf)
 .text          0x0000000001000fa4       0x7c /Users/pierre.urtado/thingy53-ws/nrfxlib/mpsl/lib/cortex-m33+nodsp/soft-float/libmpsl.a(libmpsl_debug_soft__obfuscated.elf)
                0x0000000001000fa4                sym_ZC6NJBPUISWILQK6OTOBMJVVUT63JRIDGH5WNCY
 .text          0x0000000001001020      0x398 /Users/pierre.urtado/thingy53-ws/nrfxlib/mpsl/lib/cortex-m33+nodsp/soft-float/libmpsl.a(libmpsl_debug_soft__obfuscated.elf)
                0x0000000001001020                sym_SFR5TVV24PZRIRC5QGOHL2X436PUHKRY2QWKP5Y
 .text          0x00000000010013b8       0x58 /Users/pierre.urtado/thingy53-ws/nrfxlib/mpsl/lib/cortex-m33+nodsp/soft-float/libmpsl.a(libmpsl_debug_soft__obfuscated.elf)
                0x00000000010013b8                sym_RPHL2J7CVNKM6GKLDIFI4NVAPZE2FHTYW4VJSJI
 .text          0x0000000001001410      0x774 /Users/pierre.urtado/thingy53-ws/nrfxlib/mpsl/lib/cortex-m33+nodsp/soft-float/libmpsl.a(libmpsl_debug_soft__obfuscated.elf)
                0x0000000001001410                sym_NFDFVOR5BUFND4TNTGYIYR4ARXJRXWSQ4PVFUKY
 .text          0x0000000001001b84        0xc /Users/pierre.urtado/thingy53-ws/nrfxlib/mpsl/lib/cortex-m33+nodsp/soft-float/libmpsl.a(libmpsl_debug_soft__obfuscated.elf)
                0x0000000001001b84                sym_VJEK4XS7F73UVK3OKMWLYLJEHOD3EB5MY72V6OQ
 .text          0x0000000001001b90      0x1d4 /Users/pierre.urtado/thingy53-ws/nrfxlib/mpsl/lib/cortex-m33+nodsp/soft-float/libmpsl.a(libmpsl_debug_soft__obfuscated.elf)
                0x0000000001001b90                sym_J5F7QGRFPKMLWRNSXZXS5YI7BM4DUTISCOASCOA
 .text          0x0000000001001d64       0x40 /Users/pierre.urtado/thingy53-ws/nrfxlib/mpsl/lib/cortex-m33+nodsp/soft-float/libmpsl.a(libmpsl_debug_soft__obfuscated.elf)
                0x0000000001001d64                MPSL_IRQ_RADIO_Handler
 .text          0x0000000001001da4      0x104 /Users/pierre.urtado/thingy53-ws/nrfxlib/mpsl/lib/cortex-m33+nodsp/soft-float/libmpsl.a(libmpsl_debug_soft__obfuscated.elf)
                0x0000000001001da4                sym_URFU24FFGR2HYB6CCPIPKPNZNMTWHKDYOATUJNY
 .text          0x0000000001001ea8       0x30 /Users/pierre.urtado/thingy53-ws/nrfxlib/mpsl/lib/cortex-m33+nodsp/soft-float/libmpsl.a(libmpsl_debug_soft__obfuscated.elf)
                0x0000000001001ea8                sym_VEWW3RW4OAPPUFDQOJ7JRKBAAFEHR5NLTH3O5OQ
 .text          0x0000000001001ed8       0x48 /Users/pierre.urtado/thingy53-ws/nrfxlib/mpsl/lib/cortex-m33+nodsp/soft-float/libmpsl.a(libmpsl_debug_soft__obfuscated.elf)
                0x0000000001001ed8                sym_KRIFY7ONBBSU6QHFDWYLN5WQPGGEBIZW5444PSQ
 .text          0x0000000001001f20        0x4 /Users/pierre.urtado/thingy53-ws/nrfxlib/mpsl/lib/cortex-m33+nodsp/soft-float/libmpsl.a(libmpsl_debug_soft__obfuscated.elf)
                0x0000000001001f20                sym_6TZLBWMEWRMPI4KKAUVLC2XHUBDGXEA4B4JJJYQ
 .text          0x0000000001001f24       0x9c /Users/pierre.urtado/thingy53-ws/nrfxlib/mpsl/lib/cortex-m33+nodsp/soft-float/libmpsl.a(libmpsl_debug_soft__obfuscated.elf)
                0x0000000001001f24                sym_FWJGAV6HUABGKXBT6K4XJ76WZDWHK3EOQOQRNOI
 .text          0x0000000001001fc0      0x244 /Users/pierre.urtado/thingy53-ws/nrfxlib/mpsl/lib/cortex-m33+nodsp/soft-float/libmpsl.a(libmpsl_debug_soft__obfuscated.elf)
                0x0000000001001fc0                sym_QWOE5H22ZADGJX5JSROW7BOI32Z6PPEEJCISNOQ
 .text          0x0000000001002204       0x1c /Users/pierre.urtado/thingy53-ws/nrfxlib/mpsl/lib/cortex-m33+nodsp/soft-float/libmpsl.a(libmpsl_debug_soft__obfuscated.elf)
                0x0000000001002204                sym_XYQTP7YX2XFVREW5KFDH2NNPGRIPEHKIO2RURYI
 .text          0x0000000001002220       0x58 /Users/pierre.urtado/thingy53-ws/nrfxlib/mpsl/lib/cortex-m33+nodsp/soft-float/libmpsl.a(libmpsl_debug_soft__obfuscated.elf)
                0x0000000001002220                sym_AOU55ZK756JLPLCLZ5TZSSVKOAWWFUNQZATBXUI
 .text          0x0000000001002278       0x34 /Users/pierre.urtado/thingy53-ws/nrfxlib/mpsl/lib/cortex-m33+nodsp/soft-float/libmpsl.a(libmpsl_debug_soft__obfuscated.elf)
                0x0000000001002278                sym_PITJNQC6YSCEFAH23N5QRORZDKCSKOAUGBUS6GA
 .text          0x00000000010022ac       0xd4 /Users/pierre.urtado/thingy53-ws/nrfxlib/mpsl/lib/cortex-m33+nodsp/soft-float/libmpsl.a(libmpsl_debug_soft__obfuscated.elf)
                0x00000000010022ac                sym_3SK52U5TD4ACVVYKWS6UI6ZPWKSLV6BW5IGCPJI
 .text          0x0000000001002380      0x1b0 /Users/pierre.urtado/thingy53-ws/nrfxlib/mpsl/lib/cortex-m33+nodsp/soft-float/libmpsl.a(libmpsl_debug_soft__obfuscated.elf)
                0x0000000001002380                sym_2ZDZA75WOMRNSQ6XL7IZWAQKYFFSRJOGBGKPTIQ
 .text          0x0000000001002530       0xc4 /Users/pierre.urtado/thingy53-ws/nrfxlib/mpsl/lib/cortex-m33+nodsp/soft-float/libmpsl.a(libmpsl_debug_soft__obfuscated.elf)
                0x0000000001002530                sym_UGOJA475OXR5HR5WFINUK27HP5BRGNWCZXQLKDI
 .text          0x00000000010025f4      0x12c /Users/pierre.urtado/thingy53-ws/nrfxlib/mpsl/lib/cortex-m33+nodsp/soft-float/libmpsl.a(libmpsl_debug_soft__obfuscated.elf)
                0x00000000010025f4                sym_QUBGY7RMPG7R5F6DVNURH4AVGDAWMK46YXU4DRA
 .text          0x0000000001002720        0xc /Users/pierre.urtado/thingy53-ws/nrfxlib/mpsl/lib/cortex-m33+nodsp/soft-float/libmpsl.a(libmpsl_debug_soft__obfuscated.elf)
                0x0000000001002720                sym_RUQO26WM5KVVEW7O3OHCXPO7LLLXRBDPIPSWIWY
 .text          0x000000000100272c       0x10 /Users/pierre.urtado/thingy53-ws/nrfxlib/mpsl/lib/cortex-m33+nodsp/soft-float/libmpsl.a(libmpsl_debug_soft__obfuscated.elf)
                0x000000000100272c                sym_FY657WZD5QKMAW2TUBIU3E4BZ5M7DEVBKNG65HA
 .text          0x000000000100273c        0xc /Users/pierre.urtado/thingy53-ws/nrfxlib/mpsl/lib/cortex-m33+nodsp/soft-float/libmpsl.a(libmpsl_debug_soft__obfuscated.elf)
                0x000000000100273c                sym_M4DIQOXJAE3BNHQBIUCZXAABSM24CWUEJOCU7DY
 .text          0x0000000001002748       0x44 /Users/pierre.urtado/thingy53-ws/nrfxlib/mpsl/lib/cortex-m33+nodsp/soft-float/libmpsl.a(libmpsl_debug_soft__obfuscated.elf)
                0x0000000001002748                sym_ER2LFPTHTSYOYONJR4JS5HXOBOW2Y522PSIGIAQ
 .text          0x000000000100278c      0x114 /Users/pierre.urtado/thingy53-ws/nrfxlib/mpsl/lib/cortex-m33+nodsp/soft-float/libmpsl.a(libmpsl_debug_soft__obfuscated.elf)
                0x000000000100278c                sym_X2K67YH6UCW6TFK6NTLPZZFGWYHTTPZYK5PXHNQ
 .text          0x00000000010028a0      0x110 /Users/pierre.urtado/thingy53-ws/nrfxlib/mpsl/lib/cortex-m33+nodsp/soft-float/libmpsl.a(libmpsl_debug_soft__obfuscated.elf)
                0x00000000010028a0                sym_TSYEIN5CZPQE3YK6VECZD5C2M4LMXKKH6O7LNAY
 .text          0x00000000010029b0       0x94 /Users/pierre.urtado/thingy53-ws/nrfxlib/mpsl/lib/cortex-m33+nodsp/soft-float/libmpsl.a(libmpsl_debug_soft__obfuscated.elf)
                0x00000000010029b0                sym_OLTN5HGCU3P74AJAQRGNYBUXASUKWF3RI2Q3H5Q
 .text          0x0000000001002a44      0x120 /Users/pierre.urtado/thingy53-ws/nrfxlib/mpsl/lib/cortex-m33+nodsp/soft-float/libmpsl.a(libmpsl_debug_soft__obfuscated.elf)
                0x0000000001002a44                MPSL_IRQ_RTC0_Handler
 .text          0x0000000001002b64      0x174 /Users/pierre.urtado/thingy53-ws/nrfxlib/mpsl/lib/cortex-m33+nodsp/soft-float/libmpsl.a(libmpsl_debug_soft__obfuscated.elf)
                0x0000000001002b64                MPSL_IRQ_TIMER0_Handler
 .text          0x0000000001002cd8       0x28 /Users/pierre.urtado/thingy53-ws/nrfxlib/mpsl/lib/cortex-m33+nodsp/soft-float/libmpsl.a(libmpsl_debug_soft__obfuscated.elf)
                0x0000000001002cd8                sym_52O7VXVVZYQGD3Z6C3FDJLGBNMQQ6XC5LJ3IFRQ
 .text          0x0000000001002d00       0x10 /Users/pierre.urtado/thingy53-ws/nrfxlib/mpsl/lib/cortex-m33+nodsp/soft-float/libmpsl.a(libmpsl_debug_soft__obfuscated.elf)
                0x0000000001002d00                sym_476ZEBCLN4VRBESFX6B7F6TMVQVNPVCGXRXSHHY
 .text          0x0000000001002d10        0xc /Users/pierre.urtado/thingy53-ws/nrfxlib/mpsl/lib/cortex-m33+nodsp/soft-float/libmpsl.a(libmpsl_debug_soft__obfuscated.elf)
                0x0000000001002d10                sym_HUWGHJMM42MANQTSVL3EY7E3VE4XM4JTQUIQAII
 .text          0x0000000001002d1c       0x14 /Users/pierre.urtado/thingy53-ws/nrfxlib/mpsl/lib/cortex-m33+nodsp/soft-float/libmpsl.a(libmpsl_debug_soft__obfuscated.elf)
                0x0000000001002d1c                sym_3RLTHYPNUGF2GJUCXUGLNFS6UK7UWZOBB6PWVDI
 .text          0x0000000001002d30       0x14 /Users/pierre.urtado/thingy53-ws/nrfxlib/mpsl/lib/cortex-m33+nodsp/soft-float/libmpsl.a(libmpsl_debug_soft__obfuscated.elf)
                0x0000000001002d30                sym_7TCBS6SSQW4V3WJBKAXLOSA2HN4KF7UYAM2QFKI
 .text          0x0000000001002d44       0x14 /Users/pierre.urtado/thingy53-ws/nrfxlib/mpsl/lib/cortex-m33+nodsp/soft-float/libmpsl.a(libmpsl_debug_soft__obfuscated.elf)
 .text          0x0000000001002d58       0x20 /Users/pierre.urtado/thingy53-ws/nrfxlib/mpsl/lib/cortex-m33+nodsp/soft-float/libmpsl.a(libmpsl_debug_soft__obfuscated.elf)
 .text          0x0000000001002d78       0x34 /Users/pierre.urtado/thingy53-ws/nrfxlib/mpsl/lib/cortex-m33+nodsp/soft-float/libmpsl.a(libmpsl_debug_soft__obfuscated.elf)
 .text          0x0000000001002dac       0x40 /Users/pierre.urtado/thingy53-ws/nrfxlib/mpsl/lib/cortex-m33+nodsp/soft-float/libmpsl.a(libmpsl_debug_soft__obfuscated.elf)
 .text          0x0000000001002dec       0x24 /Users/pierre.urtado/thingy53-ws/nrfxlib/mpsl/lib/cortex-m33+nodsp/soft-float/libmpsl.a(libmpsl_debug_soft__obfuscated.elf)
 .text          0x0000000001002e10       0xf8 /Users/pierre.urtado/thingy53-ws/nrfxlib/mpsl/lib/cortex-m33+nodsp/soft-float/libmpsl.a(libmpsl_debug_soft__obfuscated.elf)
 .text          0x0000000001002f08        0xc /Users/pierre.urtado/thingy53-ws/nrfxlib/mpsl/lib/cortex-m33+nodsp/soft-float/libmpsl.a(libmpsl_debug_soft__obfuscated.elf)
                0x0000000001002f08                sym_JNBYD5ZJ5MPK62ZKHKS33GEXMN2T7JK3PFE544A
 .text          0x0000000001002f14      0x100 /Users/pierre.urtado/thingy53-ws/nrfxlib/mpsl/lib/cortex-m33+nodsp/soft-float/libmpsl.a(libmpsl_debug_soft__obfuscated.elf)
                0x0000000001002f14                sym_SMM7FXAGNH5CGLSU6FKRBG24XS3XTMWJCOJFD6Q
 .text          0x0000000001003014       0x28 /Users/pierre.urtado/thingy53-ws/nrfxlib/mpsl/lib/cortex-m33+nodsp/soft-float/libmpsl.a(libmpsl_debug_soft__obfuscated.elf)
                0x0000000001003014                sym_XEJLNUQGS5P4R5IXDJFF6NE6C2FZWRZYDQOGMPI
 .text          0x000000000100303c        0xc /Users/pierre.urtado/thingy53-ws/nrfxlib/mpsl/lib/cortex-m33+nodsp/soft-float/libmpsl.a(libmpsl_debug_soft__obfuscated.elf)
                0x000000000100303c                sym_MGDULS4U2D5VQ5NBLZDC7UTSC6O3GJASJZPQJ2Q
 .text          0x0000000001003048       0x28 /Users/pierre.urtado/thingy53-ws/nrfxlib/mpsl/lib/cortex-m33+nodsp/soft-float/libmpsl.a(libmpsl_debug_soft__obfuscated.elf)
                0x0000000001003048                sym_PEUB6CZG5CWXXD4M2S6OVBXZGDFOG4XII7USUDQ
 .text          0x0000000001003070       0x38 /Users/pierre.urtado/thingy53-ws/nrfxlib/mpsl/lib/cortex-m33+nodsp/soft-float/libmpsl.a(libmpsl_debug_soft__obfuscated.elf)
                0x0000000001003070                mpsl_clock_hfclk_request
 .text          0x00000000010030a8       0x34 /Users/pierre.urtado/thingy53-ws/nrfxlib/mpsl/lib/cortex-m33+nodsp/soft-float/libmpsl.a(libmpsl_debug_soft__obfuscated.elf)
 .text          0x00000000010030dc       0x4c /Users/pierre.urtado/thingy53-ws/nrfxlib/mpsl/lib/cortex-m33+nodsp/soft-float/libmpsl.a(libmpsl_debug_soft__obfuscated.elf)
 .text          0x0000000001003128       0x38 /Users/pierre.urtado/thingy53-ws/nrfxlib/mpsl/lib/cortex-m33+nodsp/soft-float/libmpsl.a(libmpsl_debug_soft__obfuscated.elf)
                0x0000000001003128                sym_AF5XKA2WT4DMFZTLKHOBWE7E2EZAMLDDFPQGGTQ
 .text          0x0000000001003160       0x1c /Users/pierre.urtado/thingy53-ws/nrfxlib/mpsl/lib/cortex-m33+nodsp/soft-float/libmpsl.a(libmpsl_debug_soft__obfuscated.elf)
                0x0000000001003160                mpsl_clock_hfclk_release
 .text          0x000000000100317c       0x84 /Users/pierre.urtado/thingy53-ws/nrfxlib/mpsl/lib/cortex-m33+nodsp/soft-float/libmpsl.a(libmpsl_debug_soft__obfuscated.elf)
                0x000000000100317c                sym_A4JUKJUCTJV55V2WD6TXU63VO5GAMB4XA4EE56Q
 .text          0x0000000001003200       0xa4 /Users/pierre.urtado/thingy53-ws/nrfxlib/mpsl/lib/cortex-m33+nodsp/soft-float/libmpsl.a(libmpsl_debug_soft__obfuscated.elf)
                0x0000000001003200                MPSL_IRQ_CLOCK_Handler
 .text          0x00000000010032a4       0x18 /Users/pierre.urtado/thingy53-ws/nrfxlib/mpsl/lib/cortex-m33+nodsp/soft-float/libmpsl.a(libmpsl_debug_soft__obfuscated.elf)
                0x00000000010032a4                sym_4PX37LW4KIUYQZ73JWLPH5GAGIRWAKTV3E6F62Q
 .text          0x00000000010032bc      0x1b8 /Users/pierre.urtado/thingy53-ws/nrfxlib/mpsl/lib/cortex-m33+nodsp/soft-float/libmpsl.a(libmpsl_debug_soft__obfuscated.elf)
                0x00000000010032bc                sym_FYHKZOVAJN6VDDHY43FT7PF4YLRDHWRTEWHFG6I
 .text          0x0000000001003474        0xc /Users/pierre.urtado/thingy53-ws/nrfxlib/mpsl/lib/cortex-m33+nodsp/soft-float/libmpsl.a(libmpsl_debug_soft__obfuscated.elf)
                0x0000000001003474                sym_IFJHPQV3B4EIN6OIUP3LZSPJBF5HLX2VYD323GA
 .text          0x0000000001003480       0x1c /Users/pierre.urtado/thingy53-ws/nrfxlib/mpsl/lib/cortex-m33+nodsp/soft-float/libmpsl.a(libmpsl_debug_soft__obfuscated.elf)
                0x0000000001003480                sym_XK3TMLCZALCYYWGULGHQIRSOBMPIIPJ7HEMOZIQ
 .text          0x000000000100349c        0xc /Users/pierre.urtado/thingy53-ws/nrfxlib/mpsl/lib/cortex-m33+nodsp/soft-float/libmpsl.a(libmpsl_debug_soft__obfuscated.elf)
                0x000000000100349c                sym_PIRI3CTIHOPR5MPDQRHBJRRZEA2NVOD4J3GXGOA
 .text          0x00000000010034a8       0x20 /Users/pierre.urtado/thingy53-ws/nrfxlib/mpsl/lib/cortex-m33+nodsp/soft-float/libmpsl.a(libmpsl_debug_soft__obfuscated.elf)
                0x00000000010034a8                sym_LIY23QT3GHIV7NCGJ6ZW6LB2ZUSI56CIFCL6HUY
 .text          0x00000000010034c8       0x10 /Users/pierre.urtado/thingy53-ws/nrfxlib/mpsl/lib/cortex-m33+nodsp/soft-float/libmpsl.a(libmpsl_debug_soft__obfuscated.elf)
                0x00000000010034c8                sym_TIWHB6UQGI33JQCQDL7C2BRAEXCRAFYENVN6QEI
 .text          0x00000000010034d8       0x10 /Users/pierre.urtado/thingy53-ws/nrfxlib/mpsl/lib/cortex-m33+nodsp/soft-float/libmpsl.a(libmpsl_debug_soft__obfuscated.elf)
                0x00000000010034d8                sym_AL7FCNVVCF72BNYCTLA5UGAWCQFXFPGE2ULTWOA
 .text          0x00000000010034e8       0x10 /Users/pierre.urtado/thingy53-ws/nrfxlib/mpsl/lib/cortex-m33+nodsp/soft-float/libmpsl.a(libmpsl_debug_soft__obfuscated.elf)
                0x00000000010034e8                sym_7BUNPUBNWNFVXXIMNFFNK765OVON5LBIUZ66QRI
 .text          0x00000000010034f8       0x24 /Users/pierre.urtado/thingy53-ws/nrfxlib/mpsl/lib/cortex-m33+nodsp/soft-float/libmpsl.a(libmpsl_debug_soft__obfuscated.elf)
                0x00000000010034f8                sym_LZEJCP3HZIBKMJQC47UQXAHGCQ52QF47EXOH2WA
 .text          0x000000000100351c       0x24 /Users/pierre.urtado/thingy53-ws/nrfxlib/mpsl/lib/cortex-m33+nodsp/soft-float/libmpsl.a(libmpsl_debug_soft__obfuscated.elf)
 .text          0x0000000001003540       0x30 /Users/pierre.urtado/thingy53-ws/nrfxlib/mpsl/lib/cortex-m33+nodsp/soft-float/libmpsl.a(libmpsl_debug_soft__obfuscated.elf)
 .text          0x0000000001003570       0x30 /Users/pierre.urtado/thingy53-ws/nrfxlib/mpsl/lib/cortex-m33+nodsp/soft-float/libmpsl.a(libmpsl_debug_soft__obfuscated.elf)
 .text          0x00000000010035a0       0x70 /Users/pierre.urtado/thingy53-ws/nrfxlib/mpsl/lib/cortex-m33+nodsp/soft-float/libmpsl.a(libmpsl_debug_soft__obfuscated.elf)
                0x00000000010035a0                mpsl_init
 .text          0x0000000001003610       0x14 /Users/pierre.urtado/thingy53-ws/nrfxlib/mpsl/lib/cortex-m33+nodsp/soft-float/libmpsl.a(libmpsl_debug_soft__obfuscated.elf)
                0x0000000001003610                sym_4JLKMM32SOXCP6XBYAWZDUIMUJIYXLKKDBOFLHI
 .text          0x0000000001003624       0x58 /Users/pierre.urtado/thingy53-ws/nrfxlib/mpsl/lib/cortex-m33+nodsp/soft-float/libmpsl.a(libmpsl_debug_soft__obfuscated.elf)
                0x0000000001003624                sym_S2UAPMFVIQXDUOA6CV7GJMB33TYHEUH5D6LHO5Q
 .text          0x000000000100367c       0x28 /Users/pierre.urtado/thingy53-ws/nrfxlib/mpsl/lib/cortex-m33+nodsp/soft-float/libmpsl.a(libmpsl_debug_soft__obfuscated.elf)
                0x000000000100367c                sym_XR32KBBIVYD5OVRJM2RBQ57EGCCM2C3F5IY6OHQ
 .text          0x00000000010036a4       0x7c /Users/pierre.urtado/thingy53-ws/nrfxlib/mpsl/lib/cortex-m33+nodsp/soft-float/libmpsl.a(libmpsl_debug_soft__obfuscated.elf)
                0x00000000010036a4                mpsl_temperature_get
 .text          0x0000000001003720       0x38 /Users/pierre.urtado/thingy53-ws/nrfxlib/mpsl/lib/cortex-m33+nodsp/soft-float/libmpsl.a(libmpsl_debug_soft__obfuscated.elf)
                0x0000000001003720                sym_W7ROFHNOSDKPIRUKDGIZZ5YR3MC3DAM2YLJOUIA
 .text          0x0000000001003758       0x38 /Users/pierre.urtado/thingy53-ws/nrfxlib/mpsl/lib/cortex-m33+nodsp/soft-float/libmpsl.a(libmpsl_debug_soft__obfuscated.elf)
                0x0000000001003758                sym_GURZ3AH6X65RGSKYMYNWZVP6HM56LA5MRAQWT6Q
 .text          0x0000000001003790       0x50 /Users/pierre.urtado/thingy53-ws/nrfxlib/mpsl/lib/cortex-m33+nodsp/soft-float/libmpsl.a(libmpsl_debug_soft__obfuscated.elf)
                0x0000000001003790                sym_VWGRUQT3LYZHLYS5KJ7UOCJEHLDJTWH4RVJBGKQ
 .text          0x00000000010037e0        0x8 /Users/pierre.urtado/thingy53-ws/nrfxlib/mpsl/lib/cortex-m33+nodsp/soft-float/libmpsl.a(libmpsl_debug_soft__obfuscated.elf)
                0x00000000010037e0                sym_4WL3TG4Q7RCTFEMPQ2CQTOL4PAKUULDPJUM5DTY
 .text          0x00000000010037e8       0xd8 /Users/pierre.urtado/thingy53-ws/nrfxlib/mpsl/lib/cortex-m33+nodsp/soft-float/libmpsl.a(libmpsl_debug_soft__obfuscated.elf)
                0x00000000010037e8                sym_VSILKYHVQ5DVF6LG5MG267DQVA3A2XZQ6FSCLXA
 .text          0x00000000010038c0        0xc /Users/pierre.urtado/thingy53-ws/nrfxlib/mpsl/lib/cortex-m33+nodsp/soft-float/libmpsl.a(libmpsl_debug_soft__obfuscated.elf)
                0x00000000010038c0                mpsl_cx_request
 .text          0x00000000010038cc        0xc /Users/pierre.urtado/thingy53-ws/nrfxlib/mpsl/lib/cortex-m33+nodsp/soft-float/libmpsl.a(libmpsl_debug_soft__obfuscated.elf)
                0x00000000010038cc                mpsl_cx_release
 .text          0x00000000010038d8        0xc /Users/pierre.urtado/thingy53-ws/nrfxlib/mpsl/lib/cortex-m33+nodsp/soft-float/libmpsl.a(libmpsl_debug_soft__obfuscated.elf)
                0x00000000010038d8                mpsl_cx_granted_ops_get
 .text          0x00000000010038e4        0xc /Users/pierre.urtado/thingy53-ws/nrfxlib/mpsl/lib/cortex-m33+nodsp/soft-float/libmpsl.a(libmpsl_debug_soft__obfuscated.elf)
                0x00000000010038e4                mpsl_cx_register_callback
 .text          0x00000000010038f0       0x64 /Users/pierre.urtado/thingy53-ws/nrfxlib/mpsl/lib/cortex-m33+nodsp/soft-float/libmpsl.a(libmpsl_debug_soft__obfuscated.elf)
 .text          0x0000000001003954       0x38 /Users/pierre.urtado/thingy53-ws/nrfxlib/mpsl/lib/cortex-m33+nodsp/soft-float/libmpsl.a(libmpsl_debug_soft__obfuscated.elf)
 .text          0x000000000100398c       0x48 /Users/pierre.urtado/thingy53-ws/nrfxlib/mpsl/lib/cortex-m33+nodsp/soft-float/libmpsl.a(libmpsl_debug_soft__obfuscated.elf)
 .text          0x00000000010039d4       0xb0 /Users/pierre.urtado/thingy53-ws/nrfxlib/mpsl/lib/cortex-m33+nodsp/soft-float/libmpsl.a(libmpsl_debug_soft__obfuscated.elf)
 .text          0x0000000001003a84       0x6c /Users/pierre.urtado/thingy53-ws/nrfxlib/mpsl/lib/cortex-m33+nodsp/soft-float/libmpsl.a(libmpsl_debug_soft__obfuscated.elf)
                0x0000000001003a84                nrf_raal_init
 .text          0x0000000001003af0       0x48 /Users/pierre.urtado/thingy53-ws/nrfxlib/mpsl/lib/cortex-m33+nodsp/soft-float/libmpsl.a(libmpsl_debug_soft__obfuscated.elf)
                0x0000000001003af0                nrf_raal_continuous_mode_exit
 .text          0x0000000001003b38       0x38 /Users/pierre.urtado/thingy53-ws/nrfxlib/mpsl/lib/cortex-m33+nodsp/soft-float/libmpsl.a(libmpsl_debug_soft__obfuscated.elf)
                0x0000000001003b38                nrf_raal_continuous_ended
 .text          0x0000000001003b70       0x54 /Users/pierre.urtado/thingy53-ws/nrfxlib/mpsl/lib/cortex-m33+nodsp/soft-float/libmpsl.a(libmpsl_debug_soft__obfuscated.elf)
                0x0000000001003b70                nrf_raal_timeslot_us_left_get
 .text          0x0000000001003bc4       0x5c /Users/pierre.urtado/thingy53-ws/nrfxlib/mpsl/lib/cortex-m33+nodsp/soft-float/libmpsl.a(libmpsl_debug_soft__obfuscated.elf)
                0x0000000001003bc4                nrf_raal_continuous_mode_enter
 .text          0x0000000001003c20       0x2c /Users/pierre.urtado/thingy53-ws/nrfxlib/mpsl/lib/cortex-m33+nodsp/soft-float/libmpsl.a(libmpsl_debug_soft__obfuscated.elf)
 .text          0x0000000001003c4c       0xe0 /Users/pierre.urtado/thingy53-ws/nrfxlib/mpsl/lib/cortex-m33+nodsp/soft-float/libmpsl.a(libmpsl_debug_soft__obfuscated.elf)
 .text          0x0000000001003d2c        0xc /Users/pierre.urtado/thingy53-ws/nrfxlib/mpsl/lib/cortex-m33+nodsp/soft-float/libmpsl.a(libmpsl_debug_soft__obfuscated.elf)
                0x0000000001003d2c                sym_FLYO2O6PDDEK6WCFFGJRAPCMRB5FFHTEEHI4Z2Q
 .text          0x0000000001003d38       0xbc /Users/pierre.urtado/thingy53-ws/nrfxlib/mpsl/lib/cortex-m33+nodsp/soft-float/libmpsl.a(libmpsl_debug_soft__obfuscated.elf)
 .text          0x0000000001003df4      0x1f4 /Users/pierre.urtado/thingy53-ws/nrfxlib/mpsl/lib/cortex-m33+nodsp/soft-float/libmpsl.a(libmpsl_debug_soft__obfuscated.elf)
 .text          0x0000000001003fe8      0x1c0 /Users/pierre.urtado/thingy53-ws/nrfxlib/mpsl/lib/cortex-m33+nodsp/soft-float/libmpsl.a(libmpsl_debug_soft__obfuscated.elf)
 .text          0x00000000010041a8       0xb8 /Users/pierre.urtado/thingy53-ws/nrfxlib/mpsl/lib/cortex-m33+nodsp/soft-float/libmpsl.a(libmpsl_debug_soft__obfuscated.elf)
 .text          0x0000000001004260      0x170 /Users/pierre.urtado/thingy53-ws/nrfxlib/mpsl/lib/cortex-m33+nodsp/soft-float/libmpsl.a(libmpsl_debug_soft__obfuscated.elf)
 .text          0x00000000010043d0       0x1c /Users/pierre.urtado/thingy53-ws/nrfxlib/mpsl/lib/cortex-m33+nodsp/soft-float/libmpsl.a(libmpsl_debug_soft__obfuscated.elf)
 .text          0x00000000010043ec       0x14 /Users/pierre.urtado/thingy53-ws/nrfxlib/mpsl/lib/cortex-m33+nodsp/soft-float/libmpsl.a(libmpsl_debug_soft__obfuscated.elf)
 .text          0x0000000001004400       0x24 /Users/pierre.urtado/thingy53-ws/nrfxlib/mpsl/lib/cortex-m33+nodsp/soft-float/libmpsl.a(libmpsl_debug_soft__obfuscated.elf)
 .text          0x0000000001004424       0xfc /Users/pierre.urtado/thingy53-ws/nrfxlib/mpsl/lib/cortex-m33+nodsp/soft-float/libmpsl.a(libmpsl_debug_soft__obfuscated.elf)
 .text          0x0000000001004520       0xf4 /Users/pierre.urtado/thingy53-ws/nrfxlib/mpsl/lib/cortex-m33+nodsp/soft-float/libmpsl.a(libmpsl_debug_soft__obfuscated.elf)
 .text          0x0000000001004614      0x140 /Users/pierre.urtado/thingy53-ws/nrfxlib/mpsl/lib/cortex-m33+nodsp/soft-float/libmpsl.a(libmpsl_debug_soft__obfuscated.elf)
 .text          0x0000000001004754       0x14 /Users/pierre.urtado/thingy53-ws/nrfxlib/mpsl/lib/cortex-m33+nodsp/soft-float/libmpsl.a(libmpsl_debug_soft__obfuscated.elf)
 .text          0x0000000001004768        0xc /Users/pierre.urtado/thingy53-ws/nrfxlib/mpsl/lib/cortex-m33+nodsp/soft-float/libmpsl.a(libmpsl_debug_soft__obfuscated.elf)
                0x0000000001004768                mpsl_fem_disable
 .text          0x0000000001004774        0xc /Users/pierre.urtado/thingy53-ws/nrfxlib/mpsl/lib/cortex-m33+nodsp/soft-float/libmpsl.a(libmpsl_debug_soft__obfuscated.elf)
                0x0000000001004774                mpsl_fem_pa_configuration_set
 .text          0x0000000001004780        0xc /Users/pierre.urtado/thingy53-ws/nrfxlib/mpsl/lib/cortex-m33+nodsp/soft-float/libmpsl.a(libmpsl_debug_soft__obfuscated.elf)
                0x0000000001004780                mpsl_fem_lna_configuration_set
 .text          0x000000000100478c        0xc /Users/pierre.urtado/thingy53-ws/nrfxlib/mpsl/lib/cortex-m33+nodsp/soft-float/libmpsl.a(libmpsl_debug_soft__obfuscated.elf)
                0x000000000100478c                mpsl_fem_pa_configuration_clear
 .text          0x0000000001004798        0xc /Users/pierre.urtado/thingy53-ws/nrfxlib/mpsl/lib/cortex-m33+nodsp/soft-float/libmpsl.a(libmpsl_debug_soft__obfuscated.elf)
                0x0000000001004798                mpsl_fem_lna_configuration_clear
 .text          0x00000000010047a4        0xc /Users/pierre.urtado/thingy53-ws/nrfxlib/mpsl/lib/cortex-m33+nodsp/soft-float/libmpsl.a(libmpsl_debug_soft__obfuscated.elf)
                0x00000000010047a4                mpsl_fem_deactivate_now
 .text          0x00000000010047b0        0xc /Users/pierre.urtado/thingy53-ws/nrfxlib/mpsl/lib/cortex-m33+nodsp/soft-float/libmpsl.a(libmpsl_debug_soft__obfuscated.elf)
                0x00000000010047b0                mpsl_fem_pa_gain_set
 .text          0x00000000010047bc        0xc /Users/pierre.urtado/thingy53-ws/nrfxlib/mpsl/lib/cortex-m33+nodsp/soft-float/libmpsl.a(libmpsl_debug_soft__obfuscated.elf)
                0x00000000010047bc                mpsl_fem_abort_set
 .text          0x00000000010047c8        0xc /Users/pierre.urtado/thingy53-ws/nrfxlib/mpsl/lib/cortex-m33+nodsp/soft-float/libmpsl.a(libmpsl_debug_soft__obfuscated.elf)
                0x00000000010047c8                mpsl_fem_abort_clear
 .text          0x00000000010047d4       0x14 /Users/pierre.urtado/thingy53-ws/nrfxlib/mpsl/lib/cortex-m33+nodsp/soft-float/libmpsl.a(libmpsl_debug_soft__obfuscated.elf)
                0x00000000010047d4                mpsl_fem_tx_power_split
 .text          0x00000000010047e8       0x10 /Users/pierre.urtado/thingy53-ws/nrfxlib/mpsl/lib/cortex-m33+nodsp/soft-float/libmpsl.a(libmpsl_debug_soft__obfuscated.elf)
                0x00000000010047e8                sym_6TQUPGH3JCOXHF5S5KOV5JVT7ENJIB42OACFZEY
 .text          0x00000000010047f8       0x10 /Users/pierre.urtado/thingy53-ws/nrfxlib/mpsl/lib/cortex-m33+nodsp/soft-float/libmpsl.a(libmpsl_debug_soft__obfuscated.elf)
                0x00000000010047f8                sym_UZUI4YQAV7IWWBS4QSQS6JUSLV3JFA6COL6SGJQ
 .text          0x0000000001004808       0x80 /Users/pierre.urtado/thingy53-ws/nrfxlib/mpsl/lib/cortex-m33+nodsp/soft-float/libmpsl.a(libmpsl_debug_soft__obfuscated.elf)
 .text          0x0000000001004888       0x20 /Users/pierre.urtado/thingy53-ws/nrfxlib/mpsl/lib/cortex-m33+nodsp/soft-float/libmpsl.a(libmpsl_debug_soft__obfuscated.elf)
 .text          0x00000000010048a8       0x40 /Users/pierre.urtado/thingy53-ws/nrfxlib/mpsl/lib/cortex-m33+nodsp/soft-float/libmpsl.a(libmpsl_debug_soft__obfuscated.elf)
 .text          0x00000000010048e8       0xb4 /Users/pierre.urtado/thingy53-ws/nrfxlib/mpsl/lib/cortex-m33+nodsp/soft-float/libmpsl.a(libmpsl_debug_soft__obfuscated.elf)
 .text          0x000000000100499c      0x12c /Users/pierre.urtado/thingy53-ws/nrfxlib/mpsl/lib/cortex-m33+nodsp/soft-float/libmpsl.a(libmpsl_debug_soft__obfuscated.elf)
 .text          0x0000000001004ac8      0x110 /Users/pierre.urtado/thingy53-ws/nrfxlib/mpsl/lib/cortex-m33+nodsp/soft-float/libmpsl.a(libmpsl_debug_soft__obfuscated.elf)
 .text          0x0000000001004bd8      0x19c /Users/pierre.urtado/thingy53-ws/nrfxlib/mpsl/lib/cortex-m33+nodsp/soft-float/libmpsl.a(libmpsl_debug_soft__obfuscated.elf)
 .text          0x0000000001004d74       0x20 /Users/pierre.urtado/thingy53-ws/nrfxlib/mpsl/lib/cortex-m33+nodsp/soft-float/libmpsl.a(libmpsl_debug_soft__obfuscated.elf)
 .text          0x0000000001004d94       0x28 /Users/pierre.urtado/thingy53-ws/nrfxlib/mpsl/lib/cortex-m33+nodsp/soft-float/libmpsl.a(libmpsl_debug_soft__obfuscated.elf)
                0x0000000001004d94                sym_TSARTEM45GNSJMTTW7TY35JZUCGO4XDSOGO4ZZQ
 .text          0x0000000001004dbc       0x18 /Users/pierre.urtado/thingy53-ws/nrfxlib/mpsl/lib/cortex-m33+nodsp/soft-float/libmpsl.a(libmpsl_debug_soft__obfuscated.elf)
                0x0000000001004dbc                sym_SBSKADDCM455I5M7MUVGKVPKN7TISR42EIXKOLI
 .text          0x0000000001004dd4       0x18 /Users/pierre.urtado/thingy53-ws/nrfxlib/mpsl/lib/cortex-m33+nodsp/soft-float/libmpsl.a(libmpsl_debug_soft__obfuscated.elf)
                0x0000000001004dd4                sym_QRW3N66LO43KLPLBWVBHC2SBLZP4F6HGLD77ICA
 .text          0x0000000001004dec       0x78 /Users/pierre.urtado/thingy53-ws/nrfxlib/mpsl/lib/cortex-m33+nodsp/soft-float/libmpsl.a(libmpsl_debug_soft__obfuscated.elf)
                0x0000000001004dec                sym_EIMCOZR7MKLMYB62EEWREERTUNHHQDK6ITFS5HQ
 .text          0x0000000001004e64       0x2c /Users/pierre.urtado/thingy53-ws/nrfxlib/mpsl/lib/cortex-m33+nodsp/soft-float/libmpsl.a(libmpsl_debug_soft__obfuscated.elf)
                0x0000000001004e64                sym_O5XDVUVJVGI67OXYHXFZUGAXHD4DKFKVMS2P3NA
 .text          0x0000000001004e90       0x18 /Users/pierre.urtado/thingy53-ws/nrfxlib/mpsl/lib/cortex-m33+nodsp/soft-float/libmpsl.a(libmpsl_debug_soft__obfuscated.elf)
                0x0000000001004e90                sym_DINXTNKCSHYWKSOGFJLECC2P6Y7VHT5UJUX7RSQ
 .text          0x0000000001004ea8       0x24 /Users/pierre.urtado/thingy53-ws/nrfxlib/mpsl/lib/cortex-m33+nodsp/soft-float/libmpsl.a(libmpsl_debug_soft__obfuscated.elf)
                0x0000000001004ea8                sym_HYJVDKKJQTKLMNG7YVST4N7OHEC7S2J72M7FN3Q
 .text          0x0000000001004ecc       0x10 /Users/pierre.urtado/thingy53-ws/nrfxlib/mpsl/lib/cortex-m33+nodsp/soft-float/libmpsl.a(libmpsl_debug_soft__obfuscated.elf)
                0x0000000001004ecc                sym_CMW5Y2V4ZAQWO6OLYO7TFQKQPIHLUEEKEX6J7BY
 .text          0x0000000001004edc       0x34 /Users/pierre.urtado/thingy53-ws/nrfxlib/mpsl/lib/cortex-m33+nodsp/soft-float/libmpsl.a(libmpsl_debug_soft__obfuscated.elf)
                0x0000000001004edc                sym_I3Z2GQRGKQWA5EQS23LZRSTLKW6RHV35I6AIDQY
 .text          0x0000000001004f10       0x10 /Users/pierre.urtado/thingy53-ws/nrfxlib/mpsl/lib/cortex-m33+nodsp/soft-float/libmpsl.a(libmpsl_debug_soft__obfuscated.elf)
                0x0000000001004f10                sym_7Y7KR3HN6VAJOI24WXYPIIIP72KGQRHDY43HZQA
 .text          0x0000000001004f20      0x18c /Users/pierre.urtado/thingy53-ws/nrfxlib/mpsl/lib/cortex-m33+nodsp/soft-float/libmpsl.a(libmpsl_debug_soft__obfuscated.elf)
 .text          0x00000000010050ac       0x30 /Users/pierre.urtado/thingy53-ws/nrfxlib/mpsl/lib/cortex-m33+nodsp/soft-float/libmpsl.a(libmpsl_debug_soft__obfuscated.elf)
 .text          0x00000000010050dc       0x2c /Users/pierre.urtado/thingy53-ws/nrfxlib/mpsl/lib/cortex-m33+nodsp/soft-float/libmpsl.a(libmpsl_debug_soft__obfuscated.elf)
 .text          0x0000000001005108       0x10 /Users/pierre.urtado/thingy53-ws/nrfxlib/mpsl/lib/cortex-m33+nodsp/soft-float/libmpsl.a(libmpsl_debug_soft__obfuscated.elf)
                0x0000000001005108                sym_OZOSHR7RCVVSJSN34AHXEIGGITMYLPWJSOGU2GI
 .text          0x0000000001005118        0xc /Users/pierre.urtado/thingy53-ws/nrfxlib/mpsl/lib/cortex-m33+nodsp/soft-float/libmpsl.a(libmpsl_debug_soft__obfuscated.elf)
                0x0000000001005118                sym_WX6UB7ZVT4L7KZVG3JEYCY7OOPKVKNWPNDVIYJY
 .text          0x0000000001005124       0x18 /Users/pierre.urtado/thingy53-ws/nrfxlib/mpsl/lib/cortex-m33+nodsp/soft-float/libmpsl.a(libmpsl_debug_soft__obfuscated.elf)
                0x0000000001005124                sym_RXHDTMLLJFMOINTLQMBK6H6PC4W3R5DQSF6BYRQ
 .text          0x000000000100513c       0x18 /Users/pierre.urtado/thingy53-ws/nrfxlib/mpsl/lib/cortex-m33+nodsp/soft-float/libmpsl.a(libmpsl_debug_soft__obfuscated.elf)
                0x000000000100513c                sym_GFUMJNAE3BTH7FM3YLWM75IMGHGJTI3RB3O6Z3A
 .text          0x0000000001005154       0x70 /Users/pierre.urtado/thingy53-ws/nrfxlib/mpsl/lib/cortex-m33+nodsp/soft-float/libmpsl.a(libmpsl_debug_soft__obfuscated.elf)
                0x0000000001005154                sym_GNB7OCDUC5LXA5JH4GYV2XTFLXVO4KPQSALHSZI
 .text          0x00000000010051c4      0x29c /Users/pierre.urtado/.local/opt/zephyr-sdk-0.17.1/arm-zephyr-eabi/bin/../lib/gcc/arm-zephyr-eabi/12.2.0/thumb/v8-m.main/nofp/libgcc.a(_udivmoddi4.o)
                0x00000000010051c4                __udivmoddi4
 .text          0x0000000001005460        0x2 /Users/pierre.urtado/thingy53-ws/nrfxlib/mpsl/lib/cortex-m33+nodsp/soft-float/libmpsl.a(libmpsl_debug_soft__obfuscated.elf)
                0x0000000001005460                sym_JBMIQXYLJQQB56KLSIZ2WVKBMEMRZHLRBGLEPTA
 .text          0x0000000001005462       0x22 /Users/pierre.urtado/thingy53-ws/nrfxlib/mpsl/lib/cortex-m33+nodsp/soft-float/libmpsl.a(libmpsl_debug_soft__obfuscated.elf)
                0x0000000001005462                sym_47MBMNER75N2M6YIZRIF4DAHSAATJOMK3LAIDCY
 .text          0x0000000001005484       0x1e /Users/pierre.urtado/thingy53-ws/nrfxlib/mpsl/lib/cortex-m33+nodsp/soft-float/libmpsl.a(libmpsl_debug_soft__obfuscated.elf)
 .text          0x00000000010054a2        0x4 /Users/pierre.urtado/thingy53-ws/nrfxlib/mpsl/lib/cortex-m33+nodsp/soft-float/libmpsl.a(libmpsl_debug_soft__obfuscated.elf)
                0x00000000010054a2                mpsl_low_priority_process
 .text          0x00000000010054a6        0x2 /Users/pierre.urtado/thingy53-ws/nrfxlib/mpsl/lib/cortex-m33+nodsp/soft-float/libmpsl.a(libmpsl_debug_soft__obfuscated.elf)
                0x00000000010054a6                sym_PAD7XREQQORPXRJMXMW2EYVS4S43S42A5D43SBA
 .text          0x00000000010054a8        0x4 /Users/pierre.urtado/thingy53-ws/nrfxlib/mpsl/lib/cortex-m33+nodsp/soft-float/libmpsl.a(libmpsl_debug_soft__obfuscated.elf)
                0x00000000010054a8                sym_PHK7RXLFFTGYQNCW3IEEUVLOAYXWQJQYEN3DT7Y
 .text          0x00000000010054ac       0x7e /Users/pierre.urtado/thingy53-ws/nrfxlib/mpsl/lib/cortex-m33+nodsp/soft-float/libmpsl.a(libmpsl_debug_soft__obfuscated.elf)
                0x00000000010054ac                sym_Y4YRJRQYBZO6PGAQYLST7K67PDXS4EJWF2FNNKA
 .text          0x000000000100552a        0xc /Users/pierre.urtado/thingy53-ws/nrfxlib/mpsl/lib/cortex-m33+nodsp/soft-float/libmpsl.a(libmpsl_debug_soft__obfuscated.elf)
 .text          0x0000000001005536        0x4 /Users/pierre.urtado/thingy53-ws/nrfxlib/mpsl/lib/cortex-m33+nodsp/soft-float/libmpsl.a(libmpsl_debug_soft__obfuscated.elf)
 .text          0x000000000100553a        0x8 /Users/pierre.urtado/thingy53-ws/nrfxlib/mpsl/lib/cortex-m33+nodsp/soft-float/libmpsl.a(libmpsl_debug_soft__obfuscated.elf)
 .text          0x0000000001005542        0x4 /Users/pierre.urtado/thingy53-ws/nrfxlib/mpsl/lib/cortex-m33+nodsp/soft-float/libmpsl.a(libmpsl_debug_soft__obfuscated.elf)
 .text          0x0000000001005546        0x4 /Users/pierre.urtado/thingy53-ws/nrfxlib/mpsl/lib/cortex-m33+nodsp/soft-float/libmpsl.a(libmpsl_debug_soft__obfuscated.elf)
 .text          0x000000000100554a       0x12 /Users/pierre.urtado/thingy53-ws/nrfxlib/mpsl/lib/cortex-m33+nodsp/soft-float/libmpsl.a(libmpsl_debug_soft__obfuscated.elf)
                0x000000000100554a                nrf_raal_timeslot_request
 .text          0x000000000100555c       0x52 /Users/pierre.urtado/thingy53-ws/nrfxlib/mpsl/lib/cortex-m33+nodsp/soft-float/libmpsl.a(libmpsl_debug_soft__obfuscated.elf)
                0x000000000100555c                nrf_802154_fal_tx_power_split
 .text          0x00000000010055ae       0x46 /Users/pierre.urtado/thingy53-ws/nrfxlib/mpsl/lib/cortex-m33+nodsp/soft-float/libmpsl.a(libmpsl_debug_soft__obfuscated.elf)
 .text          0x00000000010055f4       0x28 /Users/pierre.urtado/thingy53-ws/nrfxlib/mpsl/lib/cortex-m33+nodsp/soft-float/libmpsl.a(libmpsl_debug_soft__obfuscated.elf)
 .text          0x000000000100561c       0x28 /Users/pierre.urtado/thingy53-ws/nrfxlib/mpsl/lib/cortex-m33+nodsp/soft-float/libmpsl.a(libmpsl_debug_soft__obfuscated.elf)
 .text          0x0000000001005644       0x28 /Users/pierre.urtado/thingy53-ws/nrfxlib/mpsl/lib/cortex-m33+nodsp/soft-float/libmpsl.a(libmpsl_debug_soft__obfuscated.elf)
 .text          0x000000000100566c        0x4 /Users/pierre.urtado/thingy53-ws/nrfxlib/mpsl/lib/cortex-m33+nodsp/soft-float/libmpsl.a(libmpsl_debug_soft__obfuscated.elf)
                0x000000000100566c                mpsl_fem_init
 .text          0x0000000001005670       0x22 /Users/pierre.urtado/thingy53-ws/nrfxlib/mpsl/lib/cortex-m33+nodsp/soft-float/libmpsl.a(libmpsl_debug_soft__obfuscated.elf)
                0x0000000001005670                sym_PX4SKXGNX25XLMGGWQM65ZRFHI6666YGHL6AYMA
 .text          0x0000000001005692       0x1a /Users/pierre.urtado/thingy53-ws/nrfxlib/mpsl/lib/cortex-m33+nodsp/soft-float/libmpsl.a(libmpsl_debug_soft__obfuscated.elf)
                0x0000000001005692                sym_4YHBVCYM7WDWUSNNCR55L4ELYTPDQHTPXNWX7AA
 .text          0x00000000010056ac       0x22 /Users/pierre.urtado/thingy53-ws/nrfxlib/mpsl/lib/cortex-m33+nodsp/soft-float/libmpsl.a(libmpsl_debug_soft__obfuscated.elf)
                0x00000000010056ac                sym_ECVUNLUE75MH4IFHQABUWIWXLABULY5DCISIGIY
 .text          0x00000000010056ce       0x2c /Users/pierre.urtado/thingy53-ws/nrfxlib/mpsl/lib/cortex-m33+nodsp/soft-float/libmpsl.a(libmpsl_debug_soft__obfuscated.elf)
 .text          0x00000000010056fa       0x2a /Users/pierre.urtado/thingy53-ws/nrfxlib/mpsl/lib/cortex-m33+nodsp/soft-float/libmpsl.a(libmpsl_debug_soft__obfuscated.elf)
 .text          0x0000000001005724        0xc /Users/pierre.urtado/thingy53-ws/nrfxlib/mpsl/lib/cortex-m33+nodsp/soft-float/libmpsl.a(libmpsl_debug_soft__obfuscated.elf)
                0x0000000001005724                sym_XWQGTONAVLSGPVLQHPRD2ZOJKJG4LL4CPTBVTQY
 .text          0x0000000001005730       0x24 /Users/pierre.urtado/thingy53-ws/nrfxlib/mpsl/lib/cortex-m33+nodsp/soft-float/libmpsl.a(libmpsl_debug_soft__obfuscated.elf)
                0x0000000001005730                sym_R3CY5O5PWFOP6PPHA2W2A2Q2GG2C3KWHG5ABJVI
 .text          0x0000000001005754        0xe /Users/pierre.urtado/thingy53-ws/nrfxlib/mpsl/lib/cortex-m33+nodsp/soft-float/libmpsl.a(libmpsl_debug_soft__obfuscated.elf)
                0x0000000001005754                sym_K27LNRXEE7HXLOB6ANRAZAL5UKZYP4WXS7EA7XI
 .text          0x0000000001005762       0x46 /Users/pierre.urtado/thingy53-ws/nrfxlib/mpsl/lib/cortex-m33+nodsp/soft-float/libmpsl.a(libmpsl_debug_soft__obfuscated.elf)
                0x0000000001005762                sym_NSB5Z4D72O5VWEUXZVDQIBPNQ5UV64KEO7NVTOQ
 .text          0x00000000010057a8       0x60 /Users/pierre.urtado/thingy53-ws/nrfxlib/mpsl/lib/cortex-m33+nodsp/soft-float/libmpsl.a(libmpsl_debug_soft__obfuscated.elf)
 .text          0x0000000001005808        0x2 /Users/pierre.urtado/thingy53-ws/nrfxlib/mpsl/lib/cortex-m33+nodsp/soft-float/libmpsl.a(libmpsl_debug_soft__obfuscated.elf)
                0x0000000001005808                sym_CYPFJQT7BJKE7MOREHIKZCNLQC7DT5MGP65YPPA
 .text          0x000000000100580a        0x4 /Users/pierre.urtado/thingy53-ws/nrfxlib/mpsl/lib/cortex-m33+nodsp/soft-float/libmpsl.a(libmpsl_debug_soft__obfuscated.elf)
                0x000000000100580a                sym_ZVPG4TIQ5MT5FAAK2XBB72FQGWEAY4OLYK2YDKY
 *(SORT_BY_ALIGNMENT(.text.*))
 *fill*         0x000000000100580e        0x2 
 .text.char_out
                0x0000000001005810        0xc zephyr/libzephyr.a(printk.c.obj)
 .text.vprintk  0x000000000100581c       0x1c zephyr/libzephyr.a(printk.c.obj)
                0x000000000100581c                vprintk
 .text.process_event
                0x0000000001005838      0x21c zephyr/libzephyr.a(onoff.c.obj)
 .text.z_cbvprintf_impl
                0x0000000001005a54      0x764 zephyr/libzephyr.a(cbprintf_complete.c.obj)
                0x0000000001005a54                z_cbvprintf_impl
 .text.nordicsemi_nrf53_init
                0x00000000010061b8       0x4c zephyr/libzephyr.a(soc.c.obj)
 .text.z_arm_on_enter_cpu_idle
                0x0000000001006204       0x78 zephyr/libzephyr.a(soc.c.obj)
                0x0000000001006204                z_arm_on_enter_cpu_idle
 .text.z_arm_platform_init
                0x000000000100627c        0x4 zephyr/libzephyr.a(soc_nrf_common.S.obj)
                0x000000000100627c                z_arm_platform_init
 .text.advertise_ept
                0x0000000001006280       0x44 zephyr/libzephyr.a(ipc_rpmsg_static_vrings.c.obj)
 .text.get_ept  0x00000000010062c4       0x28 zephyr/libzephyr.a(ipc_rpmsg_static_vrings.c.obj)
 .text.open     0x00000000010062ec      0x1b8 zephyr/libzephyr.a(ipc_rpmsg_static_vrings.c.obj)
 .text.close    0x00000000010064a4       0xc4 zephyr/libzephyr.a(ipc_rpmsg_static_vrings.c.obj)
 .text.bound_cb
                0x0000000001006568       0x30 zephyr/libzephyr.a(ipc_rpmsg_static_vrings.c.obj)
 .text.send     0x0000000001006598       0x4c zephyr/libzephyr.a(ipc_rpmsg_static_vrings.c.obj)
 .text.register_ept
                0x00000000010065e4       0xe0 zephyr/libzephyr.a(ipc_rpmsg_static_vrings.c.obj)
 .text.ns_bind_cb
                0x00000000010066c4       0x6c zephyr/libzephyr.a(ipc_rpmsg.c.obj)
 .text.ipc_rpmsg_register_ept
                0x0000000001006730       0x3c zephyr/libzephyr.a(ipc_rpmsg.c.obj)
                0x0000000001006730                ipc_rpmsg_register_ept
 .text.ipc_rpmsg_init
                0x000000000100676c       0x70 zephyr/libzephyr.a(ipc_rpmsg.c.obj)
                0x000000000100676c                ipc_rpmsg_init
 .text.ipc_static_vrings_init
                0x00000000010067dc      0x104 zephyr/libzephyr.a(ipc_static_vrings.c.obj)
                0x00000000010067dc                ipc_static_vrings_init
 .text.z_isr_install
                0x00000000010068e0       0x14 zephyr/arch/common/libarch__common.a(sw_isr_common.c.obj)
                0x00000000010068e0                z_isr_install
 .text.z_arm_cpu_idle_init
                0x00000000010068f4        0xc zephyr/arch/arch/arm/core/aarch32/libarch__arm__core__aarch32.a(cpu_idle.S.obj)
                0x00000000010068f4                z_arm_cpu_idle_init
 .text.arch_cpu_idle
                0x0000000001006900       0x28 zephyr/arch/arch/arm/core/aarch32/libarch__arm__core__aarch32.a(cpu_idle.S.obj)
                0x0000000001006900                arch_cpu_idle
 .text.arch_cpu_atomic_idle
                0x0000000001006928       0x24 zephyr/arch/arch/arm/core/aarch32/libarch__arm__core__aarch32.a(cpu_idle.S.obj)
                0x0000000001006928                arch_cpu_atomic_idle
 .text.arch_irq_enable
                0x000000000100694c       0x1c zephyr/arch/arch/arm/core/aarch32/libarch__arm__core__aarch32.a(irq_manage.c.obj)
                0x000000000100694c                arch_irq_enable
 .text.arch_irq_disable
                0x0000000001006968       0x28 zephyr/arch/arch/arm/core/aarch32/libarch__arm__core__aarch32.a(irq_manage.c.obj)
                0x0000000001006968                arch_irq_disable
 .text.arch_irq_is_enabled
                0x0000000001006990       0x1c zephyr/arch/arch/arm/core/aarch32/libarch__arm__core__aarch32.a(irq_manage.c.obj)
                0x0000000001006990                arch_irq_is_enabled
 .text.z_arm_irq_priority_set
                0x00000000010069ac       0x34 zephyr/arch/arch/arm/core/aarch32/libarch__arm__core__aarch32.a(irq_manage.c.obj)
                0x00000000010069ac                z_arm_irq_priority_set
 .text.z_SysNmiOnReset
                0x00000000010069e0        0x8 zephyr/arch/arch/arm/core/aarch32/libarch__arm__core__aarch32.a(nmi_on_reset.S.obj)
                0x00000000010069e0                z_SysNmiOnReset
 .text.z_arm_prep_c
                0x00000000010069e8       0x2c zephyr/arch/arch/arm/core/aarch32/libarch__arm__core__aarch32.a(prep_c.c.obj)
                0x00000000010069e8                z_arm_prep_c
 .text.arch_swap
                0x0000000001006a14       0x34 zephyr/arch/arch/arm/core/aarch32/libarch__arm__core__aarch32.a(swap.c.obj)
                0x0000000001006a14                arch_swap
 .text.z_arm_pendsv
                0x0000000001006a48       0x58 zephyr/arch/arch/arm/core/aarch32/libarch__arm__core__aarch32.a(swap_helper.S.obj)
                0x0000000001006a48                z_arm_pendsv
 .text.z_arm_svc
                0x0000000001006aa0       0x20 zephyr/arch/arch/arm/core/aarch32/libarch__arm__core__aarch32.a(swap_helper.S.obj)
                0x0000000001006aa0                z_arm_svc
 .text.arch_new_thread
                0x0000000001006ac0       0x38 zephyr/arch/arch/arm/core/aarch32/libarch__arm__core__aarch32.a(thread.c.obj)
                0x0000000001006ac0                arch_new_thread
 .text.arch_switch_to_main_thread
                0x0000000001006af8       0x28 zephyr/arch/arch/arm/core/aarch32/libarch__arm__core__aarch32.a(thread.c.obj)
                0x0000000001006af8                arch_switch_to_main_thread
 .text._isr_wrapper
                0x0000000001006b20       0x28 zephyr/arch/arch/arm/core/aarch32/libarch__arm__core__aarch32.a(isr_wrapper.S.obj)
                0x0000000001006b20                _isr_wrapper
 .text._HandlerModeExit
                0x0000000001006b48       0x1c zephyr/arch/arch/arm/core/aarch32/cortex_m/libarch__arm__core__aarch32__cortex_m.a(exc_exit.S.obj)
                0x0000000001006b48                z_arm_exc_exit
                0x0000000001006b48                z_arm_int_exit
 .text.usage_fault.constprop.0
                0x0000000001006b64       0x28 zephyr/arch/arch/arm/core/aarch32/cortex_m/libarch__arm__core__aarch32__cortex_m.a(fault.c.obj)
 .text.bus_fault.constprop.0
                0x0000000001006b8c       0x34 zephyr/arch/arch/arm/core/aarch32/cortex_m/libarch__arm__core__aarch32__cortex_m.a(fault.c.obj)
 .text.mem_manage_fault.constprop.0
                0x0000000001006bc0       0x3c zephyr/arch/arch/arm/core/aarch32/cortex_m/libarch__arm__core__aarch32__cortex_m.a(fault.c.obj)
 .text.z_arm_fault
                0x0000000001006bfc      0x118 zephyr/arch/arch/arm/core/aarch32/cortex_m/libarch__arm__core__aarch32__cortex_m.a(fault.c.obj)
                0x0000000001006bfc                z_arm_fault
 .text.z_arm_fault_init
                0x0000000001006d14       0x18 zephyr/arch/arch/arm/core/aarch32/cortex_m/libarch__arm__core__aarch32__cortex_m.a(fault.c.obj)
                0x0000000001006d14                z_arm_fault_init
 .text.__fault  0x0000000001006d2c       0x14 zephyr/arch/arch/arm/core/aarch32/cortex_m/libarch__arm__core__aarch32__cortex_m.a(fault_s.S.obj)
                0x0000000001006d2c                z_arm_bus_fault
                0x0000000001006d2c                z_arm_usage_fault
                0x0000000001006d2c                z_arm_mpu_fault
                0x0000000001006d2c                z_arm_exc_spurious
                0x0000000001006d2c                z_arm_debug_monitor
                0x0000000001006d2c                z_arm_hard_fault
 .text.z_arm_interrupt_init
                0x0000000001006d40       0x18 zephyr/arch/arch/arm/core/aarch32/cortex_m/libarch__arm__core__aarch32__cortex_m.a(irq_init.c.obj)
                0x0000000001006d40                z_arm_interrupt_init
 .text._reset_section
                0x0000000001006d58       0x60 zephyr/arch/arch/arm/core/aarch32/cortex_m/libarch__arm__core__aarch32__cortex_m.a(reset.S.obj)
                0x0000000001006d58                z_arm_reset
                0x0000000001006d58                __start
 .text.sys_arch_reboot
                0x0000000001006db8       0x24 zephyr/arch/arch/arm/core/aarch32/cortex_m/libarch__arm__core__aarch32__cortex_m.a(scb.c.obj)
                0x0000000001006db8                sys_arch_reboot
 .text.z_arm_clear_arm_mpu_config
                0x0000000001006ddc       0x24 zephyr/arch/arch/arm/core/aarch32/cortex_m/libarch__arm__core__aarch32__cortex_m.a(scb.c.obj)
                0x0000000001006ddc                z_arm_clear_arm_mpu_config
 .text.z_arm_init_arch_hw_at_boot
                0x0000000001006e00       0x4c zephyr/arch/arch/arm/core/aarch32/cortex_m/libarch__arm__core__aarch32__cortex_m.a(scb.c.obj)
                0x0000000001006e00                z_arm_init_arch_hw_at_boot
 .text.z_impl_k_thread_abort
                0x0000000001006e4c       0x2c zephyr/arch/arch/arm/core/aarch32/cortex_m/libarch__arm__core__aarch32__cortex_m.a(thread_abort.c.obj)
                0x0000000001006e4c                z_impl_k_thread_abort
 .text.z_arm_configure_static_mpu_regions
                0x0000000001006e78       0x38 zephyr/arch/arch/arm/core/aarch32/mpu/libarch__arm__core__aarch32__mpu.a(arm_core_mpu.c.obj)
                0x0000000001006e78                z_arm_configure_static_mpu_regions
 .text.region_init
                0x0000000001006eb0       0x34 zephyr/arch/arch/arm/core/aarch32/mpu/libarch__arm__core__aarch32__mpu.a(arm_mpu.c.obj)
 .text.mpu_configure_regions_and_partition.constprop.0
                0x0000000001006ee4      0x14c zephyr/arch/arch/arm/core/aarch32/mpu/libarch__arm__core__aarch32__mpu.a(arm_mpu.c.obj)
 .text.arm_core_mpu_enable
                0x0000000001007030       0x18 zephyr/arch/arch/arm/core/aarch32/mpu/libarch__arm__core__aarch32__mpu.a(arm_mpu.c.obj)
                0x0000000001007030                arm_core_mpu_enable
 .text.arm_core_mpu_disable
                0x0000000001007048       0x14 zephyr/arch/arch/arm/core/aarch32/mpu/libarch__arm__core__aarch32__mpu.a(arm_mpu.c.obj)
                0x0000000001007048                arm_core_mpu_disable
 .text.arm_core_mpu_configure_static_mpu_regions
                0x000000000100705c       0x14 zephyr/arch/arch/arm/core/aarch32/mpu/libarch__arm__core__aarch32__mpu.a(arm_mpu.c.obj)
                0x000000000100705c                arm_core_mpu_configure_static_mpu_regions
 .text.arm_core_mpu_mark_areas_for_dynamic_regions
                0x0000000001007070       0xb8 zephyr/arch/arch/arm/core/aarch32/mpu/libarch__arm__core__aarch32__mpu.a(arm_mpu.c.obj)
                0x0000000001007070                arm_core_mpu_mark_areas_for_dynamic_regions
 .text.z_arm_mpu_init
                0x0000000001007128       0x4c zephyr/arch/arch/arm/core/aarch32/mpu/libarch__arm__core__aarch32__mpu.a(arm_mpu.c.obj)
                0x0000000001007128                z_arm_mpu_init
 .text.onoff_stop
                0x0000000001007174       0x30 zephyr/drivers/clock_control/libdrivers__clock_control.a(clock_control_nrf.c.obj)
 .text.onoff_start
                0x00000000010071a4       0x44 zephyr/drivers/clock_control/libdrivers__clock_control.a(clock_control_nrf.c.obj)
 .text.clk_init
                0x00000000010071e8       0x58 zephyr/drivers/clock_control/libdrivers__clock_control.a(clock_control_nrf.c.obj)
 .text.clkstarted_handle.constprop.0
                0x0000000001007240       0x34 zephyr/drivers/clock_control/libdrivers__clock_control.a(clock_control_nrf.c.obj)
 .text.clock_event_handler
                0x0000000001007274       0x1c zephyr/drivers/clock_control/libdrivers__clock_control.a(clock_control_nrf.c.obj)
 .text.generic_hfclk_start
                0x0000000001007290       0x64 zephyr/drivers/clock_control/libdrivers__clock_control.a(clock_control_nrf.c.obj)
 .text.api_blocking_start
                0x00000000010072f4       0x34 zephyr/drivers/clock_control/libdrivers__clock_control.a(clock_control_nrf.c.obj)
 .text.generic_hfclk_stop
                0x0000000001007328       0x34 zephyr/drivers/clock_control/libdrivers__clock_control.a(clock_control_nrf.c.obj)
 .text.z_nrf_clock_control_get_onoff
                0x000000000100735c       0x10 zephyr/drivers/clock_control/libdrivers__clock_control.a(clock_control_nrf.c.obj)
                0x000000000100735c                z_nrf_clock_control_get_onoff
 .text.z_nrf_clock_control_lf_on
                0x000000000100736c       0xf8 zephyr/drivers/clock_control/libdrivers__clock_control.a(clock_control_nrf.c.obj)
                0x000000000100736c                z_nrf_clock_control_lf_on
 .text.gpio_nrfx_pin_interrupt_configure
                0x0000000001007464       0xd8 zephyr/drivers/gpio/libdrivers__gpio.a(gpio_nrfx.c.obj)
 .text.gpio_nrfx_init
                0x000000000100753c       0x38 zephyr/drivers/gpio/libdrivers__gpio.a(gpio_nrfx.c.obj)
 .text.nrfx_gpio_handler
                0x0000000001007574       0x4c zephyr/drivers/gpio/libdrivers__gpio.a(gpio_nrfx.c.obj)
 .text.gpio_nrfx_pin_configure
                0x00000000010075c0      0x124 zephyr/drivers/gpio/libdrivers__gpio.a(gpio_nrfx.c.obj)
 .text.random_byte_get
                0x00000000010076e4       0x3c zephyr/drivers/entropy/libdrivers__entropy.a(entropy_nrf5.c.obj)
 .text.rng_pool_get
                0x0000000001007720       0x8c zephyr/drivers/entropy/libdrivers__entropy.a(entropy_nrf5.c.obj)
 .text.entropy_nrf5_get_entropy_isr
                0x00000000010077ac       0xac zephyr/drivers/entropy/libdrivers__entropy.a(entropy_nrf5.c.obj)
 .text.entropy_nrf5_get_entropy
                0x0000000001007858       0x58 zephyr/drivers/entropy/libdrivers__entropy.a(entropy_nrf5.c.obj)
 .text.entropy_nrf5_init
                0x00000000010078b0       0x6c zephyr/drivers/entropy/libdrivers__entropy.a(entropy_nrf5.c.obj)
 .text.isr      0x000000000100791c       0x74 zephyr/drivers/entropy/libdrivers__entropy.a(entropy_nrf5.c.obj)
 .text.compare_int_lock
                0x0000000001007990       0x40 zephyr/drivers/timer/libdrivers__timer.a(nrf_rtc_timer.c.obj)
 .text.sys_clock_timeout_handler
                0x00000000010079d0       0x48 zephyr/drivers/timer/libdrivers__timer.a(nrf_rtc_timer.c.obj)
 .text.compare_int_unlock
                0x0000000001007a18       0x4c zephyr/drivers/timer/libdrivers__timer.a(nrf_rtc_timer.c.obj)
 .text.z_nrf_rtc_timer_compare_evt_address_get
                0x0000000001007a64       0x10 zephyr/drivers/timer/libdrivers__timer.a(nrf_rtc_timer.c.obj)
                0x0000000001007a64                z_nrf_rtc_timer_compare_evt_address_get
 .text.z_nrf_rtc_timer_abort
                0x0000000001007a74       0x58 zephyr/drivers/timer/libdrivers__timer.a(nrf_rtc_timer.c.obj)
                0x0000000001007a74                z_nrf_rtc_timer_abort
 .text.z_nrf_rtc_timer_read
                0x0000000001007acc       0x44 zephyr/drivers/timer/libdrivers__timer.a(nrf_rtc_timer.c.obj)
                0x0000000001007acc                z_nrf_rtc_timer_read
 .text.compare_set
                0x0000000001007b10      0x114 zephyr/drivers/timer/libdrivers__timer.a(nrf_rtc_timer.c.obj)
 .text.sys_clock_driver_init
                0x0000000001007c24       0xb0 zephyr/drivers/timer/libdrivers__timer.a(nrf_rtc_timer.c.obj)
 .text.rtc_nrf_isr
                0x0000000001007cd4       0xec zephyr/drivers/timer/libdrivers__timer.a(nrf_rtc_timer.c.obj)
                0x0000000001007cd4                rtc_nrf_isr
 .text.z_nrf_rtc_timer_chan_alloc
                0x0000000001007dc0       0x3c zephyr/drivers/timer/libdrivers__timer.a(nrf_rtc_timer.c.obj)
                0x0000000001007dc0                z_nrf_rtc_timer_chan_alloc
 .text.sys_clock_set_timeout
                0x0000000001007dfc       0x64 zephyr/drivers/timer/libdrivers__timer.a(nrf_rtc_timer.c.obj)
                0x0000000001007dfc                sys_clock_set_timeout
 .text.sys_clock_elapsed
                0x0000000001007e60       0x14 zephyr/drivers/timer/libdrivers__timer.a(nrf_rtc_timer.c.obj)
                0x0000000001007e60                sys_clock_elapsed
 .text.mbox_nrf_init
                0x0000000001007e74       0x6c zephyr/drivers/mbox/libdrivers__mbox.a(mbox_nrfx_ipc.c.obj)
 .text.multithreading_lock_acquire
                0x0000000001007ee0       0x10 modules/nrf/lib/multithreading_lock/lib..__nrf__lib__multithreading_lock.a(multithreading_lock.c.obj)
                0x0000000001007ee0                multithreading_lock_acquire
 .text.multithreading_lock_release
                0x0000000001007ef0        0xc modules/nrf/lib/multithreading_lock/lib..__nrf__lib__multithreading_lock.a(multithreading_lock.c.obj)
                0x0000000001007ef0                multithreading_lock_release
 .text.mpsl_low_prio_irq_handler
                0x0000000001007efc       0x10 modules/nrf/subsys/mpsl/init/lib..__nrf__subsys__mpsl__init.a(mpsl_init.c.obj)
 .text.mpsl_lib_init_sys
                0x0000000001007f0c       0x50 modules/nrf/subsys/mpsl/init/lib..__nrf__subsys__mpsl__init.a(mpsl_init.c.obj)
 .text.mpsl_low_prio_init
                0x0000000001007f5c       0x4c modules/nrf/subsys/mpsl/init/lib..__nrf__subsys__mpsl__init.a(mpsl_init.c.obj)
 .text.mpsl_hfclk_callback
                0x0000000001007fa8        0xc modules/nrf/drivers/mpsl/clock_control/lib..__nrf__drivers__mpsl__clock_control.a(nrfx_clock_mpsl.c.obj)
 .text.nrfx_clock_start
                0x0000000001007fb4       0x20 modules/nrf/drivers/mpsl/clock_control/lib..__nrf__drivers__mpsl__clock_control.a(nrfx_clock_mpsl.c.obj)
                0x0000000001007fb4                nrfx_clock_start
 .text.nrfx_clock_init
                0x0000000001007fd4       0x10 modules/nrf/drivers/mpsl/clock_control/lib..__nrf__drivers__mpsl__clock_control.a(nrfx_clock_mpsl.c.obj)
                0x0000000001007fd4                nrfx_clock_init
 .text.temp_nrf5_mpsl_channel_get
                0x0000000001007fe4       0x3c modules/nrf/drivers/mpsl/temp_nrf5/lib..__nrf__drivers__mpsl__temp_nrf5.a(temp_nrf5_mpsl.c.obj)
 .text.nrf_802154_random_init
                0x0000000001008020       0x24 modules/hal_nordic/nrf_802154/libnrf-802154-platform.a(nrf_802154_random_zephyr.c.obj)
                0x0000000001008020                nrf_802154_random_init
 .text.nrf_802154_random_get
                0x0000000001008044       0x1c modules/hal_nordic/nrf_802154/libnrf-802154-platform.a(nrf_802154_random_zephyr.c.obj)
                0x0000000001008044                nrf_802154_random_get
 .text.nrf_802154_clock_hfclk_start
                0x0000000001008060       0x28 modules/hal_nordic/nrf_802154/libnrf-802154-platform.a(nrf_802154_clock_zephyr.c.obj)
                0x0000000001008060                nrf_802154_clock_hfclk_start
 .text.nrf_802154_clock_hfclk_stop
                0x0000000001008088       0x2c modules/hal_nordic/nrf_802154/libnrf-802154-platform.a(nrf_802154_clock_zephyr.c.obj)
                0x0000000001008088                nrf_802154_clock_hfclk_stop
 .text.hfclk_on_callback
                0x00000000010080b4       0x14 modules/hal_nordic/nrf_802154/libnrf-802154-platform.a(nrf_802154_clock_zephyr.c.obj)
 .text.nrf_802154_irq_set_pending
                0x00000000010080c8       0x20 modules/hal_nordic/nrf_802154/libnrf-802154-platform.a(nrf_802154_irq_zephyr.c.obj)
                0x00000000010080c8                nrf_802154_irq_set_pending
 .text.nrf_802154_irq_clear_pending
                0x00000000010080e8       0x20 modules/hal_nordic/nrf_802154/libnrf-802154-platform.a(nrf_802154_irq_zephyr.c.obj)
                0x00000000010080e8                nrf_802154_irq_clear_pending
 .text.nrf_802154_irq_priority_get
                0x0000000001008108       0x24 modules/hal_nordic/nrf_802154/libnrf-802154-platform.a(nrf_802154_irq_zephyr.c.obj)
                0x0000000001008108                nrf_802154_irq_priority_get
 .text.temperature_update_init
                0x000000000100812c       0x24 modules/hal_nordic/nrf_802154/libnrf-802154-platform.a(nrf_802154_temperature_zephyr.c.obj)
 .text.work_handler
                0x0000000001008150       0x4c modules/hal_nordic/nrf_802154/libnrf-802154-platform.a(nrf_802154_temperature_zephyr.c.obj)
 .text.nrf_802154_temperature_get
                0x000000000100819c        0xc modules/hal_nordic/nrf_802154/libnrf-802154-platform.a(nrf_802154_temperature_zephyr.c.obj)
                0x000000000100819c                nrf_802154_temperature_get
 .text.spinel_packet_send_thread_fn
                0x00000000010081a8       0x5c modules/hal_nordic/nrf_802154/libnrf-802154-platform.a(nrf_802154_spinel_backend_ipc.c.obj)
 .text.endpoint_bound
                0x0000000001008204        0xc modules/hal_nordic/nrf_802154/libnrf-802154-platform.a(nrf_802154_spinel_backend_ipc.c.obj)
 .text.nrf_802154_backend_init
                0x0000000001008210       0x48 modules/hal_nordic/nrf_802154/libnrf-802154-platform.a(nrf_802154_spinel_backend_ipc.c.obj)
                0x0000000001008210                nrf_802154_backend_init
 .text.nrf_802154_spinel_encoded_packet_send
                0x0000000001008258       0x6c modules/hal_nordic/nrf_802154/libnrf-802154-platform.a(nrf_802154_spinel_backend_ipc.c.obj)
                0x0000000001008258                nrf_802154_spinel_encoded_packet_send
 .text.nrf_802154_spinel_response_notifier_init
                0x00000000010082c4       0x18 modules/hal_nordic/nrf_802154/libnrf-802154-platform.a(nrf_802154_spinel_response_notifier.c.obj)
                0x00000000010082c4                nrf_802154_spinel_response_notifier_init
 .text.nrf_802154_hp_timer_init
                0x00000000010082dc       0x28 modules/hal_nordic/nrf_802154/libnrf-802154-platform.a(nrf_802154_hp_timer.c.obj)
                0x00000000010082dc                nrf_802154_hp_timer_init
 .text.nrf_802154_hp_timer_start
                0x0000000001008304        0xc modules/hal_nordic/nrf_802154/libnrf-802154-platform.a(nrf_802154_hp_timer.c.obj)
                0x0000000001008304                nrf_802154_hp_timer_start
 .text.nrf_802154_hp_timer_stop
                0x0000000001008310        0xc modules/hal_nordic/nrf_802154/libnrf-802154-platform.a(nrf_802154_hp_timer.c.obj)
                0x0000000001008310                nrf_802154_hp_timer_stop
 .text.nrf_802154_hp_timer_sync_task_get
                0x000000000100831c        0x8 modules/hal_nordic/nrf_802154/libnrf-802154-platform.a(nrf_802154_hp_timer.c.obj)
                0x000000000100831c                nrf_802154_hp_timer_sync_task_get
 .text.nrf_802154_hp_timer_sync_prepare
                0x0000000001008324       0x20 modules/hal_nordic/nrf_802154/libnrf-802154-platform.a(nrf_802154_hp_timer.c.obj)
                0x0000000001008324                nrf_802154_hp_timer_sync_prepare
 .text.nrf_802154_hp_timer_sync_time_get
                0x0000000001008344       0x20 modules/hal_nordic/nrf_802154/libnrf-802154-platform.a(nrf_802154_hp_timer.c.obj)
                0x0000000001008344                nrf_802154_hp_timer_sync_time_get
 .text.nrf_802154_hp_timer_timestamp_task_get
                0x0000000001008364        0x8 modules/hal_nordic/nrf_802154/libnrf-802154-platform.a(nrf_802154_hp_timer.c.obj)
                0x0000000001008364                nrf_802154_hp_timer_timestamp_task_get
 .text.nrf_802154_hp_timer_timestamp_get
                0x000000000100836c        0xc modules/hal_nordic/nrf_802154/libnrf-802154-platform.a(nrf_802154_hp_timer.c.obj)
                0x000000000100836c                nrf_802154_hp_timer_timestamp_get
 .text.nrf_802154_hp_timer_current_time_get
                0x0000000001008378       0x10 modules/hal_nordic/nrf_802154/libnrf-802154-platform.a(nrf_802154_hp_timer.c.obj)
                0x0000000001008378                nrf_802154_hp_timer_current_time_get
 .text.sync_timer_handler
                0x0000000001008388       0x14 modules/hal_nordic/nrf_802154/libnrf-802154-platform.a(nrf_802154_platform_sl_lptimer_zephyr.c.obj)
                0x0000000001008388                sync_timer_handler
 .text.nrf_802154_platform_sl_lp_timer_init
                0x000000000100839c       0x4c modules/hal_nordic/nrf_802154/libnrf-802154-platform.a(nrf_802154_platform_sl_lptimer_zephyr.c.obj)
                0x000000000100839c                nrf_802154_platform_sl_lp_timer_init
 .text.nrf_802154_platform_sl_lptimer_schedule_at
                0x00000000010083e8       0x10 modules/hal_nordic/nrf_802154/libnrf-802154-platform.a(nrf_802154_platform_sl_lptimer_zephyr.c.obj)
                0x00000000010083e8                nrf_802154_platform_sl_lptimer_schedule_at
 .text.nrf_802154_platform_sl_lptimer_disable
                0x00000000010083f8        0xc modules/hal_nordic/nrf_802154/libnrf-802154-platform.a(nrf_802154_platform_sl_lptimer_zephyr.c.obj)
                0x00000000010083f8                nrf_802154_platform_sl_lptimer_disable
 .text.nrf_802154_platform_sl_lptimer_critical_section_enter
                0x0000000001008404       0x38 modules/hal_nordic/nrf_802154/libnrf-802154-platform.a(nrf_802154_platform_sl_lptimer_zephyr.c.obj)
                0x0000000001008404                nrf_802154_platform_sl_lptimer_critical_section_enter
 .text.nrf_802154_platform_sl_lptimer_critical_section_exit
                0x000000000100843c       0x40 modules/hal_nordic/nrf_802154/libnrf-802154-platform.a(nrf_802154_platform_sl_lptimer_zephyr.c.obj)
                0x000000000100843c                nrf_802154_platform_sl_lptimer_critical_section_exit
 .text.nrf_802154_platform_sl_lptimer_sync_schedule_now
                0x000000000100847c       0x1c modules/hal_nordic/nrf_802154/libnrf-802154-platform.a(nrf_802154_platform_sl_lptimer_zephyr.c.obj)
                0x000000000100847c                nrf_802154_platform_sl_lptimer_sync_schedule_now
 .text.nrf_802154_platform_sl_lptimer_sync_schedule_at
                0x0000000001008498       0x10 modules/hal_nordic/nrf_802154/libnrf-802154-platform.a(nrf_802154_platform_sl_lptimer_zephyr.c.obj)
                0x0000000001008498                nrf_802154_platform_sl_lptimer_sync_schedule_at
 .text.nrf_802154_platform_sl_lptimer_sync_abort
                0x00000000010084a8        0xc modules/hal_nordic/nrf_802154/libnrf-802154-platform.a(nrf_802154_platform_sl_lptimer_zephyr.c.obj)
                0x00000000010084a8                nrf_802154_platform_sl_lptimer_sync_abort
 .text.nrf_802154_platform_sl_lptimer_sync_event_get
                0x00000000010084b4        0xc modules/hal_nordic/nrf_802154/libnrf-802154-platform.a(nrf_802154_platform_sl_lptimer_zephyr.c.obj)
                0x00000000010084b4                nrf_802154_platform_sl_lptimer_sync_event_get
 .text.nrf_802154_platform_sl_lptimer_sync_lpticks_get
                0x00000000010084c0        0xc modules/hal_nordic/nrf_802154/libnrf-802154-platform.a(nrf_802154_platform_sl_lptimer_zephyr.c.obj)
                0x00000000010084c0                nrf_802154_platform_sl_lptimer_sync_lpticks_get
 .text.nrf_802154_init
                0x00000000010084cc       0x5c modules/nrfxlib/nrf_802154/nrf_802154/driver/libnrf-802154-driver.a(nrf_802154.c.obj)
                0x00000000010084cc                nrf_802154_init
 .text.nrf_802154_transmit_raw
                0x0000000001008528       0x5c modules/nrfxlib/nrf_802154/nrf_802154/driver/libnrf-802154-driver.a(nrf_802154.c.obj)
                0x0000000001008528                nrf_802154_transmit_raw
 .text.nrf_802154_modulated_carrier
                0x0000000001008584       0x20 modules/nrfxlib/nrf_802154/nrf_802154/driver/libnrf-802154-driver.a(nrf_802154.c.obj)
                0x0000000001008584                nrf_802154_modulated_carrier
 .text.nrf_802154_transmit_csma_ca_raw
                0x00000000010085a4       0x24 modules/nrfxlib/nrf_802154/nrf_802154/driver/libnrf-802154-driver.a(nrf_802154.c.obj)
                0x00000000010085a4                nrf_802154_transmit_csma_ca_raw
 .text.nrf_802154_received_raw
                0x00000000010085c8       0x24 modules/nrfxlib/nrf_802154/nrf_802154/driver/libnrf-802154-driver.a(nrf_802154.c.obj)
                0x00000000010085c8                nrf_802154_received_raw
 .text.process_ecb_auth_iteration
                0x00000000010085ec       0x40 modules/nrfxlib/nrf_802154/nrf_802154/driver/libnrf-802154-driver.a(nrf_802154_aes_ccm_acc_ecb.c.obj)
 .text.plain_text_data_get.constprop.0
                0x000000000100862c       0x44 modules/nrfxlib/nrf_802154/nrf_802154/driver/libnrf-802154-driver.a(nrf_802154_aes_ccm_acc_ecb.c.obj)
 .text.process_ecb_encrypt_iteration
                0x0000000001008670       0x44 modules/nrfxlib/nrf_802154/nrf_802154/driver/libnrf-802154-driver.a(nrf_802154_aes_ccm_acc_ecb.c.obj)
 .text.perform_plain_text_authorization
                0x00000000010086b4       0x78 modules/nrfxlib/nrf_802154/nrf_802154/driver/libnrf-802154-driver.a(nrf_802154_aes_ccm_acc_ecb.c.obj)
 .text.ecb_irq_handler
                0x000000000100872c      0x17c modules/nrfxlib/nrf_802154/nrf_802154/driver/libnrf-802154-driver.a(nrf_802154_aes_ccm_acc_ecb.c.obj)
 .text.nrf_802154_aes_ccm_transform_reset
                0x00000000010088a8        0xc modules/nrfxlib/nrf_802154/nrf_802154/driver/libnrf-802154-driver.a(nrf_802154_aes_ccm_acc_ecb.c.obj)
                0x00000000010088a8                nrf_802154_aes_ccm_transform_reset
 .text.nrf_802154_aes_ccm_transform_prepare
                0x00000000010088b4       0x84 modules/nrfxlib/nrf_802154/nrf_802154/driver/libnrf-802154-driver.a(nrf_802154_aes_ccm_acc_ecb.c.obj)
                0x00000000010088b4                nrf_802154_aes_ccm_transform_prepare
 .text.nrf_802154_aes_ccm_transform_start
                0x0000000001008938      0x130 modules/nrfxlib/nrf_802154/nrf_802154/driver/libnrf-802154-driver.a(nrf_802154_aes_ccm_acc_ecb.c.obj)
                0x0000000001008938                nrf_802154_aes_ccm_transform_start
 .text.nrf_802154_aes_ccm_transform_abort
                0x0000000001008a68       0x30 modules/nrfxlib/nrf_802154/nrf_802154/driver/libnrf-802154-driver.a(nrf_802154_aes_ccm_acc_ecb.c.obj)
                0x0000000001008a68                nrf_802154_aes_ccm_transform_abort
 .text.rx_buffer_is_available
                0x0000000001008a98       0x14 modules/nrfxlib/nrf_802154/nrf_802154/driver/libnrf-802154-driver.a(nrf_802154_core.c.obj)
 .text.rx_buffer_get
                0x0000000001008aac       0x14 modules/nrfxlib/nrf_802154/nrf_802154/driver/libnrf-802154-driver.a(nrf_802154_core.c.obj)
 .text.min_required_rsch_prio
                0x0000000001008ac0       0x38 modules/nrfxlib/nrf_802154/nrf_802154/driver/libnrf-802154-driver.a(nrf_802154_core.c.obj)
 .text.are_preconditions_met
                0x0000000001008af8       0x24 modules/nrfxlib/nrf_802154/nrf_802154/driver/libnrf-802154-driver.a(nrf_802154_core.c.obj)
 .text.update_total_times_on_receive_end
                0x0000000001008b1c       0x48 modules/nrfxlib/nrf_802154/nrf_802154/driver/libnrf-802154-driver.a(nrf_802154_core.c.obj)
 .text.sleep_init
                0x0000000001008b64       0x10 modules/nrfxlib/nrf_802154/nrf_802154/driver/libnrf-802154-driver.a(nrf_802154_core.c.obj)
 .text.receive_failed_notify
                0x0000000001008b74       0x20 modules/nrfxlib/nrf_802154/nrf_802154/driver/libnrf-802154-driver.a(nrf_802154_core.c.obj)
 .text.received_frame_notify_and_nesting_allow
                0x0000000001008b94       0x28 modules/nrfxlib/nrf_802154/nrf_802154/driver/libnrf-802154-driver.a(nrf_802154_core.c.obj)
 .text.state_set
                0x0000000001008bbc        0xc modules/nrfxlib/nrf_802154/nrf_802154/driver/libnrf-802154-driver.a(nrf_802154_core.c.obj)
 .text.transmit_failed_notify_and_nesting_allow
                0x0000000001008bc8       0x24 modules/nrfxlib/nrf_802154/nrf_802154/driver/libnrf-802154-driver.a(nrf_802154_core.c.obj)
 .text.rx_data_clear
                0x0000000001008bec       0x18 modules/nrfxlib/nrf_802154/nrf_802154/driver/libnrf-802154-driver.a(nrf_802154_core.c.obj)
 .text.tx_init  0x0000000001008c04       0x80 modules/nrfxlib/nrf_802154/nrf_802154/driver/libnrf-802154-driver.a(nrf_802154_core.c.obj)
 .text.critical_section_can_be_processed_now
                0x0000000001008c84       0x20 modules/nrfxlib/nrf_802154/nrf_802154/driver/libnrf-802154-driver.a(nrf_802154_core.c.obj)
 .text.on_rx_prestarted_timeout
                0x0000000001008ca4       0x54 modules/nrfxlib/nrf_802154/nrf_802154/driver/libnrf-802154-driver.a(nrf_802154_core.c.obj)
 .text.transmitted_frame_notify
                0x0000000001008cf8       0x5c modules/nrfxlib/nrf_802154/nrf_802154/driver/libnrf-802154-driver.a(nrf_802154_core.c.obj)
 .text.operation_terminated_update_total_times
                0x0000000001008d54       0x34 modules/nrfxlib/nrf_802154/nrf_802154/driver/libnrf-802154-driver.a(nrf_802154_core.c.obj)
 .text.rx_init  0x0000000001008d88       0x8c modules/nrfxlib/nrf_802154/nrf_802154/driver/libnrf-802154-driver.a(nrf_802154_core.c.obj)
 .text.on_bad_ack
                0x0000000001008e14       0x34 modules/nrfxlib/nrf_802154/nrf_802154/driver/libnrf-802154-driver.a(nrf_802154_core.c.obj)
 .text.cca_init
                0x0000000001008e48       0x24 modules/nrfxlib/nrf_802154/nrf_802154/driver/libnrf-802154-driver.a(nrf_802154_core.c.obj)
 .text.continuous_carrier_init
                0x0000000001008e6c       0x30 modules/nrfxlib/nrf_802154/nrf_802154/driver/libnrf-802154-driver.a(nrf_802154_core.c.obj)
 .text.modulated_carrier_init
                0x0000000001008e9c       0x30 modules/nrfxlib/nrf_802154/nrf_802154/driver/libnrf-802154-driver.a(nrf_802154_core.c.obj)
 .text.ed_init  0x0000000001008ecc       0x50 modules/nrfxlib/nrf_802154/nrf_802154/driver/libnrf-802154-driver.a(nrf_802154_core.c.obj)
 .text.on_preconditions_approved
                0x0000000001008f1c       0x60 modules/nrfxlib/nrf_802154/nrf_802154/driver/libnrf-802154-driver.a(nrf_802154_core.c.obj)
 .text.operation_terminated_notify
                0x0000000001008f7c       0xa8 modules/nrfxlib/nrf_802154/nrf_802154/driver/libnrf-802154-driver.a(nrf_802154_core.c.obj)
 .text.current_operation_terminate
                0x0000000001009024       0x90 modules/nrfxlib/nrf_802154/nrf_802154/driver/libnrf-802154-driver.a(nrf_802154_core.c.obj)
 .text.nrf_802154_rsch_crit_sect_prio_changed
                0x00000000010090b4      0x1d8 modules/nrfxlib/nrf_802154/nrf_802154/driver/libnrf-802154-driver.a(nrf_802154_core.c.obj)
                0x00000000010090b4                nrf_802154_rsch_crit_sect_prio_changed
 .text.nrf_802154_trx_receive_frame_prestarted
                0x000000000100928c       0x80 modules/nrfxlib/nrf_802154/nrf_802154/driver/libnrf-802154-driver.a(nrf_802154_core.c.obj)
                0x000000000100928c                nrf_802154_trx_receive_frame_prestarted
 .text.nrf_802154_trx_receive_frame_started
                0x000000000100930c       0x60 modules/nrfxlib/nrf_802154/nrf_802154/driver/libnrf-802154-driver.a(nrf_802154_core.c.obj)
                0x000000000100930c                nrf_802154_trx_receive_frame_started
 .text.nrf_802154_trx_receive_frame_bcmatched
                0x000000000100936c      0x16c modules/nrfxlib/nrf_802154/nrf_802154/driver/libnrf-802154-driver.a(nrf_802154_core.c.obj)
                0x000000000100936c                nrf_802154_trx_receive_frame_bcmatched
 .text.nrf_802154_trx_receive_frame_crcerror
                0x00000000010094d8       0x78 modules/nrfxlib/nrf_802154/nrf_802154/driver/libnrf-802154-driver.a(nrf_802154_core.c.obj)
                0x00000000010094d8                nrf_802154_trx_receive_frame_crcerror
 .text.nrf_802154_trx_receive_ack_crcerror
                0x0000000001009550       0x28 modules/nrfxlib/nrf_802154/nrf_802154/driver/libnrf-802154-driver.a(nrf_802154_core.c.obj)
                0x0000000001009550                nrf_802154_trx_receive_ack_crcerror
 .text.nrf_802154_trx_receive_frame_received
                0x0000000001009578      0x190 modules/nrfxlib/nrf_802154/nrf_802154/driver/libnrf-802154-driver.a(nrf_802154_core.c.obj)
                0x0000000001009578                nrf_802154_trx_receive_frame_received
 .text.nrf_802154_trx_transmit_frame_started
                0x0000000001009708       0x20 modules/nrfxlib/nrf_802154/nrf_802154/driver/libnrf-802154-driver.a(nrf_802154_core.c.obj)
                0x0000000001009708                nrf_802154_trx_transmit_frame_started
 .text.nrf_802154_trx_transmit_ack_started
                0x0000000001009728       0x18 modules/nrfxlib/nrf_802154/nrf_802154/driver/libnrf-802154-driver.a(nrf_802154_core.c.obj)
                0x0000000001009728                nrf_802154_trx_transmit_ack_started
 .text.nrf_802154_trx_transmit_ack_transmitted
                0x0000000001009740       0x50 modules/nrfxlib/nrf_802154/nrf_802154/driver/libnrf-802154-driver.a(nrf_802154_core.c.obj)
                0x0000000001009740                nrf_802154_trx_transmit_ack_transmitted
 .text.nrf_802154_trx_transmit_frame_transmitted
                0x0000000001009790      0x11c modules/nrfxlib/nrf_802154/nrf_802154/driver/libnrf-802154-driver.a(nrf_802154_core.c.obj)
                0x0000000001009790                nrf_802154_trx_transmit_frame_transmitted
 .text.nrf_802154_trx_receive_ack_received
                0x00000000010098ac      0x114 modules/nrfxlib/nrf_802154/nrf_802154/driver/libnrf-802154-driver.a(nrf_802154_core.c.obj)
                0x00000000010098ac                nrf_802154_trx_receive_ack_received
 .text.nrf_802154_trx_transmit_frame_ccaidle
                0x00000000010099c0       0x48 modules/nrfxlib/nrf_802154/nrf_802154/driver/libnrf-802154-driver.a(nrf_802154_core.c.obj)
                0x00000000010099c0                nrf_802154_trx_transmit_frame_ccaidle
 .text.nrf_802154_trx_transmit_frame_ccabusy
                0x0000000001009a08       0x68 modules/nrfxlib/nrf_802154/nrf_802154/driver/libnrf-802154-driver.a(nrf_802154_core.c.obj)
                0x0000000001009a08                nrf_802154_trx_transmit_frame_ccabusy
 .text.nrf_802154_trx_energy_detection_finished
                0x0000000001009a70       0x88 modules/nrfxlib/nrf_802154/nrf_802154/driver/libnrf-802154-driver.a(nrf_802154_core.c.obj)
                0x0000000001009a70                nrf_802154_trx_energy_detection_finished
 .text.nrf_802154_core_init
                0x0000000001009af8       0x34 modules/nrfxlib/nrf_802154/nrf_802154/driver/libnrf-802154-driver.a(nrf_802154_core.c.obj)
                0x0000000001009af8                nrf_802154_core_init
 .text.nrf_802154_core_sleep
                0x0000000001009b2c       0x58 modules/nrfxlib/nrf_802154/nrf_802154/driver/libnrf-802154-driver.a(nrf_802154_core.c.obj)
                0x0000000001009b2c                nrf_802154_core_sleep
 .text.nrf_802154_core_receive
                0x0000000001009b84       0x80 modules/nrfxlib/nrf_802154/nrf_802154/driver/libnrf-802154-driver.a(nrf_802154_core.c.obj)
                0x0000000001009b84                nrf_802154_core_receive
 .text.nrf_802154_core_transmit
                0x0000000001009c04       0xf4 modules/nrfxlib/nrf_802154/nrf_802154/driver/libnrf-802154-driver.a(nrf_802154_core.c.obj)
                0x0000000001009c04                nrf_802154_core_transmit
 .text.nrf_802154_core_energy_detection
                0x0000000001009cf8       0x48 modules/nrfxlib/nrf_802154/nrf_802154/driver/libnrf-802154-driver.a(nrf_802154_core.c.obj)
                0x0000000001009cf8                nrf_802154_core_energy_detection
 .text.nrf_802154_core_modulated_carrier
                0x0000000001009d40       0x38 modules/nrfxlib/nrf_802154/nrf_802154/driver/libnrf-802154-driver.a(nrf_802154_core.c.obj)
                0x0000000001009d40                nrf_802154_core_modulated_carrier
 .text.nrf_802154_core_notify_buffer_free
                0x0000000001009d78       0x38 modules/nrfxlib/nrf_802154/nrf_802154/driver/libnrf-802154-driver.a(nrf_802154_core.c.obj)
                0x0000000001009d78                nrf_802154_core_notify_buffer_free
 .text.nrf_802154_core_channel_update
                0x0000000001009db0       0x64 modules/nrfxlib/nrf_802154/nrf_802154/driver/libnrf-802154-driver.a(nrf_802154_core.c.obj)
                0x0000000001009db0                nrf_802154_core_channel_update
 .text.nrf_802154_core_cca_cfg_update
                0x0000000001009e14       0x20 modules/nrfxlib/nrf_802154/nrf_802154/driver/libnrf-802154-driver.a(nrf_802154_core.c.obj)
                0x0000000001009e14                nrf_802154_core_cca_cfg_update
 .text.nrf_802154_core_rssi_measure
                0x0000000001009e34       0x38 modules/nrfxlib/nrf_802154/nrf_802154/driver/libnrf-802154-driver.a(nrf_802154_core.c.obj)
                0x0000000001009e34                nrf_802154_core_rssi_measure
 .text.nrf_802154_core_last_rssi_measurement_get
                0x0000000001009e6c       0x44 modules/nrfxlib/nrf_802154/nrf_802154/driver/libnrf-802154-driver.a(nrf_802154_core.c.obj)
                0x0000000001009e6c                nrf_802154_core_last_rssi_measurement_get
 .text.nrf_802154_core_last_frame_rssi_get
                0x0000000001009eb0        0xc modules/nrfxlib/nrf_802154/nrf_802154/driver/libnrf-802154-driver.a(nrf_802154_core.c.obj)
                0x0000000001009eb0                nrf_802154_core_last_frame_rssi_get
 .text.nrf_802154_core_last_frame_lqi_get
                0x0000000001009ebc        0xc modules/nrfxlib/nrf_802154/nrf_802154/driver/libnrf-802154-driver.a(nrf_802154_core.c.obj)
                0x0000000001009ebc                nrf_802154_core_last_frame_lqi_get
 .text.nrf_802154_core_antenna_update
                0x0000000001009ec8       0x20 modules/nrfxlib/nrf_802154/nrf_802154/driver/libnrf-802154-driver.a(nrf_802154_core.c.obj)
                0x0000000001009ec8                nrf_802154_core_antenna_update
 .text.nrf_802154_core_hooks_terminate
                0x0000000001009ee8       0x28 modules/nrfxlib/nrf_802154/nrf_802154/driver/libnrf-802154-driver.a(nrf_802154_core_hooks.c.obj)
                0x0000000001009ee8                nrf_802154_core_hooks_terminate
 .text.nrf_802154_core_hooks_tx_setup
                0x0000000001009f10       0x30 modules/nrfxlib/nrf_802154/nrf_802154/driver/libnrf-802154-driver.a(nrf_802154_core_hooks.c.obj)
                0x0000000001009f10                nrf_802154_core_hooks_tx_setup
 .text.nrf_802154_core_hooks_tx_failed
                0x0000000001009f40       0x28 modules/nrfxlib/nrf_802154/nrf_802154/driver/libnrf-802154-driver.a(nrf_802154_core_hooks.c.obj)
                0x0000000001009f40                nrf_802154_core_hooks_tx_failed
 .text.nrf_802154_core_hooks_tx_started
                0x0000000001009f68       0x24 modules/nrfxlib/nrf_802154/nrf_802154/driver/libnrf-802154-driver.a(nrf_802154_core_hooks.c.obj)
                0x0000000001009f68                nrf_802154_core_hooks_tx_started
 .text.nrf_802154_critical_section_init
                0x0000000001009f8c       0x18 modules/nrfxlib/nrf_802154/nrf_802154/driver/libnrf-802154-driver.a(nrf_802154_critical_section.c.obj)
                0x0000000001009f8c                nrf_802154_critical_section_init
 .text.nrf_802154_critical_section_exit
                0x0000000001009fa4       0x44 modules/nrfxlib/nrf_802154/nrf_802154/driver/libnrf-802154-driver.a(nrf_802154_critical_section.c.obj)
                0x0000000001009fa4                nrf_802154_critical_section_exit
 .text.nrf_802154_critical_section_nesting_deny
                0x0000000001009fe8        0xc modules/nrfxlib/nrf_802154/nrf_802154/driver/libnrf-802154-driver.a(nrf_802154_critical_section.c.obj)
                0x0000000001009fe8                nrf_802154_critical_section_nesting_deny
 .text.nrf_802154_critical_section_active_vector_priority_get
                0x0000000001009ff4       0x1c modules/nrfxlib/nrf_802154/nrf_802154/driver/libnrf-802154-driver.a(nrf_802154_critical_section.c.obj)
                0x0000000001009ff4                nrf_802154_critical_section_active_vector_priority_get
 .text.critical_section_enter
                0x000000000100a010       0x60 modules/nrfxlib/nrf_802154/nrf_802154/driver/libnrf-802154-driver.a(nrf_802154_critical_section.c.obj)
 .text.nrf_802154_critical_section_nesting_allow
                0x000000000100a070       0x18 modules/nrfxlib/nrf_802154/nrf_802154/driver/libnrf-802154-driver.a(nrf_802154_critical_section.c.obj)
                0x000000000100a070                nrf_802154_critical_section_nesting_allow
 .text.nrf_802154_pib_init
                0x000000000100a088       0x54 modules/nrfxlib/nrf_802154/nrf_802154/driver/libnrf-802154-driver.a(nrf_802154_pib.c.obj)
                0x000000000100a088                nrf_802154_pib_init
 .text.nrf_802154_pib_promiscuous_get
                0x000000000100a0dc       0x10 modules/nrfxlib/nrf_802154/nrf_802154/driver/libnrf-802154-driver.a(nrf_802154_pib.c.obj)
                0x000000000100a0dc                nrf_802154_pib_promiscuous_get
 .text.nrf_802154_pib_promiscuous_set
                0x000000000100a0ec       0x10 modules/nrfxlib/nrf_802154/nrf_802154/driver/libnrf-802154-driver.a(nrf_802154_pib.c.obj)
                0x000000000100a0ec                nrf_802154_pib_promiscuous_set
 .text.nrf_802154_pib_auto_ack_get
                0x000000000100a0fc       0x10 modules/nrfxlib/nrf_802154/nrf_802154/driver/libnrf-802154-driver.a(nrf_802154_pib.c.obj)
                0x000000000100a0fc                nrf_802154_pib_auto_ack_get
 .text.nrf_802154_pib_pan_coord_get
                0x000000000100a10c       0x10 modules/nrfxlib/nrf_802154/nrf_802154/driver/libnrf-802154-driver.a(nrf_802154_pib.c.obj)
                0x000000000100a10c                nrf_802154_pib_pan_coord_get
 .text.nrf_802154_pib_pan_coord_set
                0x000000000100a11c       0x10 modules/nrfxlib/nrf_802154/nrf_802154/driver/libnrf-802154-driver.a(nrf_802154_pib.c.obj)
                0x000000000100a11c                nrf_802154_pib_pan_coord_set
 .text.nrf_802154_pib_channel_get
                0x000000000100a12c        0xc modules/nrfxlib/nrf_802154/nrf_802154/driver/libnrf-802154-driver.a(nrf_802154_pib.c.obj)
                0x000000000100a12c                nrf_802154_pib_channel_get
 .text.nrf_802154_pib_channel_set
                0x000000000100a138       0x10 modules/nrfxlib/nrf_802154/nrf_802154/driver/libnrf-802154-driver.a(nrf_802154_pib.c.obj)
                0x000000000100a138                nrf_802154_pib_channel_set
 .text.nrf_802154_pib_tx_power_get
                0x000000000100a148        0xc modules/nrfxlib/nrf_802154/nrf_802154/driver/libnrf-802154-driver.a(nrf_802154_pib.c.obj)
                0x000000000100a148                nrf_802154_pib_tx_power_get
 .text.nrf_802154_pib_tx_power_set
                0x000000000100a154        0xc modules/nrfxlib/nrf_802154/nrf_802154/driver/libnrf-802154-driver.a(nrf_802154_pib.c.obj)
                0x000000000100a154                nrf_802154_pib_tx_power_set
 .text.nrf_802154_pib_pan_id_get
                0x000000000100a160        0x8 modules/nrfxlib/nrf_802154/nrf_802154/driver/libnrf-802154-driver.a(nrf_802154_pib.c.obj)
                0x000000000100a160                nrf_802154_pib_pan_id_get
 .text.nrf_802154_pib_pan_id_set
                0x000000000100a168       0x10 modules/nrfxlib/nrf_802154/nrf_802154/driver/libnrf-802154-driver.a(nrf_802154_pib.c.obj)
                0x000000000100a168                nrf_802154_pib_pan_id_set
 .text.nrf_802154_pib_extended_address_get
                0x000000000100a178        0x8 modules/nrfxlib/nrf_802154/nrf_802154/driver/libnrf-802154-driver.a(nrf_802154_pib.c.obj)
                0x000000000100a178                nrf_802154_pib_extended_address_get
 .text.nrf_802154_pib_extended_address_set
                0x000000000100a180       0x10 modules/nrfxlib/nrf_802154/nrf_802154/driver/libnrf-802154-driver.a(nrf_802154_pib.c.obj)
                0x000000000100a180                nrf_802154_pib_extended_address_set
 .text.nrf_802154_pib_short_address_get
                0x000000000100a190        0x8 modules/nrfxlib/nrf_802154/nrf_802154/driver/libnrf-802154-driver.a(nrf_802154_pib.c.obj)
                0x000000000100a190                nrf_802154_pib_short_address_get